Archive member included to satisfy reference by file (symbol)

C:/ST/STM32CubeIDE_1.13.2/STM32CubeIDE/plugins/com.st.stm32cube.ide.mcu.externaltools.gnu-tools-for-stm32.11.3.rel1.win32_1.1.100.202309141235/tools/bin/../lib/gcc/arm-none-eabi/11.3.1/../../../../arm-none-eabi/lib/thumb/v7e-m+fp/hard\libc_nano.a(libc_a-exit.o)
                              C:/ST/STM32CubeIDE_1.13.2/STM32CubeIDE/plugins/com.st.stm32cube.ide.mcu.externaltools.gnu-tools-for-stm32.11.3.rel1.win32_1.1.100.202309141235/tools/bin/../lib/gcc/arm-none-eabi/11.3.1/../../../../arm-none-eabi/lib/thumb/v7e-m+fp/hard/crt0.o (exit)
C:/ST/STM32CubeIDE_1.13.2/STM32CubeIDE/plugins/com.st.stm32cube.ide.mcu.externaltools.gnu-tools-for-stm32.11.3.rel1.win32_1.1.100.202309141235/tools/bin/../lib/gcc/arm-none-eabi/11.3.1/../../../../arm-none-eabi/lib/thumb/v7e-m+fp/hard\libc_nano.a(libc_a-findfp.o)
                              C:/ST/STM32CubeIDE_1.13.2/STM32CubeIDE/plugins/com.st.stm32cube.ide.mcu.externaltools.gnu-tools-for-stm32.11.3.rel1.win32_1.1.100.202309141235/tools/bin/../lib/gcc/arm-none-eabi/11.3.1/../../../../arm-none-eabi/lib/thumb/v7e-m+fp/hard\libc_nano.a(libc_a-exit.o) (__stdio_exit_handler)
C:/ST/STM32CubeIDE_1.13.2/STM32CubeIDE/plugins/com.st.stm32cube.ide.mcu.externaltools.gnu-tools-for-stm32.11.3.rel1.win32_1.1.100.202309141235/tools/bin/../lib/gcc/arm-none-eabi/11.3.1/../../../../arm-none-eabi/lib/thumb/v7e-m+fp/hard\libc_nano.a(libc_a-fwalk.o)
                              C:/ST/STM32CubeIDE_1.13.2/STM32CubeIDE/plugins/com.st.stm32cube.ide.mcu.externaltools.gnu-tools-for-stm32.11.3.rel1.win32_1.1.100.202309141235/tools/bin/../lib/gcc/arm-none-eabi/11.3.1/../../../../arm-none-eabi/lib/thumb/v7e-m+fp/hard\libc_nano.a(libc_a-findfp.o) (_fwalk_sglue)
C:/ST/STM32CubeIDE_1.13.2/STM32CubeIDE/plugins/com.st.stm32cube.ide.mcu.externaltools.gnu-tools-for-stm32.11.3.rel1.win32_1.1.100.202309141235/tools/bin/../lib/gcc/arm-none-eabi/11.3.1/../../../../arm-none-eabi/lib/thumb/v7e-m+fp/hard\libc_nano.a(libc_a-sprintf.o)
                              ./Core/Src/uart.o (sprintf)
C:/ST/STM32CubeIDE_1.13.2/STM32CubeIDE/plugins/com.st.stm32cube.ide.mcu.externaltools.gnu-tools-for-stm32.11.3.rel1.win32_1.1.100.202309141235/tools/bin/../lib/gcc/arm-none-eabi/11.3.1/../../../../arm-none-eabi/lib/thumb/v7e-m+fp/hard\libc_nano.a(libc_a-stdio.o)
                              C:/ST/STM32CubeIDE_1.13.2/STM32CubeIDE/plugins/com.st.stm32cube.ide.mcu.externaltools.gnu-tools-for-stm32.11.3.rel1.win32_1.1.100.202309141235/tools/bin/../lib/gcc/arm-none-eabi/11.3.1/../../../../arm-none-eabi/lib/thumb/v7e-m+fp/hard\libc_nano.a(libc_a-findfp.o) (__sread)
C:/ST/STM32CubeIDE_1.13.2/STM32CubeIDE/plugins/com.st.stm32cube.ide.mcu.externaltools.gnu-tools-for-stm32.11.3.rel1.win32_1.1.100.202309141235/tools/bin/../lib/gcc/arm-none-eabi/11.3.1/../../../../arm-none-eabi/lib/thumb/v7e-m+fp/hard\libc_nano.a(libc_a-memset.o)
                              C:/ST/STM32CubeIDE_1.13.2/STM32CubeIDE/plugins/com.st.stm32cube.ide.mcu.externaltools.gnu-tools-for-stm32.11.3.rel1.win32_1.1.100.202309141235/tools/bin/../lib/gcc/arm-none-eabi/11.3.1/../../../../arm-none-eabi/lib/thumb/v7e-m+fp/hard/crt0.o (memset)
C:/ST/STM32CubeIDE_1.13.2/STM32CubeIDE/plugins/com.st.stm32cube.ide.mcu.externaltools.gnu-tools-for-stm32.11.3.rel1.win32_1.1.100.202309141235/tools/bin/../lib/gcc/arm-none-eabi/11.3.1/../../../../arm-none-eabi/lib/thumb/v7e-m+fp/hard\libc_nano.a(libc_a-closer.o)
                              C:/ST/STM32CubeIDE_1.13.2/STM32CubeIDE/plugins/com.st.stm32cube.ide.mcu.externaltools.gnu-tools-for-stm32.11.3.rel1.win32_1.1.100.202309141235/tools/bin/../lib/gcc/arm-none-eabi/11.3.1/../../../../arm-none-eabi/lib/thumb/v7e-m+fp/hard\libc_nano.a(libc_a-stdio.o) (_close_r)
C:/ST/STM32CubeIDE_1.13.2/STM32CubeIDE/plugins/com.st.stm32cube.ide.mcu.externaltools.gnu-tools-for-stm32.11.3.rel1.win32_1.1.100.202309141235/tools/bin/../lib/gcc/arm-none-eabi/11.3.1/../../../../arm-none-eabi/lib/thumb/v7e-m+fp/hard\libc_nano.a(libc_a-reent.o)
                              C:/ST/STM32CubeIDE_1.13.2/STM32CubeIDE/plugins/com.st.stm32cube.ide.mcu.externaltools.gnu-tools-for-stm32.11.3.rel1.win32_1.1.100.202309141235/tools/bin/../lib/gcc/arm-none-eabi/11.3.1/../../../../arm-none-eabi/lib/thumb/v7e-m+fp/hard\libc_nano.a(libc_a-closer.o) (errno)
C:/ST/STM32CubeIDE_1.13.2/STM32CubeIDE/plugins/com.st.stm32cube.ide.mcu.externaltools.gnu-tools-for-stm32.11.3.rel1.win32_1.1.100.202309141235/tools/bin/../lib/gcc/arm-none-eabi/11.3.1/../../../../arm-none-eabi/lib/thumb/v7e-m+fp/hard\libc_nano.a(libc_a-impure.o)
                              C:/ST/STM32CubeIDE_1.13.2/STM32CubeIDE/plugins/com.st.stm32cube.ide.mcu.externaltools.gnu-tools-for-stm32.11.3.rel1.win32_1.1.100.202309141235/tools/bin/../lib/gcc/arm-none-eabi/11.3.1/../../../../arm-none-eabi/lib/thumb/v7e-m+fp/hard\libc_nano.a(libc_a-sprintf.o) (_impure_ptr)
[...]
Memory Configuration

Name             Origin             Length             Attributes
CCMRAM           0x0000000010000000 0x0000000000010000 xrw
RAM              0x0000000020000000 0x0000000000020000 xrw
FLASH            0x0000000008000000 0x0000000000100000 xr
*default*        0x0000000000000000 0xffffffffffffffff

Linker script and memory map

LOAD C:/ST/STM32CubeIDE_1.13.2/STM32CubeIDE/plugins/com.st.stm32cube.ide.mcu.externaltools.gnu-tools-for-stm32.11.3.rel1.win32_1.1.100.202309141235/tools/bin/../lib/gcc/arm-none-eabi/11.3.1/thumb/v7e-m+fp/hard/crti.o
LOAD C:/ST/STM32CubeIDE_1.13.2/STM32CubeIDE/plugins/com.st.stm32cube.ide.mcu.externaltools.gnu-tools-for-stm32.11.3.rel1.win32_1.1.100.202309141235/tools/bin/../lib/gcc/arm-none-eabi/11.3.1/thumb/v7e-m+fp/hard/crtbegin.o
LOAD C:/ST/STM32CubeIDE_1.13.2/STM32CubeIDE/plugins/com.st.stm32cube.ide.mcu.externaltools.gnu-tools-for-stm32.11.3.rel1.win32_1.1.100.202309141235/tools/bin/../lib/gcc/arm-none-eabi/11.3.1/../../../../arm-none-eabi/lib/thumb/v7e-m+fp/hard/crt0.o
LOAD ./Core/Src/button.o
LOAD ./Core/Src/ds3231.o
LOAD ./Core/Src/fsmc.o
LOAD ./Core/Src/gpio.o
LOAD ./Core/Src/i2c.o
LOAD ./Core/Src/lcd.o
LOAD ./Core/Src/led_7seg.o
LOAD ./Core/Src/main.o
LOAD ./Core/Src/picture.o
LOAD ./Core/Src/software_timer.o
LOAD ./Core/Src/spi.o
LOAD ./Core/Src/stm32f4xx_hal_msp.o
LOAD ./Core/Src/stm32f4xx_it.o
LOAD ./Core/Src/syscalls.o
LOAD ./Core/Src/sysmem.o
LOAD ./Core/Src/system_stm32f4xx.o
LOAD ./Core/Src/tim.o
LOAD ./Core/Src/timer.o
LOAD ./Core/Src/traffic.o
LOAD ./Core/Src/uart.o
LOAD ./Core/Src/usart.o
LOAD ./Core/Src/utils.o
LOAD ./Core/Startup/startup_stm32f407zetx.o
LOAD ./Core/Startup/startup_stm32f407zgtx.o
LOAD ./Drivers/STM32F4xx_HAL_Driver/Src/stm32f4xx_hal.o
LOAD ./Drivers/STM32F4xx_HAL_Driver/Src/stm32f4xx_hal_cortex.o
LOAD ./Drivers/STM32F4xx_HAL_Driver/Src/stm32f4xx_hal_dma.o
LOAD ./Drivers/STM32F4xx_HAL_Driver/Src/stm32f4xx_hal_dma_ex.o
LOAD ./Drivers/STM32F4xx_HAL_Driver/Src/stm32f4xx_hal_exti.o
LOAD ./Drivers/STM32F4xx_HAL_Driver/Src/stm32f4xx_hal_flash.o
LOAD ./Drivers/STM32F4xx_HAL_Driver/Src/stm32f4xx_hal_flash_ex.o
LOAD ./Drivers/STM32F4xx_HAL_Driver/Src/stm32f4xx_hal_flash_ramfunc.o
LOAD ./Drivers/STM32F4xx_HAL_Driver/Src/stm32f4xx_hal_gpio.o
LOAD ./Drivers/STM32F4xx_HAL_Driver/Src/stm32f4xx_hal_i2c.o
LOAD ./Drivers/STM32F4xx_HAL_Driver/Src/stm32f4xx_hal_i2c_ex.o
LOAD ./Drivers/STM32F4xx_HAL_Driver/Src/stm32f4xx_hal_pwr.o
LOAD ./Drivers/STM32F4xx_HAL_Driver/Src/stm32f4xx_hal_pwr_ex.o
LOAD ./Drivers/STM32F4xx_HAL_Driver/Src/stm32f4xx_hal_rcc.o
LOAD ./Drivers/STM32F4xx_HAL_Driver/Src/stm32f4xx_hal_rcc_ex.o
LOAD ./Drivers/STM32F4xx_HAL_Driver/Src/stm32f4xx_hal_spi.o
LOAD ./Drivers/STM32F4xx_HAL_Driver/Src/stm32f4xx_hal_sram.o
LOAD ./Drivers/STM32F4xx_HAL_Driver/Src/stm32f4xx_hal_tim.o
LOAD ./Drivers/STM32F4xx_HAL_Driver/Src/stm32f4xx_hal_tim_ex.o
LOAD ./Drivers/STM32F4xx_HAL_Driver/Src/stm32f4xx_hal_uart.o
LOAD ./Drivers/STM32F4xx_HAL_Driver/Src/stm32f4xx_ll_fsmc.o
START GROUP
LOAD C:/ST/STM32CubeIDE_1.13.2/STM32CubeIDE/plugins/com.st.stm32cube.ide.mcu.externaltools.gnu-tools-for-stm32.11.3.rel1.win32_1.1.100.202309141235/tools/bin/../lib/gcc/arm-none-eabi/11.3.1/../../../../arm-none-eabi/lib/thumb/v7e-m+fp/hard\libc_nano.a
LOAD C:/ST/STM32CubeIDE_1.13.2/STM32CubeIDE/plugins/com.st.stm32cube.ide.mcu.externaltools.gnu-tools-for-stm32.11.3.rel1.win32_1.1.100.202309141235/tools/bin/../lib/gcc/arm-none-eabi/11.3.1/../../../../arm-none-eabi/lib/thumb/v7e-m+fp/hard\libm.a
END GROUP
START GROUP
LOAD C:/ST/STM32CubeIDE_1.13.2/STM32CubeIDE/plugins/com.st.stm32cube.ide.mcu.externaltools.gnu-tools-for-stm32.11.3.rel1.win32_1.1.100.202309141235/tools/bin/../lib/gcc/arm-none-eabi/11.3.1/thumb/v7e-m+fp/hard\libgcc.a
LOAD C:/ST/STM32CubeIDE_1.13.2/STM32CubeIDE/plugins/com.st.stm32cube.ide.mcu.externaltools.gnu-tools-for-stm32.11.3.rel1.win32_1.1.100.202309141235/tools/bin/../lib/gcc/arm-none-eabi/11.3.1/../../../../arm-none-eabi/lib/thumb/v7e-m+fp/hard\libc_nano.a
END GROUP
START GROUP
LOAD C:/ST/STM32CubeIDE_1.13.2/STM32CubeIDE/plugins/com.st.stm32cube.ide.mcu.externaltools.gnu-tools-for-stm32.11.3.rel1.win32_1.1.100.202309141235/tools/bin/../lib/gcc/arm-none-eabi/11.3.1/thumb/v7e-m+fp/hard\libgcc.a
LOAD C:/ST/STM32CubeIDE_1.13.2/STM32CubeIDE/plugins/com.st.stm32cube.ide.mcu.externaltools.gnu-tools-for-stm32.11.3.rel1.win32_1.1.100.202309141235/tools/bin/../lib/gcc/arm-none-eabi/11.3.1/../../../../arm-none-eabi/lib/thumb/v7e-m+fp/hard\libc_nano.a
LOAD C:/ST/STM32CubeIDE_1.13.2/STM32CubeIDE/plugins/com.st.stm32cube.ide.mcu.externaltools.gnu-tools-for-stm32.11.3.rel1.win32_1.1.100.202309141235/tools/bin/../lib/gcc/arm-none-eabi/11.3.1/../../../../arm-none-eabi/lib/thumb/v7e-m+fp/hard\libnosys.a
END GROUP
START GROUP
LOAD C:/ST/STM32CubeIDE_1.13.2/STM32CubeIDE/plugins/com.st.stm32cube.ide.mcu.externaltools.gnu-tools-for-stm32.11.3.rel1.win32_1.1.100.202309141235/tools/bin/../lib/gcc/arm-none-eabi/11.3.1/thumb/v7e-m+fp/hard\libgcc.a
LOAD C:/ST/STM32CubeIDE_1.13.2/STM32CubeIDE/plugins/com.st.stm32cube.ide.mcu.externaltools.gnu-tools-for-stm32.11.3.rel1.win32_1.1.100.202309141235/tools/bin/../lib/gcc/arm-none-eabi/11.3.1/../../../../arm-none-eabi/lib/thumb/v7e-m+fp/hard\libc_nano.a
LOAD C:/ST/STM32CubeIDE_1.13.2/STM32CubeIDE/plugins/com.st.stm32cube.ide.mcu.externaltools.gnu-tools-for-stm32.11.3.rel1.win32_1.1.100.202309141235/tools/bin/../lib/gcc/arm-none-eabi/11.3.1/../../../../arm-none-eabi/lib/thumb/v7e-m+fp/hard\libnosys.a
END GROUP
LOAD C:/ST/STM32CubeIDE_1.13.2/STM32CubeIDE/plugins/com.st.stm32cube.ide.mcu.externaltools.gnu-tools-for-stm32.11.3.rel1.win32_1.1.100.202309141235/tools/bin/../lib/gcc/arm-none-eabi/11.3.1/thumb/v7e-m+fp/hard/crtend.o
LOAD C:/ST/STM32CubeIDE_1.13.2/STM32CubeIDE/plugins/com.st.stm32cube.ide.mcu.externaltools.gnu-tools-for-stm32.11.3.rel1.win32_1.1.100.202309141235/tools/bin/../lib/gcc/arm-none-eabi/11.3.1/thumb/v7e-m+fp/hard/crtn.o
                0x0000000020020000                _estack = (ORIGIN (RAM) + LENGTH (RAM))
                0x0000000000000200                _Min_Heap_Size = 0x200
                0x0000000000000400                _Min_Stack_Size = 0x400

.isr_vector     0x0000000008000000      0x310
                0x0000000008000000                . = ALIGN (0x4)
 *(.isr_vector)
 .isr_vector    0x0000000008000000      0x188 ./Core/Startup/startup_stm32f407zetx.o
                0x0000000008000000                g_pfnVectors
 .isr_vector    0x0000000008000188      0x188 ./Core/Startup/startup_stm32f407zgtx.o
                0x0000000008000310                . = ALIGN (0x4)

.text           0x0000000008000310     0x656c
                0x0000000008000310                . = ALIGN (0x4)
 *(.text)
 .text          0x0000000008000310       0x40 C:/ST/STM32CubeIDE_1.13.2/STM32CubeIDE/plugins/com.st.stm32cube.ide.mcu.externaltools.gnu-tools-for-stm32.11.3.rel1.win32_1.1.100.202309141235/tools/bin/../lib/gcc/arm-none-eabi/11.3.1/thumb/v7e-m+fp/hard/crtbegin.o
 .text          0x0000000008000350       0xa0 C:/ST/STM32CubeIDE_1.13.2/STM32CubeIDE/plugins/com.st.stm32cube.ide.mcu.externaltools.gnu-tools-for-stm32.11.3.rel1.win32_1.1.100.202309141235/tools/bin/../lib/gcc/arm-none-eabi/11.3.1/../../../../arm-none-eabi/lib/thumb/v7e-m+fp/hard\libc_nano.a(libc_a-memchr.o)
                0x0000000008000350                memchr
 .text          0x00000000080003f0       0x30 C:/ST/STM32CubeIDE_1.13.2/STM32CubeIDE/plugins/com.st.stm32cube.ide.mcu.externaltools.gnu-tools-for-stm32.11.3.rel1.win32_1.1.100.202309141235/tools/bin/../lib/gcc/arm-none-eabi/11.3.1/thumb/v7e-m+fp/hard\libgcc.a(_aeabi_uldivmod.o)
                0x00000000080003f0                __aeabi_uldivmod
 .text          0x0000000008000420      0x2c8 C:/ST/STM32CubeIDE_1.13.2/STM32CubeIDE/plugins/com.st.stm32cube.ide.mcu.externaltools.gnu-tools-for-stm32.11.3.rel1.win32_1.1.100.202309141235/tools/bin/../lib/gcc/arm-none-eabi/11.3.1/thumb/v7e-m+fp/hard\libgcc.a(_udivmoddi4.o)
                0x0000000008000420                __udivmoddi4
 .text          0x00000000080006e8        0x4 C:/ST/STM32CubeIDE_1.13.2/STM32CubeIDE/plugins/com.st.stm32cube.ide.mcu.externaltools.gnu-tools-for-stm32.11.3.rel1.win32_1.1.100.202309141235/tools/bin/../lib/gcc/arm-none-eabi/11.3.1/thumb/v7e-m+fp/hard\libgcc.a(_dvmd_tls.o)
                0x00000000080006e8                __aeabi_idiv0
                0x00000000080006e8                __aeabi_ldiv0
 *(.text*)
 .text.button_init
                0x00000000080006ec       0x18 ./Core/Src/button.o
                0x00000000080006ec                button_init
 .text.button_Scan
                0x0000000008000704       0xd8 ./Core/Src/button.o
                0x0000000008000704                button_Scan
 .text.ds3231_ReadTime
                0x00000000080007dc       0xc8 ./Core/Src/ds3231.o
                0x00000000080007dc                ds3231_ReadTime
 .text.MX_FSMC_Init
                0x00000000080008a4       0xf4 ./Core/Src/fsmc.o
                0x00000000080008a4                MX_FSMC_Init
 .text.HAL_FSMC_MspInit
                0x0000000008000998       0x98 ./Core/Src/fsmc.o
 .text.HAL_SRAM_MspInit
                0x0000000008000a30       0x14 ./Core/Src/fsmc.o
                0x0000000008000a30                HAL_SRAM_MspInit
 .text.MX_GPIO_Init
                0x0000000008000a44      0x1f0 ./Core/Src/gpio.o
                0x0000000008000a44                MX_GPIO_Init
 .text.MX_I2C1_Init
                0x0000000008000c34       0x5c ./Core/Src/i2c.o
                0x0000000008000c34                MX_I2C1_Init
 .text.HAL_I2C_MspInit
                0x0000000008000c90       0x90 ./Core/Src/i2c.o
                0x0000000008000c90                HAL_I2C_MspInit
 .text.LCD_WR_REG
                0x0000000008000d20       0x20 ./Core/Src/lcd.o
                0x0000000008000d20                LCD_WR_REG
 .text.LCD_WR_DATA
                0x0000000008000d40       0x20 ./Core/Src/lcd.o
                0x0000000008000d40                LCD_WR_DATA
 .text.LCD_RD_DATA
                0x0000000008000d60       0x24 ./Core/Src/lcd.o
                0x0000000008000d60                LCD_RD_DATA
 .text.mypow    0x0000000008000d84       0x38 ./Core/Src/lcd.o
                0x0000000008000d84                mypow
 .text.lcd_SetDir
                0x0000000008000dbc       0x48 ./Core/Src/lcd.o
                0x0000000008000dbc                lcd_SetDir
 .text.lcd_init
                0x0000000008000e04      0x2c0 ./Core/Src/lcd.o
                0x0000000008000e04                lcd_init
 .text.led7_init
                0x00000000080010c4       0x18 ./Core/Src/led_7seg.o
                0x00000000080010c4                led7_init
 .text.led7_Scan
                0x00000000080010dc      0x118 ./Core/Src/led_7seg.o
                0x00000000080010dc                led7_Scan
 .text.main     0x00000000080011f4       0x50 ./Core/Src/main.o
                0x00000000080011f4                main
 .text.SystemClock_Config
                0x0000000008001244       0xd4 ./Core/Src/main.o
                0x0000000008001244                SystemClock_Config
 .text.system_init
                0x0000000008001318       0x44 ./Core/Src/main.o
                0x0000000008001318                system_init
 .text.test_LedDebug
                0x000000000800135c       0x48 ./Core/Src/main.o
                0x000000000800135c                test_LedDebug
 .text.test_Uart
                0x00000000080013a4       0x58 ./Core/Src/main.o
                0x00000000080013a4                test_Uart
 .text.Error_Handler
                0x00000000080013fc        0xa ./Core/Src/main.o
                0x00000000080013fc                Error_Handler
 *fill*         0x0000000008001406        0x2 
 .text.timer_init
                0x0000000008001408       0x14 ./Core/Src/software_timer.o
                0x0000000008001408                timer_init
 .text.setTimer2
                0x000000000800141c       0x38 ./Core/Src/software_timer.o
                0x000000000800141c                setTimer2
 .text.HAL_TIM_PeriodElapsedCallback
                0x0000000008001454       0x54 ./Core/Src/software_timer.o
                0x0000000008001454                HAL_TIM_PeriodElapsedCallback
 .text.MX_SPI1_Init
                0x00000000080014a8       0x6c ./Core/Src/spi.o
                0x00000000080014a8                MX_SPI1_Init
 .text.HAL_SPI_MspInit
                0x0000000008001514       0x90 ./Core/Src/spi.o
                0x0000000008001514                HAL_SPI_MspInit
 .text.HAL_MspInit
                0x00000000080015a4       0x50 ./Core/Src/stm32f4xx_hal_msp.o
                0x00000000080015a4                HAL_MspInit
 .text.NMI_Handler
                0x00000000080015f4        0x6 ./Core/Src/stm32f4xx_it.o
                0x00000000080015f4                NMI_Handler
 .text.HardFault_Handler
                0x00000000080015fa        0x6 ./Core/Src/stm32f4xx_it.o
                0x00000000080015fa                HardFault_Handler
 .text.MemManage_Handler
                0x0000000008001600        0x6 ./Core/Src/stm32f4xx_it.o
                0x0000000008001600                MemManage_Handler
 .text.BusFault_Handler
                0x0000000008001606        0x6 ./Core/Src/stm32f4xx_it.o
                0x0000000008001606                BusFault_Handler
 .text.UsageFault_Handler
                0x000000000800160c        0x6 ./Core/Src/stm32f4xx_it.o
                0x000000000800160c                UsageFault_Handler
 .text.SVC_Handler
                0x0000000008001612        0xe ./Core/Src/stm32f4xx_it.o
                0x0000000008001612                SVC_Handler
 .text.DebugMon_Handler
                0x0000000008001620        0xe ./Core/Src/stm32f4xx_it.o
                0x0000000008001620                DebugMon_Handler
 .text.PendSV_Handler
                0x000000000800162e        0xe ./Core/Src/stm32f4xx_it.o
                0x000000000800162e                PendSV_Handler
 .text.SysTick_Handler
                0x000000000800163c        0xc ./Core/Src/stm32f4xx_it.o
                0x000000000800163c                SysTick_Handler
 .text.TIM2_IRQHandler
                0x0000000008001648       0x14 ./Core/Src/stm32f4xx_it.o
                0x0000000008001648                TIM2_IRQHandler
 .text.USART1_IRQHandler
                0x000000000800165c       0x14 ./Core/Src/stm32f4xx_it.o
                0x000000000800165c                USART1_IRQHandler
 .text._sbrk    0x0000000008001670       0x6c ./Core/Src/sysmem.o
                0x0000000008001670                _sbrk
 .text.SystemInit
                0x00000000080016dc       0x24 ./Core/Src/system_stm32f4xx.o
                0x00000000080016dc                SystemInit
 .text.MX_TIM2_Init
                0x0000000008001700       0x98 ./Core/Src/tim.o
                0x0000000008001700                MX_TIM2_Init
 .text.HAL_TIM_Base_MspInit
                0x0000000008001798       0x4c ./Core/Src/tim.o
                0x0000000008001798                HAL_TIM_Base_MspInit
 .text.uart_init_rs232
                0x00000000080017e4       0x1c ./Core/Src/uart.o
                0x00000000080017e4                uart_init_rs232
 .text.uart_Rs232SendString
                0x0000000008001800       0x34 ./Core/Src/uart.o
                0x0000000008001800                uart_Rs232SendString
 .text.uart_Rs232SendNum
                0x0000000008001834       0xac ./Core/Src/uart.o
                0x0000000008001834                uart_Rs232SendNum
 .text.HAL_UART_RxCpltCallback
                0x00000000080018e0       0x3c ./Core/Src/uart.o
                0x00000000080018e0                HAL_UART_RxCpltCallback
 .text.MX_USART1_UART_Init
                0x000000000800191c       0x54 ./Core/Src/usart.o
                0x000000000800191c                MX_USART1_UART_Init
 .text.HAL_UART_MspInit
                0x0000000008001970       0xa0 ./Core/Src/usart.o
                0x0000000008001970                HAL_UART_MspInit
 .text.BCD2DEC  0x0000000008001a10       0x32 ./Core/Src/utils.o
                0x0000000008001a10                BCD2DEC
 *fill*         0x0000000008001a42        0x2 
 .text.Reset_Handler
                0x0000000008001a44       0x50 ./Core/Startup/startup_stm32f407zetx.o
                0x0000000008001a44                Reset_Handler
 .text.Default_Handler
                0x0000000008001a94        0x2 ./Core/Startup/startup_stm32f407zetx.o
                0x0000000008001a94                RTC_Alarm_IRQHandler
                0x0000000008001a94                HASH_RNG_IRQHandler
                0x0000000008001a94                EXTI2_IRQHandler
                0x0000000008001a94                TIM8_CC_IRQHandler
                0x0000000008001a94                TIM1_CC_IRQHandler
                0x0000000008001a94                DMA2_Stream5_IRQHandler
                0x0000000008001a94                DMA1_Stream5_IRQHandler
                0x0000000008001a94                PVD_IRQHandler
                0x0000000008001a94                SDIO_IRQHandler
                0x0000000008001a94                TAMP_STAMP_IRQHandler
                0x0000000008001a94                CAN2_RX1_IRQHandler
                0x0000000008001a94                EXTI3_IRQHandler
                0x0000000008001a94                TIM8_TRG_COM_TIM14_IRQHandler
                0x0000000008001a94                TIM1_UP_TIM10_IRQHandler
                0x0000000008001a94                TIM8_UP_TIM13_IRQHandler
                0x0000000008001a94                I2C3_ER_IRQHandler
                0x0000000008001a94                EXTI0_IRQHandler
                0x0000000008001a94                I2C2_EV_IRQHandler
                0x0000000008001a94                DMA1_Stream2_IRQHandler
                0x0000000008001a94                CAN1_RX0_IRQHandler
                0x0000000008001a94                FPU_IRQHandler
                0x0000000008001a94                OTG_HS_WKUP_IRQHandler
                0x0000000008001a94                CAN2_SCE_IRQHandler
                0x0000000008001a94                DMA2_Stream2_IRQHandler
                0x0000000008001a94                SPI1_IRQHandler
                0x0000000008001a94                TIM6_DAC_IRQHandler
                0x0000000008001a94                TIM1_BRK_TIM9_IRQHandler
                0x0000000008001a94                DCMI_IRQHandler
                0x0000000008001a94                CAN2_RX0_IRQHandler
                0x0000000008001a94                DMA2_Stream3_IRQHandler
                0x0000000008001a94                USART6_IRQHandler
                0x0000000008001a94                USART3_IRQHandler
                0x0000000008001a94                CAN1_RX1_IRQHandler
                0x0000000008001a94                UART5_IRQHandler
                0x0000000008001a94                DMA2_Stream0_IRQHandler
                0x0000000008001a94                TIM4_IRQHandler
                0x0000000008001a94                I2C1_EV_IRQHandler
                0x0000000008001a94                DMA1_Stream6_IRQHandler
                0x0000000008001a94                DMA1_Stream1_IRQHandler
                0x0000000008001a94                UART4_IRQHandler
                0x0000000008001a94                TIM3_IRQHandler
                0x0000000008001a94                RCC_IRQHandler
                0x0000000008001a94                TIM8_BRK_TIM12_IRQHandler
                0x0000000008001a94                Default_Handler
                0x0000000008001a94                EXTI15_10_IRQHandler
                0x0000000008001a94                ADC_IRQHandler
                0x0000000008001a94                DMA1_Stream7_IRQHandler
                0x0000000008001a94                TIM7_IRQHandler
                0x0000000008001a94                CAN2_TX_IRQHandler
                0x0000000008001a94                TIM5_IRQHandler
                0x0000000008001a94                DMA2_Stream7_IRQHandler
                0x0000000008001a94                I2C3_EV_IRQHandler
                0x0000000008001a94                EXTI9_5_IRQHandler
                0x0000000008001a94                RTC_WKUP_IRQHandler
                0x0000000008001a94                ETH_WKUP_IRQHandler
                0x0000000008001a94                SPI2_IRQHandler
                0x0000000008001a94                OTG_HS_EP1_IN_IRQHandler
                0x0000000008001a94                DMA1_Stream0_IRQHandler
                0x0000000008001a94                CAN1_TX_IRQHandler
                0x0000000008001a94                EXTI4_IRQHandler
                0x0000000008001a94                FSMC_IRQHandler
                0x0000000008001a94                ETH_IRQHandler
                0x0000000008001a94                OTG_HS_EP1_OUT_IRQHandler
                0x0000000008001a94                WWDG_IRQHandler
                0x0000000008001a94                OTG_FS_WKUP_IRQHandler
                0x0000000008001a94                TIM1_TRG_COM_TIM11_IRQHandler
                0x0000000008001a94                OTG_HS_IRQHandler
                0x0000000008001a94                EXTI1_IRQHandler
                0x0000000008001a94                USART2_IRQHandler
                0x0000000008001a94                I2C2_ER_IRQHandler
                0x0000000008001a94                DMA2_Stream1_IRQHandler
                0x0000000008001a94                CAN1_SCE_IRQHandler
                0x0000000008001a94                FLASH_IRQHandler
                0x0000000008001a94                DMA2_Stream4_IRQHandler
                0x0000000008001a94                OTG_FS_IRQHandler
                0x0000000008001a94                SPI3_IRQHandler
                0x0000000008001a94                DMA1_Stream4_IRQHandler
                0x0000000008001a94                I2C1_ER_IRQHandler
                0x0000000008001a94                DMA2_Stream6_IRQHandler
                0x0000000008001a94                DMA1_Stream3_IRQHandler
 *fill*         0x0000000008001a96        0x2 
 .text.HAL_Init
                0x0000000008001a98       0x44 ./Drivers/STM32F4xx_HAL_Driver/Src/stm32f4xx_hal.o
                0x0000000008001a98                HAL_Init
 .text.HAL_InitTick
                0x0000000008001adc       0x60 ./Drivers/STM32F4xx_HAL_Driver/Src/stm32f4xx_hal.o
                0x0000000008001adc                HAL_InitTick
 .text.HAL_IncTick
                0x0000000008001b3c       0x28 ./Drivers/STM32F4xx_HAL_Driver/Src/stm32f4xx_hal.o
                0x0000000008001b3c                HAL_IncTick
 .text.HAL_GetTick
                0x0000000008001b64       0x18 ./Drivers/STM32F4xx_HAL_Driver/Src/stm32f4xx_hal.o
                0x0000000008001b64                HAL_GetTick
 .text.HAL_Delay
                0x0000000008001b7c       0x48 ./Drivers/STM32F4xx_HAL_Driver/Src/stm32f4xx_hal.o
                0x0000000008001b7c                HAL_Delay
 .text.__NVIC_SetPriorityGrouping
                0x0000000008001bc4       0x48 ./Drivers/STM32F4xx_HAL_Driver/Src/stm32f4xx_hal_cortex.o
 .text.__NVIC_GetPriorityGrouping
                0x0000000008001c0c       0x1c ./Drivers/STM32F4xx_HAL_Driver/Src/stm32f4xx_hal_cortex.o
 .text.__NVIC_EnableIRQ
                0x0000000008001c28       0x3c ./Drivers/STM32F4xx_HAL_Driver/Src/stm32f4xx_hal_cortex.o
 .text.__NVIC_SetPriority
                0x0000000008001c64       0x54 ./Drivers/STM32F4xx_HAL_Driver/Src/stm32f4xx_hal_cortex.o
 .text.NVIC_EncodePriority
                0x0000000008001cb8       0x66 ./Drivers/STM32F4xx_HAL_Driver/Src/stm32f4xx_hal_cortex.o
 *fill*         0x0000000008001d1e        0x2 
 .text.SysTick_Config
                0x0000000008001d20       0x44 ./Drivers/STM32F4xx_HAL_Driver/Src/stm32f4xx_hal_cortex.o
 .text.HAL_NVIC_SetPriorityGrouping
                0x0000000008001d64       0x16 ./Drivers/STM32F4xx_HAL_Driver/Src/stm32f4xx_hal_cortex.o
                0x0000000008001d64                HAL_NVIC_SetPriorityGrouping
 .text.HAL_NVIC_SetPriority
                0x0000000008001d7a       0x38 ./Drivers/STM32F4xx_HAL_Driver/Src/stm32f4xx_hal_cortex.o
                0x0000000008001d7a                HAL_NVIC_SetPriority
 .text.HAL_NVIC_EnableIRQ
                0x0000000008001db2       0x1c ./Drivers/STM32F4xx_HAL_Driver/Src/stm32f4xx_hal_cortex.o
                0x0000000008001db2                HAL_NVIC_EnableIRQ
 .text.HAL_SYSTICK_Config
                0x0000000008001dce       0x18 ./Drivers/STM32F4xx_HAL_Driver/Src/stm32f4xx_hal_cortex.o
                0x0000000008001dce                HAL_SYSTICK_Config
 .text.HAL_DMA_Abort
                0x0000000008001de6       0xe0 ./Drivers/STM32F4xx_HAL_Driver/Src/stm32f4xx_hal_dma.o
                0x0000000008001de6                HAL_DMA_Abort
 .text.HAL_DMA_Abort_IT
                0x0000000008001ec6       0x44 ./Drivers/STM32F4xx_HAL_Driver/Src/stm32f4xx_hal_dma.o
                0x0000000008001ec6                HAL_DMA_Abort_IT
 *fill*         0x0000000008001f0a        0x2 
 .text.HAL_GPIO_Init
                0x0000000008001f0c      0x338 ./Drivers/STM32F4xx_HAL_Driver/Src/stm32f4xx_hal_gpio.o
                0x0000000008001f0c                HAL_GPIO_Init
 .text.HAL_GPIO_WritePin
                0x0000000008002244       0x32 ./Drivers/STM32F4xx_HAL_Driver/Src/stm32f4xx_hal_gpio.o
                0x0000000008002244                HAL_GPIO_WritePin
 .text.HAL_GPIO_TogglePin
                0x0000000008002276       0x34 ./Drivers/STM32F4xx_HAL_Driver/Src/stm32f4xx_hal_gpio.o
                0x0000000008002276                HAL_GPIO_TogglePin
 *fill*         0x00000000080022aa        0x2 
 .text.HAL_I2C_Init
                0x00000000080022ac      0x288 ./Drivers/STM32F4xx_HAL_Driver/Src/stm32f4xx_hal_i2c.o
                0x00000000080022ac                HAL_I2C_Init
 .text.HAL_I2C_Mem_Read
                0x0000000008002534      0x44c ./Drivers/STM32F4xx_HAL_Driver/Src/stm32f4xx_hal_i2c.o
                0x0000000008002534                HAL_I2C_Mem_Read
 .text.I2C_RequestMemoryRead
                0x0000000008002980      0x1d0 ./Drivers/STM32F4xx_HAL_Driver/Src/stm32f4xx_hal_i2c.o
 .text.I2C_WaitOnFlagUntilTimeout
                0x0000000008002b50       0xae ./Drivers/STM32F4xx_HAL_Driver/Src/stm32f4xx_hal_i2c.o
 .text.I2C_WaitOnMasterAddressFlagUntilTimeout
                0x0000000008002bfe       0xfe ./Drivers/STM32F4xx_HAL_Driver/Src/stm32f4xx_hal_i2c.o
 .text.I2C_WaitOnTXEFlagUntilTimeout
                0x0000000008002cfc       0x82 ./Drivers/STM32F4xx_HAL_Driver/Src/stm32f4xx_hal_i2c.o
 .text.I2C_WaitOnRXNEFlagUntilTimeout
                0x0000000008002d7e       0xac ./Drivers/STM32F4xx_HAL_Driver/Src/stm32f4xx_hal_i2c.o
 .text.I2C_IsAcknowledgeFailed
                0x0000000008002e2a       0x5e ./Drivers/STM32F4xx_HAL_Driver/Src/stm32f4xx_hal_i2c.o
 .text.HAL_RCC_OscConfig
                0x0000000008002e88      0x4f0 ./Drivers/STM32F4xx_HAL_Driver/Src/stm32f4xx_hal_rcc.o
                0x0000000008002e88                HAL_RCC_OscConfig
 .text.HAL_RCC_ClockConfig
                0x0000000008003378      0x1cc ./Drivers/STM32F4xx_HAL_Driver/Src/stm32f4xx_hal_rcc.o
                0x0000000008003378                HAL_RCC_ClockConfig
 .text.HAL_RCC_GetSysClockFreq
                0x0000000008003544      0x20c ./Drivers/STM32F4xx_HAL_Driver/Src/stm32f4xx_hal_rcc.o
                0x0000000008003544                HAL_RCC_GetSysClockFreq
 .text.HAL_RCC_GetHCLKFreq
                0x0000000008003750       0x18 ./Drivers/STM32F4xx_HAL_Driver/Src/stm32f4xx_hal_rcc.o
                0x0000000008003750                HAL_RCC_GetHCLKFreq
 .text.HAL_RCC_GetPCLK1Freq
                0x0000000008003768       0x28 ./Drivers/STM32F4xx_HAL_Driver/Src/stm32f4xx_hal_rcc.o
                0x0000000008003768                HAL_RCC_GetPCLK1Freq
 .text.HAL_RCC_GetPCLK2Freq
                0x0000000008003790       0x28 ./Drivers/STM32F4xx_HAL_Driver/Src/stm32f4xx_hal_rcc.o
                0x0000000008003790                HAL_RCC_GetPCLK2Freq
 .text.HAL_SPI_Init
                0x00000000080037b8      0x112 ./Drivers/STM32F4xx_HAL_Driver/Src/stm32f4xx_hal_spi.o
                0x00000000080037b8                HAL_SPI_Init
 .text.HAL_SPI_Transmit
                0x00000000080038ca      0x278 ./Drivers/STM32F4xx_HAL_Driver/Src/stm32f4xx_hal_spi.o
                0x00000000080038ca                HAL_SPI_Transmit
 .text.HAL_SPI_Receive
                0x0000000008003b42      0x222 ./Drivers/STM32F4xx_HAL_Driver/Src/stm32f4xx_hal_spi.o
                0x0000000008003b42                HAL_SPI_Receive
 .text.HAL_SPI_TransmitReceive
                0x0000000008003d64      0x344 ./Drivers/STM32F4xx_HAL_Driver/Src/stm32f4xx_hal_spi.o
                0x0000000008003d64                HAL_SPI_TransmitReceive
 .text.SPI_WaitFlagStateUntilTimeout
                0x00000000080040a8      0x110 ./Drivers/STM32F4xx_HAL_Driver/Src/stm32f4xx_hal_spi.o
 .text.SPI_EndRxTransaction
                0x00000000080041b8       0xca ./Drivers/STM32F4xx_HAL_Driver/Src/stm32f4xx_hal_spi.o
 *fill*         0x0000000008004282        0x2 
 .text.SPI_EndRxTxTransaction
                0x0000000008004284       0x84 ./Drivers/STM32F4xx_HAL_Driver/Src/stm32f4xx_hal_spi.o
 .text.HAL_SRAM_Init
                0x0000000008004308       0x88 ./Drivers/STM32F4xx_HAL_Driver/Src/stm32f4xx_hal_sram.o
                0x0000000008004308                HAL_SRAM_Init
 .text.HAL_TIM_Base_Init
                0x0000000008004390       0x9e ./Drivers/STM32F4xx_HAL_Driver/Src/stm32f4xx_hal_tim.o
                0x0000000008004390                HAL_TIM_Base_Init
 *fill*         0x000000000800442e        0x2 
 .text.HAL_TIM_Base_Start_IT
                0x0000000008004430       0xe0 ./Drivers/STM32F4xx_HAL_Driver/Src/stm32f4xx_hal_tim.o
                0x0000000008004430                HAL_TIM_Base_Start_IT
 .text.HAL_TIM_IRQHandler
                0x0000000008004510      0x210 ./Drivers/STM32F4xx_HAL_Driver/Src/stm32f4xx_hal_tim.o
                0x0000000008004510                HAL_TIM_IRQHandler
 .text.HAL_TIM_ConfigClockSource
                0x0000000008004720      0x18e ./Drivers/STM32F4xx_HAL_Driver/Src/stm32f4xx_hal_tim.o
                0x0000000008004720                HAL_TIM_ConfigClockSource
 .text.HAL_TIM_OC_DelayElapsedCallback
                0x00000000080048ae       0x14 ./Drivers/STM32F4xx_HAL_Driver/Src/stm32f4xx_hal_tim.o
                0x00000000080048ae                HAL_TIM_OC_DelayElapsedCallback
 .text.HAL_TIM_IC_CaptureCallback
                0x00000000080048c2       0x14 ./Drivers/STM32F4xx_HAL_Driver/Src/stm32f4xx_hal_tim.o
                0x00000000080048c2                HAL_TIM_IC_CaptureCallback
 .text.HAL_TIM_PWM_PulseFinishedCallback
                0x00000000080048d6       0x14 ./Drivers/STM32F4xx_HAL_Driver/Src/stm32f4xx_hal_tim.o
                0x00000000080048d6                HAL_TIM_PWM_PulseFinishedCallback
 .text.HAL_TIM_TriggerCallback
                0x00000000080048ea       0x14 ./Drivers/STM32F4xx_HAL_Driver/Src/stm32f4xx_hal_tim.o
                0x00000000080048ea                HAL_TIM_TriggerCallback
 *fill*         0x00000000080048fe        0x2 
 .text.TIM_Base_SetConfig
                0x0000000008004900      0x140 ./Drivers/STM32F4xx_HAL_Driver/Src/stm32f4xx_hal_tim.o
                0x0000000008004900                TIM_Base_SetConfig
 .text.TIM_TI1_ConfigInputStage
                0x0000000008004a40       0x5e ./Drivers/STM32F4xx_HAL_Driver/Src/stm32f4xx_hal_tim.o
 .text.TIM_TI2_ConfigInputStage
                0x0000000008004a9e       0x60 ./Drivers/STM32F4xx_HAL_Driver/Src/stm32f4xx_hal_tim.o
 .text.TIM_ITRx_SetConfig
                0x0000000008004afe       0x36 ./Drivers/STM32F4xx_HAL_Driver/Src/stm32f4xx_hal_tim.o
 .text.TIM_ETR_SetConfig
                0x0000000008004b34       0x40 ./Drivers/STM32F4xx_HAL_Driver/Src/stm32f4xx_hal_tim.o
                0x0000000008004b34                TIM_ETR_SetConfig
 .text.HAL_TIMEx_MasterConfigSynchronization
                0x0000000008004b74       0xf8 ./Drivers/STM32F4xx_HAL_Driver/Src/stm32f4xx_hal_tim_ex.o
                0x0000000008004b74                HAL_TIMEx_MasterConfigSynchronization
 .text.HAL_TIMEx_CommutCallback
                0x0000000008004c6c       0x14 ./Drivers/STM32F4xx_HAL_Driver/Src/stm32f4xx_hal_tim_ex.o
                0x0000000008004c6c                HAL_TIMEx_CommutCallback
 .text.HAL_TIMEx_BreakCallback
                0x0000000008004c80       0x14 ./Drivers/STM32F4xx_HAL_Driver/Src/stm32f4xx_hal_tim_ex.o
                0x0000000008004c80                HAL_TIMEx_BreakCallback
 .text.HAL_UART_Init
                0x0000000008004c94       0x9a ./Drivers/STM32F4xx_HAL_Driver/Src/stm32f4xx_hal_uart.o
                0x0000000008004c94                HAL_UART_Init
 .text.HAL_UART_Transmit
                0x0000000008004d2e      0x124 ./Drivers/STM32F4xx_HAL_Driver/Src/stm32f4xx_hal_uart.o
                0x0000000008004d2e                HAL_UART_Transmit
 .text.HAL_UART_Receive_IT
                0x0000000008004e52       0x60 ./Drivers/STM32F4xx_HAL_Driver/Src/stm32f4xx_hal_uart.o
                0x0000000008004e52                HAL_UART_Receive_IT
 *fill*         0x0000000008004eb2        0x2 
 .text.HAL_UART_IRQHandler
                0x0000000008004eb4      0x51c ./Drivers/STM32F4xx_HAL_Driver/Src/stm32f4xx_hal_uart.o
                0x0000000008004eb4                HAL_UART_IRQHandler
 .text.HAL_UART_TxCpltCallback
                0x00000000080053d0       0x14 ./Drivers/STM32F4xx_HAL_Driver/Src/stm32f4xx_hal_uart.o
                0x00000000080053d0                HAL_UART_TxCpltCallback
 .text.HAL_UART_ErrorCallback
                0x00000000080053e4       0x14 ./Drivers/STM32F4xx_HAL_Driver/Src/stm32f4xx_hal_uart.o
                0x00000000080053e4                HAL_UART_ErrorCallback
 .text.HAL_UARTEx_RxEventCallback
                0x00000000080053f8       0x18 ./Drivers/STM32F4xx_HAL_Driver/Src/stm32f4xx_hal_uart.o
                0x00000000080053f8                HAL_UARTEx_RxEventCallback
 .text.UART_WaitOnFlagUntilTimeout
                0x0000000008005410       0xdc ./Drivers/STM32F4xx_HAL_Driver/Src/stm32f4xx_hal_uart.o
 .text.UART_Start_Receive_IT
                0x00000000080054ec       0x74 ./Drivers/STM32F4xx_HAL_Driver/Src/stm32f4xx_hal_uart.o
                0x00000000080054ec                UART_Start_Receive_IT
 .text.UART_EndRxTransfer
                0x0000000008005560       0xc6 ./Drivers/STM32F4xx_HAL_Driver/Src/stm32f4xx_hal_uart.o
 .text.UART_DMAAbortOnError
                0x0000000008005626       0x28 ./Drivers/STM32F4xx_HAL_Driver/Src/stm32f4xx_hal_uart.o
 .text.UART_Transmit_IT
                0x000000000800564e       0xa0 ./Drivers/STM32F4xx_HAL_Driver/Src/stm32f4xx_hal_uart.o
 .text.UART_EndTransmit_IT
                0x00000000080056ee       0x30 ./Drivers/STM32F4xx_HAL_Driver/Src/stm32f4xx_hal_uart.o
 .text.UART_Receive_IT
                0x000000000800571e      0x176 ./Drivers/STM32F4xx_HAL_Driver/Src/stm32f4xx_hal_uart.o
 .text.UART_SetConfig
                0x0000000008005894      0x4e8 ./Drivers/STM32F4xx_HAL_Driver/Src/stm32f4xx_hal_uart.o
 .text.FSMC_NORSRAM_Init
                0x0000000008005d7c       0xa4 ./Drivers/STM32F4xx_HAL_Driver/Src/stm32f4xx_ll_fsmc.o
                0x0000000008005d7c                FSMC_NORSRAM_Init
 .text.FSMC_NORSRAM_Timing_Init
                0x0000000008005e20       0x7a ./Drivers/STM32F4xx_HAL_Driver/Src/stm32f4xx_ll_fsmc.o
                0x0000000008005e20                FSMC_NORSRAM_Timing_Init
 *fill*         0x0000000008005e9a        0x2 
 .text.FSMC_NORSRAM_Extended_Timing_Init
                0x0000000008005e9c       0x80 ./Drivers/STM32F4xx_HAL_Driver/Src/stm32f4xx_ll_fsmc.o
                0x0000000008005e9c                FSMC_NORSRAM_Extended_Timing_Init
 .text.sprintf  0x0000000008005f1c       0x40 C:/ST/STM32CubeIDE_1.13.2/STM32CubeIDE/plugins/com.st.stm32cube.ide.mcu.externaltools.gnu-tools-for-stm32.11.3.rel1.win32_1.1.100.202309141235/tools/bin/../lib/gcc/arm-none-eabi/11.3.1/../../../../arm-none-eabi/lib/thumb/v7e-m+fp/hard\libc_nano.a(libc_a-sprintf.o)
                0x0000000008005f1c                siprintf
                0x0000000008005f1c                sprintf
 .text.memset   0x0000000008005f5c       0x10 C:/ST/STM32CubeIDE_1.13.2/STM32CubeIDE/plugins/com.st.stm32cube.ide.mcu.externaltools.gnu-tools-for-stm32.11.3.rel1.win32_1.1.100.202309141235/tools/bin/../lib/gcc/arm-none-eabi/11.3.1/../../../../arm-none-eabi/lib/thumb/v7e-m+fp/hard\libc_nano.a(libc_a-memset.o)
                0x0000000008005f5c                memset
 .text.__errno  0x0000000008005f6c        0xc C:/ST/STM32CubeIDE_1.13.2/STM32CubeIDE/plugins/com.st.stm32cube.ide.mcu.externaltools.gnu-tools-for-stm32.11.3.rel1.win32_1.1.100.202309141235/tools/bin/../lib/gcc/arm-none-eabi/11.3.1/../../../../arm-none-eabi/lib/thumb/v7e-m+fp/hard\libc_nano.a(libc_a-errno.o)
                0x0000000008005f6c                __errno
 .text.__libc_init_array
                0x0000000008005f78       0x48 C:/ST/STM32CubeIDE_1.13.2/STM32CubeIDE/plugins/com.st.stm32cube.ide.mcu.externaltools.gnu-tools-for-stm32.11.3.rel1.win32_1.1.100.202309141235/tools/bin/../lib/gcc/arm-none-eabi/11.3.1/../../../../arm-none-eabi/lib/thumb/v7e-m+fp/hard\libc_nano.a(libc_a-init.o)
                0x0000000008005f78                __libc_init_array
 .text.__retarget_lock_acquire_recursive
                0x0000000008005fc0        0x2 C:/ST/STM32CubeIDE_1.13.2/STM32CubeIDE/plugins/com.st.stm32cube.ide.mcu.externaltools.gnu-tools-for-stm32.11.3.rel1.win32_1.1.100.202309141235/tools/bin/../lib/gcc/arm-none-eabi/11.3.1/../../../../arm-none-eabi/lib/thumb/v7e-m+fp/hard\libc_nano.a(libc_a-lock.o)
                0x0000000008005fc0                __retarget_lock_acquire_recursive
 .text.__retarget_lock_release_recursive
                0x0000000008005fc2        0x2 C:/ST/STM32CubeIDE_1.13.2/STM32CubeIDE/plugins/com.st.stm32cube.ide.mcu.externaltools.gnu-tools-for-stm32.11.3.rel1.win32_1.1.100.202309141235/tools/bin/../lib/gcc/arm-none-eabi/11.3.1/../../../../arm-none-eabi/lib/thumb/v7e-m+fp/hard\libc_nano.a(libc_a-lock.o)
                0x0000000008005fc2                __retarget_lock_release_recursive
 .text._free_r  0x0000000008005fc4       0x98 C:/ST/STM32CubeIDE_1.13.2/STM32CubeIDE/plugins/com.st.stm32cube.ide.mcu.externaltools.gnu-tools-for-stm32.11.3.rel1.win32_1.1.100.202309141235/tools/bin/../lib/gcc/arm-none-eabi/11.3.1/../../../../arm-none-eabi/lib/thumb/v7e-m+fp/hard\libc_nano.a(libc_a-freer.o)
                0x0000000008005fc4                _free_r
 .text.sbrk_aligned
                0x000000000800605c       0x40 C:/ST/STM32CubeIDE_1.13.2/STM32CubeIDE/plugins/com.st.stm32cube.ide.mcu.externaltools.gnu-tools-for-stm32.11.3.rel1.win32_1.1.100.202309141235/tools/bin/../lib/gcc/arm-none-eabi/11.3.1/../../../../arm-none-eabi/lib/thumb/v7e-m+fp/hard\libc_nano.a(libc_a-mallocr.o)
 .text._malloc_r
                0x000000000800609c      0x100 C:/ST/STM32CubeIDE_1.13.2/STM32CubeIDE/plugins/com.st.stm32cube.ide.mcu.externaltools.gnu-tools-for-stm32.11.3.rel1.win32_1.1.100.202309141235/tools/bin/../lib/gcc/arm-none-eabi/11.3.1/../../../../arm-none-eabi/lib/thumb/v7e-m+fp/hard\libc_nano.a(libc_a-mallocr.o)
                0x000000000800609c                _malloc_r
 .text.__malloc_lock
                0x000000000800619c        0xc C:/ST/STM32CubeIDE_1.13.2/STM32CubeIDE/plugins/com.st.stm32cube.ide.mcu.externaltools.gnu-tools-for-stm32.11.3.rel1.win32_1.1.100.202309141235/tools/bin/../lib/gcc/arm-none-eabi/11.3.1/../../../../arm-none-eabi/lib/thumb/v7e-m+fp/hard\libc_nano.a(libc_a-mlock.o)
                0x000000000800619c                __malloc_lock
 .text.__malloc_unlock
                0x00000000080061a8        0xc C:/ST/STM32CubeIDE_1.13.2/STM32CubeIDE/plugins/com.st.stm32cube.ide.mcu.externaltools.gnu-tools-for-stm32.11.3.rel1.win32_1.1.100.202309141235/tools/bin/../lib/gcc/arm-none-eabi/11.3.1/../../../../arm-none-eabi/lib/thumb/v7e-m+fp/hard\libc_nano.a(libc_a-mlock.o)
                0x00000000080061a8                __malloc_unlock
 .text.__ssputs_r
                0x00000000080061b4       0xb4 C:/ST/STM32CubeIDE_1.13.2/STM32CubeIDE/plugins/com.st.stm32cube.ide.mcu.externaltools.gnu-tools-for-stm32.11.3.rel1.win32_1.1.100.202309141235/tools/bin/../lib/gcc/arm-none-eabi/11.3.1/../../../../arm-none-eabi/lib/thumb/v7e-m+fp/hard\libc_nano.a(libc_a-nano-svfprintf.o)
                0x00000000080061b4                __ssputs_r
 .text._svfprintf_r
                0x0000000008006268      0x1fc C:/ST/STM32CubeIDE_1.13.2/STM32CubeIDE/plugins/com.st.stm32cube.ide.mcu.externaltools.gnu-tools-for-stm32.11.3.rel1.win32_1.1.100.202309141235/tools/bin/../lib/gcc/arm-none-eabi/11.3.1/../../../../arm-none-eabi/lib/thumb/v7e-m+fp/hard\libc_nano.a(libc_a-nano-svfprintf.o)
                0x0000000008006268                _svfiprintf_r
                0x0000000008006268                _svfprintf_r
 .text._printf_common
                0x0000000008006464       0xda C:/ST/STM32CubeIDE_1.13.2/STM32CubeIDE/plugins/com.st.stm32cube.ide.mcu.externaltools.gnu-tools-for-stm32.11.3.rel1.win32_1.1.100.202309141235/tools/bin/../lib/gcc/arm-none-eabi/11.3.1/../../../../arm-none-eabi/lib/thumb/v7e-m+fp/hard\libc_nano.a(libc_a-nano-vfprintf_i.o)
                0x0000000008006464                _printf_common
 *fill*         0x000000000800653e        0x2 
 .text._printf_i
                0x0000000008006540      0x244 C:/ST/STM32CubeIDE_1.13.2/STM32CubeIDE/plugins/com.st.stm32cube.ide.mcu.externaltools.gnu-tools-for-stm32.11.3.rel1.win32_1.1.100.202309141235/tools/bin/../lib/gcc/arm-none-eabi/11.3.1/../../../../arm-none-eabi/lib/thumb/v7e-m+fp/hard\libc_nano.a(libc_a-nano-vfprintf_i.o)
                0x0000000008006540                _printf_i
 .text.memmove  0x0000000008006784       0x34 C:/ST/STM32CubeIDE_1.13.2/STM32CubeIDE/plugins/com.st.stm32cube.ide.mcu.externaltools.gnu-tools-for-stm32.11.3.rel1.win32_1.1.100.202309141235/tools/bin/../lib/gcc/arm-none-eabi/11.3.1/../../../../arm-none-eabi/lib/thumb/v7e-m+fp/hard\libc_nano.a(libc_a-memmove.o)
                0x0000000008006784                memmove
 .text._sbrk_r  0x00000000080067b8       0x20 C:/ST/STM32CubeIDE_1.13.2/STM32CubeIDE/plugins/com.st.stm32cube.ide.mcu.externaltools.gnu-tools-for-stm32.11.3.rel1.win32_1.1.100.202309141235/tools/bin/../lib/gcc/arm-none-eabi/11.3.1/../../../../arm-none-eabi/lib/thumb/v7e-m+fp/hard\libc_nano.a(libc_a-sbrkr.o)
                0x00000000080067b8                _sbrk_r
 .text.memcpy   0x00000000080067d8       0x1c C:/ST/STM32CubeIDE_1.13.2/STM32CubeIDE/plugins/com.st.stm32cube.ide.mcu.externaltools.gnu-tools-for-stm32.11.3.rel1.win32_1.1.100.202309141235/tools/bin/../lib/gcc/arm-none-eabi/11.3.1/../../../../arm-none-eabi/lib/thumb/v7e-m+fp/hard\libc_nano.a(libc_a-memcpy-stub.o)
                0x00000000080067d8                memcpy
 .text._realloc_r
                0x00000000080067f4       0x5e C:/ST/STM32CubeIDE_1.13.2/STM32CubeIDE/plugins/com.st.stm32cube.ide.mcu.externaltools.gnu-tools-for-stm32.11.3.rel1.win32_1.1.100.202309141235/tools/bin/../lib/gcc/arm-none-eabi/11.3.1/../../../../arm-none-eabi/lib/thumb/v7e-m+fp/hard\libc_nano.a(libc_a-reallocr.o)
                0x00000000080067f4                _realloc_r
 .text._malloc_usable_size_r
                0x0000000008006852       0x10 C:/ST/STM32CubeIDE_1.13.2/STM32CubeIDE/plugins/com.st.stm32cube.ide.mcu.externaltools.gnu-tools-for-stm32.11.3.rel1.win32_1.1.100.202309141235/tools/bin/../lib/gcc/arm-none-eabi/11.3.1/../../../../arm-none-eabi/lib/thumb/v7e-m+fp/hard\libc_nano.a(libc_a-msizer.o)
                0x0000000008006852                _malloc_usable_size_r
 *(.glue_7)
 .glue_7        0x0000000008006862        0x0 linker stubs
 *(.glue_7t)
 .glue_7t       0x0000000008006862        0x0 linker stubs
 *(.eh_frame)
 *fill*         0x0000000008006862        0x2 
 .eh_frame      0x0000000008006864        0x0 C:/ST/STM32CubeIDE_1.13.2/STM32CubeIDE/plugins/com.st.stm32cube.ide.mcu.externaltools.gnu-tools-for-stm32.11.3.rel1.win32_1.1.100.202309141235/tools/bin/../lib/gcc/arm-none-eabi/11.3.1/thumb/v7e-m+fp/hard/crtbegin.o
 *(.init)
 .init          0x0000000008006864        0x4 C:/ST/STM32CubeIDE_1.13.2/STM32CubeIDE/plugins/com.st.stm32cube.ide.mcu.externaltools.gnu-tools-for-stm32.11.3.rel1.win32_1.1.100.202309141235/tools/bin/../lib/gcc/arm-none-eabi/11.3.1/thumb/v7e-m+fp/hard/crti.o
                0x0000000008006864                _init
 .init          0x0000000008006868        0x8 C:/ST/STM32CubeIDE_1.13.2/STM32CubeIDE/plugins/com.st.stm32cube.ide.mcu.externaltools.gnu-tools-for-stm32.11.3.rel1.win32_1.1.100.202309141235/tools/bin/../lib/gcc/arm-none-eabi/11.3.1/thumb/v7e-m+fp/hard/crtn.o
 *(.fini)
 .fini          0x0000000008006870        0x4 C:/ST/STM32CubeIDE_1.13.2/STM32CubeIDE/plugins/com.st.stm32cube.ide.mcu.externaltools.gnu-tools-for-stm32.11.3.rel1.win32_1.1.100.202309141235/tools/bin/../lib/gcc/arm-none-eabi/11.3.1/thumb/v7e-m+fp/hard/crti.o
                0x0000000008006870                _fini
 .fini          0x0000000008006874        0x8 C:/ST/STM32CubeIDE_1.13.2/STM32CubeIDE/plugins/com.st.stm32cube.ide.mcu.externaltools.gnu-tools-for-stm32.11.3.rel1.win32_1.1.100.202309141235/tools/bin/../lib/gcc/arm-none-eabi/11.3.1/thumb/v7e-m+fp/hard/crtn.o
                0x000000000800687c                . = ALIGN (0x4)
                0x000000000800687c                _etext = .

.vfp11_veneer   0x000000000800687c        0x0
 .vfp11_veneer  0x000000000800687c        0x0 linker stubs

.v4_bx          0x000000000800687c        0x0
 .v4_bx         0x000000000800687c        0x0 linker stubs

.iplt           0x000000000800687c        0x0
 .iplt          0x000000000800687c        0x0 C:/ST/STM32CubeIDE_1.13.2/STM32CubeIDE/plugins/com.st.stm32cube.ide.mcu.externaltools.gnu-tools-for-stm32.11.3.rel1.win32_1.1.100.202309141235/tools/bin/../lib/gcc/arm-none-eabi/11.3.1/thumb/v7e-m+fp/hard/crtbegin.o

.rodata         0x000000000800687c       0x68
                0x000000000800687c                . = ALIGN (0x4)
 *(.rodata)
 .rodata        0x000000000800687c        0x6 ./Core/Src/main.o
 *fill*         0x0000000008006882        0x2 
 .rodata        0x0000000008006884       0x12 ./Core/Src/uart.o
 *(.rodata*)
 *fill*         0x0000000008006896        0x2 
 .rodata.AHBPrescTable
                0x0000000008006898       0x10 ./Core/Src/system_stm32f4xx.o
                0x0000000008006898                AHBPrescTable
 .rodata.APBPrescTable
                0x00000000080068a8        0x8 ./Core/Src/system_stm32f4xx.o
                0x00000000080068a8                APBPrescTable
 .rodata._svfprintf_r.str1.1
                0x00000000080068b0       0x11 C:/ST/STM32CubeIDE_1.13.2/STM32CubeIDE/plugins/com.st.stm32cube.ide.mcu.externaltools.gnu-tools-for-stm32.11.3.rel1.win32_1.1.100.202309141235/tools/bin/../lib/gcc/arm-none-eabi/11.3.1/../../../../arm-none-eabi/lib/thumb/v7e-m+fp/hard\libc_nano.a(libc_a-nano-svfprintf.o)
 .rodata._printf_i.str1.1
                0x00000000080068c1       0x22 C:/ST/STM32CubeIDE_1.13.2/STM32CubeIDE/plugins/com.st.stm32cube.ide.mcu.externaltools.gnu-tools-for-stm32.11.3.rel1.win32_1.1.100.202309141235/tools/bin/../lib/gcc/arm-none-eabi/11.3.1/../../../../arm-none-eabi/lib/thumb/v7e-m+fp/hard\libc_nano.a(libc_a-nano-vfprintf_i.o)
                0x00000000080068e4                . = ALIGN (0x4)
 *fill*         0x00000000080068e3        0x1 

.ARM.extab      0x00000000080068e4        0x0
                0x00000000080068e4                . = ALIGN (0x4)
 *(.ARM.extab* .gnu.linkonce.armextab.*)
                0x00000000080068e4                . = ALIGN (0x4)

.ARM            0x00000000080068e4        0x8
                0x00000000080068e4                . = ALIGN (0x4)
                0x00000000080068e4                __exidx_start = .
 *(.ARM.exidx*)
 .ARM.exidx     0x00000000080068e4        0x8 C:/ST/STM32CubeIDE_1.13.2/STM32CubeIDE/plugins/com.st.stm32cube.ide.mcu.externaltools.gnu-tools-for-stm32.11.3.rel1.win32_1.1.100.202309141235/tools/bin/../lib/gcc/arm-none-eabi/11.3.1/thumb/v7e-m+fp/hard\libgcc.a(_udivmoddi4.o)
                0x00000000080068ec                __exidx_end = .
                0x00000000080068ec                . = ALIGN (0x4)

.rel.dyn        0x00000000080068ec        0x0
 .rel.iplt      0x00000000080068ec        0x0 C:/ST/STM32CubeIDE_1.13.2/STM32CubeIDE/plugins/com.st.stm32cube.ide.mcu.externaltools.gnu-tools-for-stm32.11.3.rel1.win32_1.1.100.202309141235/tools/bin/../lib/gcc/arm-none-eabi/11.3.1/thumb/v7e-m+fp/hard/crtbegin.o

.preinit_array  0x00000000080068ec        0x0
                0x00000000080068ec                . = ALIGN (0x4)
                0x00000000080068ec                PROVIDE (__preinit_array_start = .)
 *(.preinit_array*)
                0x00000000080068ec                PROVIDE (__preinit_array_end = .)
                0x00000000080068ec                . = ALIGN (0x4)

.init_array     0x00000000080068ec        0x4
                0x00000000080068ec                . = ALIGN (0x4)
                0x00000000080068ec                PROVIDE (__init_array_start = .)
 *(SORT_BY_NAME(.init_array.*))
 *(.init_array*)
 .init_array    0x00000000080068ec        0x4 C:/ST/STM32CubeIDE_1.13.2/STM32CubeIDE/plugins/com.st.stm32cube.ide.mcu.externaltools.gnu-tools-for-stm32.11.3.rel1.win32_1.1.100.202309141235/tools/bin/../lib/gcc/arm-none-eabi/11.3.1/thumb/v7e-m+fp/hard/crtbegin.o
                0x00000000080068f0                PROVIDE (__init_array_end = .)
                0x00000000080068f0                . = ALIGN (0x4)

.fini_array     0x00000000080068f0        0x4
                0x00000000080068f0                . = ALIGN (0x4)
                [!provide]                        PROVIDE (__fini_array_start = .)
 *(SORT_BY_NAME(.fini_array.*))
 *(.fini_array*)
 .fini_array    0x00000000080068f0        0x4 C:/ST/STM32CubeIDE_1.13.2/STM32CubeIDE/plugins/com.st.stm32cube.ide.mcu.externaltools.gnu-tools-for-stm32.11.3.rel1.win32_1.1.100.202309141235/tools/bin/../lib/gcc/arm-none-eabi/11.3.1/thumb/v7e-m+fp/hard/crtbegin.o
                [!provide]                        PROVIDE (__fini_array_end = .)
                0x00000000080068f4                . = ALIGN (0x4)
                0x00000000080068f4                _sidata = LOADADDR (.data)

.data           0x0000000020000000       0x64 load address 0x00000000080068f4
                0x0000000020000000                . = ALIGN (0x4)
                0x0000000020000000                _sdata = .
 *(.data)
 *(.data*)
 .data.led7seg  0x0000000020000000        0x4 ./Core/Src/led_7seg.o
                0x0000000020000000                led7seg
 .data.spi_buffer
                0x0000000020000004        0x2 ./Core/Src/led_7seg.o
                0x0000000020000004                spi_buffer
 *fill*         0x0000000020000006        0x2 
 .data.SystemCoreClock
                0x0000000020000008        0x4 ./Core/Src/system_stm32f4xx.o
                0x0000000020000008                SystemCoreClock
 .data.uwTickPrio
                0x000000002000000c        0x4 ./Drivers/STM32F4xx_HAL_Driver/Src/stm32f4xx_hal.o
                0x000000002000000c                uwTickPrio
 .data.uwTickFreq
                0x0000000020000010        0x1 ./Drivers/STM32F4xx_HAL_Driver/Src/stm32f4xx_hal.o
                0x0000000020000010                uwTickFreq
 *fill*         0x0000000020000011        0x3 
 .data._impure_data
                0x0000000020000014       0x4c C:/ST/STM32CubeIDE_1.13.2/STM32CubeIDE/plugins/com.st.stm32cube.ide.mcu.externaltools.gnu-tools-for-stm32.11.3.rel1.win32_1.1.100.202309141235/tools/bin/../lib/gcc/arm-none-eabi/11.3.1/../../../../arm-none-eabi/lib/thumb/v7e-m+fp/hard\libc_nano.a(libc_a-impure.o)
                0x0000000020000014                _impure_data
 .data._impure_ptr
                0x0000000020000060        0x4 C:/ST/STM32CubeIDE_1.13.2/STM32CubeIDE/plugins/com.st.stm32cube.ide.mcu.externaltools.gnu-tools-for-stm32.11.3.rel1.win32_1.1.100.202309141235/tools/bin/../lib/gcc/arm-none-eabi/11.3.1/../../../../arm-none-eabi/lib/thumb/v7e-m+fp/hard\libc_nano.a(libc_a-impure.o)
                0x0000000020000060                _impure_ptr
 *(.RamFunc)
 *(.RamFunc*)
                0x0000000020000064                . = ALIGN (0x4)
                0x0000000020000064                _edata = .
                0x0000000008006958                _siccmram = LOADADDR (.ccmram)

.igot.plt       0x0000000020000064        0x0 load address 0x0000000008006958
 .igot.plt      0x0000000020000064        0x0 C:/ST/STM32CubeIDE_1.13.2/STM32CubeIDE/plugins/com.st.stm32cube.ide.mcu.externaltools.gnu-tools-for-stm32.11.3.rel1.win32_1.1.100.202309141235/tools/bin/../lib/gcc/arm-none-eabi/11.3.1/thumb/v7e-m+fp/hard/crtbegin.o

.ccmram         0x0000000010000000        0x0 load address 0x0000000008006958
                0x0000000010000000                . = ALIGN (0x4)
                0x0000000010000000                _sccmram = .
 *(.ccmram)
 *(.ccmram*)
                0x0000000010000000                . = ALIGN (0x4)
                0x0000000010000000                _eccmram = .
                0x0000000010000000                . = ALIGN (0x4)

.bss            0x0000000020000064      0x3a8
                0x0000000020000064                _sbss = .
                0x0000000020000064                __bss_start__ = _sbss
 *(.bss)
 .bss           0x0000000020000064       0x1c C:/ST/STM32CubeIDE_1.13.2/STM32CubeIDE/plugins/com.st.stm32cube.ide.mcu.externaltools.gnu-tools-for-stm32.11.3.rel1.win32_1.1.100.202309141235/tools/bin/../lib/gcc/arm-none-eabi/11.3.1/thumb/v7e-m+fp/hard/crtbegin.o
 *(.bss*)
 .bss.button_count
                0x0000000020000080       0x20 ./Core/Src/button.o
                0x0000000020000080                button_count
 .bss.spi_button
                0x00000000200000a0        0x2 ./Core/Src/button.o
                0x00000000200000a0                spi_button
 *fill*         0x00000000200000a2        0x2 
 .bss.ds3231_buffer
                0x00000000200000a4        0x7 ./Core/Src/ds3231.o
                0x00000000200000a4                ds3231_buffer
 .bss.ds3231_hours
                0x00000000200000ab        0x1 ./Core/Src/ds3231.o
                0x00000000200000ab                ds3231_hours
 .bss.ds3231_min
                0x00000000200000ac        0x1 ./Core/Src/ds3231.o
                0x00000000200000ac                ds3231_min
 .bss.ds3231_sec
                0x00000000200000ad        0x1 ./Core/Src/ds3231.o
                0x00000000200000ad                ds3231_sec
 .bss.ds3231_date
                0x00000000200000ae        0x1 ./Core/Src/ds3231.o
                0x00000000200000ae                ds3231_date
 .bss.ds3231_day
                0x00000000200000af        0x1 ./Core/Src/ds3231.o
                0x00000000200000af                ds3231_day
 .bss.ds3231_month
                0x00000000200000b0        0x1 ./Core/Src/ds3231.o
                0x00000000200000b0                ds3231_month
 .bss.ds3231_year
                0x00000000200000b1        0x1 ./Core/Src/ds3231.o
                0x00000000200000b1                ds3231_year
 *fill*         0x00000000200000b2        0x2 
 .bss.hsram1    0x00000000200000b4       0x50 ./Core/Src/fsmc.o
                0x00000000200000b4                hsram1
 .bss.FSMC_Initialized
                0x0000000020000104        0x4 ./Core/Src/fsmc.o
 .bss.hi2c1     0x0000000020000108       0x54 ./Core/Src/i2c.o
                0x0000000020000108                hi2c1
 .bss.lcddev    0x000000002000015c        0x6 ./Core/Src/lcd.o
                0x000000002000015c                lcddev
 *fill*         0x0000000020000162        0x2 
 .bss.led7_index
                0x0000000020000164        0x4 ./Core/Src/led_7seg.o
                0x0000000020000164                led7_index
 .bss.count_led_debug
                0x0000000020000168        0x2 ./Core/Src/main.o
                0x0000000020000168                count_led_debug
 .bss.flag_timer2
                0x000000002000016a        0x2 ./Core/Src/software_timer.o
                0x000000002000016a                flag_timer2
 .bss.timer2_counter
                0x000000002000016c        0x2 ./Core/Src/software_timer.o
                0x000000002000016c                timer2_counter
 .bss.timer2_MUL
                0x000000002000016e        0x2 ./Core/Src/software_timer.o
                0x000000002000016e                timer2_MUL
 .bss.hspi1     0x0000000020000170       0x58 ./Core/Src/spi.o
                0x0000000020000170                hspi1
 .bss.__sbrk_heap_end
                0x00000000200001c8        0x4 ./Core/Src/sysmem.o
 .bss.htim2     0x00000000200001cc       0x48 ./Core/Src/tim.o
                0x00000000200001cc                htim2
 .bss.receive_buffer1
                0x0000000020000214        0x1 ./Core/Src/uart.o
                0x0000000020000214                receive_buffer1
 *fill*         0x0000000020000215        0x3 
 .bss.msg       0x0000000020000218       0x64 ./Core/Src/uart.o
                0x0000000020000218                msg
 .bss.huart1    0x000000002000027c       0x44 ./Core/Src/usart.o
                0x000000002000027c                huart1
 .bss.uwTick    0x00000000200002c0        0x4 ./Drivers/STM32F4xx_HAL_Driver/Src/stm32f4xx_hal.o
                0x00000000200002c0                uwTick
 .bss.__sf      0x00000000200002c4      0x138 C:/ST/STM32CubeIDE_1.13.2/STM32CubeIDE/plugins/com.st.stm32cube.ide.mcu.externaltools.gnu-tools-for-stm32.11.3.rel1.win32_1.1.100.202309141235/tools/bin/../lib/gcc/arm-none-eabi/11.3.1/../../../../arm-none-eabi/lib/thumb/v7e-m+fp/hard\libc_nano.a(libc_a-findfp.o)
                0x00000000200002c4                __sf
 .bss.errno     0x00000000200003fc        0x4 C:/ST/STM32CubeIDE_1.13.2/STM32CubeIDE/plugins/com.st.stm32cube.ide.mcu.externaltools.gnu-tools-for-stm32.11.3.rel1.win32_1.1.100.202309141235/tools/bin/../lib/gcc/arm-none-eabi/11.3.1/../../../../arm-none-eabi/lib/thumb/v7e-m+fp/hard\libc_nano.a(libc_a-reent.o)
                0x00000000200003fc                errno
 .bss.__lock___malloc_recursive_mutex
                0x0000000020000400        0x1 C:/ST/STM32CubeIDE_1.13.2/STM32CubeIDE/plugins/com.st.stm32cube.ide.mcu.externaltools.gnu-tools-for-stm32.11.3.rel1.win32_1.1.100.202309141235/tools/bin/../lib/gcc/arm-none-eabi/11.3.1/../../../../arm-none-eabi/lib/thumb/v7e-m+fp/hard\libc_nano.a(libc_a-lock.o)
                0x0000000020000400                __lock___malloc_recursive_mutex
 *fill*         0x0000000020000401        0x3 
 .bss.__malloc_free_list
                0x0000000020000404        0x4 C:/ST/STM32CubeIDE_1.13.2/STM32CubeIDE/plugins/com.st.stm32cube.ide.mcu.externaltools.gnu-tools-for-stm32.11.3.rel1.win32_1.1.100.202309141235/tools/bin/../lib/gcc/arm-none-eabi/11.3.1/../../../../arm-none-eabi/lib/thumb/v7e-m+fp/hard\libc_nano.a(libc_a-mallocr.o)
                0x0000000020000404                __malloc_free_list
 .bss.__malloc_sbrk_start
                0x0000000020000408        0x4 C:/ST/STM32CubeIDE_1.13.2/STM32CubeIDE/plugins/com.st.stm32cube.ide.mcu.externaltools.gnu-tools-for-stm32.11.3.rel1.win32_1.1.100.202309141235/tools/bin/../lib/gcc/arm-none-eabi/11.3.1/../../../../arm-none-eabi/lib/thumb/v7e-m+fp/hard\libc_nano.a(libc_a-mallocr.o)
                0x0000000020000408                __malloc_sbrk_start
 *(COMMON)
                0x000000002000040c                . = ALIGN (0x4)
                0x000000002000040c                _ebss = .
                0x000000002000040c                __bss_end__ = _ebss

._user_heap_stack
                0x000000002000040c      0x604
                0x0000000020000410                . = ALIGN (0x8)
 *fill*         0x000000002000040c        0x4 
                [!provide]                        PROVIDE (end = .)
                0x0000000020000410                PROVIDE (_end = .)
                0x0000000020000610                . = (. + _Min_Heap_Size)
 *fill*         0x0000000020000410      0x200 
                0x0000000020000a10                . = (. + _Min_Stack_Size)
 *fill*         0x0000000020000610      0x400 
                0x0000000020000a10                . = ALIGN (0x8)

/DISCARD/
 libc.a(*)
 libm.a(*)
 libgcc.a(*)

.ARM.attributes
                0x0000000000000000       0x30
 *(.ARM.attributes)
 .ARM.attributes
                0x0000000000000000       0x1e C:/ST/STM32CubeIDE_1.13.2/STM32CubeIDE/plugins/com.st.stm32cube.ide.mcu.externaltools.gnu-tools-for-stm32.11.3.rel1.win32_1.1.100.202309141235/tools/bin/../lib/gcc/arm-none-eabi/11.3.1/thumb/v7e-m+fp/hard/crti.o
 .ARM.attributes
                0x000000000000001e       0x34 C:/ST/STM32CubeIDE_1.13.2/STM32CubeIDE/plugins/com.st.stm32cube.ide.mcu.externaltools.gnu-tools-for-stm32.11.3.rel1.win32_1.1.100.202309141235/tools/bin/../lib/gcc/arm-none-eabi/11.3.1/thumb/v7e-m+fp/hard/crtbegin.o
 .ARM.attributes
                0x0000000000000052       0x34 ./Core/Src/button.o
 .ARM.attributes
                0x0000000000000086       0x34 ./Core/Src/ds3231.o
 .ARM.attributes
                0x00000000000000ba       0x34 ./Core/Src/fsmc.o
 .ARM.attributes
                0x00000000000000ee       0x34 ./Core/Src/gpio.o
 .ARM.attributes
                0x0000000000000122       0x34 ./Core/Src/i2c.o
 .ARM.attributes
                0x0000000000000156       0x34 ./Core/Src/lcd.o
 .ARM.attributes
                0x000000000000018a       0x34 ./Core/Src/led_7seg.o
 .ARM.attributes
                0x00000000000001be       0x34 ./Core/Src/main.o
 .ARM.attributes
                0x00000000000001f2       0x34 ./Core/Src/software_timer.o
 .ARM.attributes
                0x0000000000000226       0x34 ./Core/Src/spi.o
 .ARM.attributes
                0x000000000000025a       0x34 ./Core/Src/stm32f4xx_hal_msp.o
 .ARM.attributes
                0x000000000000028e       0x34 ./Core/Src/stm32f4xx_it.o
 .ARM.attributes
                0x00000000000002c2       0x34 ./Core/Src/sysmem.o
 .ARM.attributes
                0x00000000000002f6       0x34 ./Core/Src/system_stm32f4xx.o
 .ARM.attributes
                0x000000000000032a       0x34 ./Core/Src/tim.o
 .ARM.attributes
                0x000000000000035e       0x34 ./Core/Src/uart.o
 .ARM.attributes
                0x0000000000000392       0x34 ./Core/Src/usart.o
 .ARM.attributes
                0x00000000000003c6       0x34 ./Core/Src/utils.o
 .ARM.attributes
                0x00000000000003fa       0x21 ./Core/Startup/startup_stm32f407zetx.o
 .ARM.attributes
                0x000000000000041b       0x21 ./Core/Startup/startup_stm32f407zgtx.o
 .ARM.attributes
                0x000000000000043c       0x34 ./Drivers/STM32F4xx_HAL_Driver/Src/stm32f4xx_hal.o
 .ARM.attributes
                0x0000000000000470       0x34 ./Drivers/STM32F4xx_HAL_Driver/Src/stm32f4xx_hal_cortex.o
 .ARM.attributes
                0x00000000000004a4       0x34 ./Drivers/STM32F4xx_HAL_Driver/Src/stm32f4xx_hal_dma.o
 .ARM.attributes
                0x00000000000004d8       0x34 ./Drivers/STM32F4xx_HAL_Driver/Src/stm32f4xx_hal_gpio.o
 .ARM.attributes
                0x000000000000050c       0x34 ./Drivers/STM32F4xx_HAL_Driver/Src/stm32f4xx_hal_i2c.o
 .ARM.attributes
                0x0000000000000540       0x34 ./Drivers/STM32F4xx_HAL_Driver/Src/stm32f4xx_hal_rcc.o
 .ARM.attributes
                0x0000000000000574       0x34 ./Drivers/STM32F4xx_HAL_Driver/Src/stm32f4xx_hal_spi.o
 .ARM.attributes
                0x00000000000005a8       0x34 ./Drivers/STM32F4xx_HAL_Driver/Src/stm32f4xx_hal_sram.o
 .ARM.attributes
                0x00000000000005dc       0x34 ./Drivers/STM32F4xx_HAL_Driver/Src/stm32f4xx_hal_tim.o
 .ARM.attributes
                0x0000000000000610       0x34 ./Drivers/STM32F4xx_HAL_Driver/Src/stm32f4xx_hal_tim_ex.o
 .ARM.attributes
                0x0000000000000644       0x34 ./Drivers/STM32F4xx_HAL_Driver/Src/stm32f4xx_hal_uart.o
 .ARM.attributes
                0x0000000000000678       0x34 ./Drivers/STM32F4xx_HAL_Driver/Src/stm32f4xx_ll_fsmc.o
 .ARM.attributes
                0x00000000000006ac       0x34 C:/ST/STM32CubeIDE_1.13.2/STM32CubeIDE/plugins/com.st.stm32cube.ide.mcu.externaltools.gnu-tools-for-stm32.11.3.rel1.win32_1.1.100.202309141235/tools/bin/../lib/gcc/arm-none-eabi/11.3.1/../../../../arm-none-eabi/lib/thumb/v7e-m+fp/hard\libc_nano.a(libc_a-findfp.o)
 .ARM.attributes
                0x00000000000006e0       0x34 C:/ST/STM32CubeIDE_1.13.2/STM32CubeIDE/plugins/com.st.stm32cube.ide.mcu.externaltools.gnu-tools-for-stm32.11.3.rel1.win32_1.1.100.202309141235/tools/bin/../lib/gcc/arm-none-eabi/11.3.1/../../../../arm-none-eabi/lib/thumb/v7e-m+fp/hard\libc_nano.a(libc_a-sprintf.o)
 .ARM.attributes
                0x0000000000000714       0x34 C:/ST/STM32CubeIDE_1.13.2/STM32CubeIDE/plugins/com.st.stm32cube.ide.mcu.externaltools.gnu-tools-for-stm32.11.3.rel1.win32_1.1.100.202309141235/tools/bin/../lib/gcc/arm-none-eabi/11.3.1/../../../../arm-none-eabi/lib/thumb/v7e-m+fp/hard\libc_nano.a(libc_a-memset.o)
 .ARM.attributes
                0x0000000000000748       0x34 C:/ST/STM32CubeIDE_1.13.2/STM32CubeIDE/plugins/com.st.stm32cube.ide.mcu.externaltools.gnu-tools-for-stm32.11.3.rel1.win32_1.1.100.202309141235/tools/bin/../lib/gcc/arm-none-eabi/11.3.1/../../../../arm-none-eabi/lib/thumb/v7e-m+fp/hard\libc_nano.a(libc_a-reent.o)
 .ARM.attributes
                0x000000000000077c       0x34 C:/ST/STM32CubeIDE_1.13.2/STM32CubeIDE/plugins/com.st.stm32cube.ide.mcu.externaltools.gnu-tools-for-stm32.11.3.rel1.win32_1.1.100.202309141235/tools/bin/../lib/gcc/arm-none-eabi/11.3.1/../../../../arm-none-eabi/lib/thumb/v7e-m+fp/hard\libc_nano.a(libc_a-impure.o)
 .ARM.attributes
                0x00000000000007b0       0x34 C:/ST/STM32CubeIDE_1.13.2/STM32CubeIDE/plugins/com.st.stm32cube.ide.mcu.externaltools.gnu-tools-for-stm32.11.3.rel1.win32_1.1.100.202309141235/tools/bin/../lib/gcc/arm-none-eabi/11.3.1/../../../../arm-none-eabi/lib/thumb/v7e-m+fp/hard\libc_nano.a(libc_a-errno.o)
 .ARM.attributes
                0x00000000000007e4       0x34 C:/ST/STM32CubeIDE_1.13.2/STM32CubeIDE/plugins/com.st.stm32cube.ide.mcu.externaltools.gnu-tools-for-stm32.11.3.rel1.win32_1.1.100.202309141235/tools/bin/../lib/gcc/arm-none-eabi/11.3.1/../../../../arm-none-eabi/lib/thumb/v7e-m+fp/hard\libc_nano.a(libc_a-init.o)
 .ARM.attributes
                0x0000000000000818       0x34 C:/ST/STM32CubeIDE_1.13.2/STM32CubeIDE/plugins/com.st.stm32cube.ide.mcu.externaltools.gnu-tools-for-stm32.11.3.rel1.win32_1.1.100.202309141235/tools/bin/../lib/gcc/arm-none-eabi/11.3.1/../../../../arm-none-eabi/lib/thumb/v7e-m+fp/hard\libc_nano.a(libc_a-lock.o)
 .ARM.attributes
                0x000000000000084c       0x34 C:/ST/STM32CubeIDE_1.13.2/STM32CubeIDE/plugins/com.st.stm32cube.ide.mcu.externaltools.gnu-tools-for-stm32.11.3.rel1.win32_1.1.100.202309141235/tools/bin/../lib/gcc/arm-none-eabi/11.3.1/../../../../arm-none-eabi/lib/thumb/v7e-m+fp/hard\libc_nano.a(libc_a-freer.o)
 .ARM.attributes
                0x0000000000000880       0x34 C:/ST/STM32CubeIDE_1.13.2/STM32CubeIDE/plugins/com.st.stm32cube.ide.mcu.externaltools.gnu-tools-for-stm32.11.3.rel1.win32_1.1.100.202309141235/tools/bin/../lib/gcc/arm-none-eabi/11.3.1/../../../../arm-none-eabi/lib/thumb/v7e-m+fp/hard\libc_nano.a(libc_a-mallocr.o)
 .ARM.attributes
                0x00000000000008b4       0x34 C:/ST/STM32CubeIDE_1.13.2/STM32CubeIDE/plugins/com.st.stm32cube.ide.mcu.externaltools.gnu-tools-for-stm32.11.3.rel1.win32_1.1.100.202309141235/tools/bin/../lib/gcc/arm-none-eabi/11.3.1/../../../../arm-none-eabi/lib/thumb/v7e-m+fp/hard\libc_nano.a(libc_a-mlock.o)
 .ARM.attributes
                0x00000000000008e8       0x34 C:/ST/STM32CubeIDE_1.13.2/STM32CubeIDE/plugins/com.st.stm32cube.ide.mcu.externaltools.gnu-tools-for-stm32.11.3.rel1.win32_1.1.100.202309141235/tools/bin/../lib/gcc/arm-none-eabi/11.3.1/../../../../arm-none-eabi/lib/thumb/v7e-m+fp/hard\libc_nano.a(libc_a-nano-svfprintf.o)
 .ARM.attributes
                0x000000000000091c       0x34 C:/ST/STM32CubeIDE_1.13.2/STM32CubeIDE/plugins/com.st.stm32cube.ide.mcu.externaltools.gnu-tools-for-stm32.11.3.rel1.win32_1.1.100.202309141235/tools/bin/../lib/gcc/arm-none-eabi/11.3.1/../../../../arm-none-eabi/lib/thumb/v7e-m+fp/hard\libc_nano.a(libc_a-nano-vfprintf_i.o)
 .ARM.attributes
                0x0000000000000950       0x34 C:/ST/STM32CubeIDE_1.13.2/STM32CubeIDE/plugins/com.st.stm32cube.ide.mcu.externaltools.gnu-tools-for-stm32.11.3.rel1.win32_1.1.100.202309141235/tools/bin/../lib/gcc/arm-none-eabi/11.3.1/../../../../arm-none-eabi/lib/thumb/v7e-m+fp/hard\libc_nano.a(libc_a-memmove.o)
 .ARM.attributes
                0x0000000000000984       0x34 C:/ST/STM32CubeIDE_1.13.2/STM32CubeIDE/plugins/com.st.stm32cube.ide.mcu.externaltools.gnu-tools-for-stm32.11.3.rel1.win32_1.1.100.202309141235/tools/bin/../lib/gcc/arm-none-eabi/11.3.1/../../../../arm-none-eabi/lib/thumb/v7e-m+fp/hard\libc_nano.a(libc_a-sbrkr.o)
 .ARM.attributes
                0x00000000000009b8       0x1c C:/ST/STM32CubeIDE_1.13.2/STM32CubeIDE/plugins/com.st.stm32cube.ide.mcu.externaltools.gnu-tools-for-stm32.11.3.rel1.win32_1.1.100.202309141235/tools/bin/../lib/gcc/arm-none-eabi/11.3.1/../../../../arm-none-eabi/lib/thumb/v7e-m+fp/hard\libc_nano.a(libc_a-memchr.o)
 .ARM.attributes
                0x00000000000009d4       0x34 C:/ST/STM32CubeIDE_1.13.2/STM32CubeIDE/plugins/com.st.stm32cube.ide.mcu.externaltools.gnu-tools-for-stm32.11.3.rel1.win32_1.1.100.202309141235/tools/bin/../lib/gcc/arm-none-eabi/11.3.1/../../../../arm-none-eabi/lib/thumb/v7e-m+fp/hard\libc_nano.a(libc_a-memcpy-stub.o)
 .ARM.attributes
                0x0000000000000a08       0x34 C:/ST/STM32CubeIDE_1.13.2/STM32CubeIDE/plugins/com.st.stm32cube.ide.mcu.externaltools.gnu-tools-for-stm32.11.3.rel1.win32_1.1.100.202309141235/tools/bin/../lib/gcc/arm-none-eabi/11.3.1/../../../../arm-none-eabi/lib/thumb/v7e-m+fp/hard\libc_nano.a(libc_a-reallocr.o)
 .ARM.attributes
                0x0000000000000a3c       0x34 C:/ST/STM32CubeIDE_1.13.2/STM32CubeIDE/plugins/com.st.stm32cube.ide.mcu.externaltools.gnu-tools-for-stm32.11.3.rel1.win32_1.1.100.202309141235/tools/bin/../lib/gcc/arm-none-eabi/11.3.1/../../../../arm-none-eabi/lib/thumb/v7e-m+fp/hard\libc_nano.a(libc_a-msizer.o)
 .ARM.attributes
                0x0000000000000a70       0x1e C:/ST/STM32CubeIDE_1.13.2/STM32CubeIDE/plugins/com.st.stm32cube.ide.mcu.externaltools.gnu-tools-for-stm32.11.3.rel1.win32_1.1.100.202309141235/tools/bin/../lib/gcc/arm-none-eabi/11.3.1/thumb/v7e-m+fp/hard\libgcc.a(_aeabi_uldivmod.o)
 .ARM.attributes
                0x0000000000000a8e       0x34 C:/ST/STM32CubeIDE_1.13.2/STM32CubeIDE/plugins/com.st.stm32cube.ide.mcu.externaltools.gnu-tools-for-stm32.11.3.rel1.win32_1.1.100.202309141235/tools/bin/../lib/gcc/arm-none-eabi/11.3.1/thumb/v7e-m+fp/hard\libgcc.a(_udivmoddi4.o)
 .ARM.attributes
                0x0000000000000ac2       0x1e C:/ST/STM32CubeIDE_1.13.2/STM32CubeIDE/plugins/com.st.stm32cube.ide.mcu.externaltools.gnu-tools-for-stm32.11.3.rel1.win32_1.1.100.202309141235/tools/bin/../lib/gcc/arm-none-eabi/11.3.1/thumb/v7e-m+fp/hard\libgcc.a(_dvmd_tls.o)
 .ARM.attributes
                0x0000000000000ae0       0x1e C:/ST/STM32CubeIDE_1.13.2/STM32CubeIDE/plugins/com.st.stm32cube.ide.mcu.externaltools.gnu-tools-for-stm32.11.3.rel1.win32_1.1.100.202309141235/tools/bin/../lib/gcc/arm-none-eabi/11.3.1/thumb/v7e-m+fp/hard/crtn.o
OUTPUT(arm.elf elf32-littlearm)
LOAD linker stubs
LOAD C:/ST/STM32CubeIDE_1.13.2/STM32CubeIDE/plugins/com.st.stm32cube.ide.mcu.externaltools.gnu-tools-for-stm32.11.3.rel1.win32_1.1.100.202309141235/tools/bin/../lib/gcc/arm-none-eabi/11.3.1/../../../../arm-none-eabi/lib/thumb/v7e-m+fp/hard\libc.a
LOAD C:/ST/STM32CubeIDE_1.13.2/STM32CubeIDE/plugins/com.st.stm32cube.ide.mcu.externaltools.gnu-tools-for-stm32.11.3.rel1.win32_1.1.100.202309141235/tools/bin/../lib/gcc/arm-none-eabi/11.3.1/../../../../arm-none-eabi/lib/thumb/v7e-m+fp/hard\libm.a
LOAD C:/ST/STM32CubeIDE_1.13.2/STM32CubeIDE/plugins/com.st.stm32cube.ide.mcu.externaltools.gnu-tools-for-stm32.11.3.rel1.win32_1.1.100.202309141235/tools/bin/../lib/gcc/arm-none-eabi/11.3.1/thumb/v7e-m+fp/hard\libgcc.a

.comment        0x0000000000000000       0x43
 .comment       0x0000000000000000       0x43 C:/ST/STM32CubeIDE_1.13.2/STM32CubeIDE/plugins/com.st.stm32cube.ide.mcu.externaltools.gnu-tools-for-stm32.11.3.rel1.win32_1.1.100.202309141235/tools/bin/../lib/gcc/arm-none-eabi/11.3.1/thumb/v7e-m+fp/hard/crtbegin.o
                                         0x44 (size before relaxing)
 .comment       0x0000000000000043       0x44 ./Core/Src/button.o
 .comment       0x0000000000000043       0x44 ./Core/Src/ds3231.o
 .comment       0x0000000000000043       0x44 ./Core/Src/fsmc.o
 .comment       0x0000000000000043       0x44 ./Core/Src/gpio.o
 .comment       0x0000000000000043       0x44 ./Core/Src/i2c.o
 .comment       0x0000000000000043       0x44 ./Core/Src/lcd.o
 .comment       0x0000000000000043       0x44 ./Core/Src/led_7seg.o
 .comment       0x0000000000000043       0x44 ./Core/Src/main.o
 .comment       0x0000000000000043       0x44 ./Core/Src/software_timer.o
 .comment       0x0000000000000043       0x44 ./Core/Src/spi.o
 .comment       0x0000000000000043       0x44 ./Core/Src/stm32f4xx_hal_msp.o
 .comment       0x0000000000000043       0x44 ./Core/Src/stm32f4xx_it.o
 .comment       0x0000000000000043       0x44 ./Core/Src/sysmem.o
 .comment       0x0000000000000043       0x44 ./Core/Src/system_stm32f4xx.o
 .comment       0x0000000000000043       0x44 ./Core/Src/tim.o
 .comment       0x0000000000000043       0x44 ./Core/Src/uart.o
 .comment       0x0000000000000043       0x44 ./Core/Src/usart.o
 .comment       0x0000000000000043       0x44 ./Core/Src/utils.o
 .comment       0x0000000000000043       0x44 ./Drivers/STM32F4xx_HAL_Driver/Src/stm32f4xx_hal.o
 .comment       0x0000000000000043       0x44 ./Drivers/STM32F4xx_HAL_Driver/Src/stm32f4xx_hal_cortex.o
 .comment       0x0000000000000043       0x44 ./Drivers/STM32F4xx_HAL_Driver/Src/stm32f4xx_hal_dma.o
 .comment       0x0000000000000043       0x44 ./Drivers/STM32F4xx_HAL_Driver/Src/stm32f4xx_hal_gpio.o
 .comment       0x0000000000000043       0x44 ./Drivers/STM32F4xx_HAL_Driver/Src/stm32f4xx_hal_i2c.o
 .comment       0x0000000000000043       0x44 ./Drivers/STM32F4xx_HAL_Driver/Src/stm32f4xx_hal_rcc.o
 .comment       0x0000000000000043       0x44 ./Drivers/STM32F4xx_HAL_Driver/Src/stm32f4xx_hal_spi.o
 .comment       0x0000000000000043       0x44 ./Drivers/STM32F4xx_HAL_Driver/Src/stm32f4xx_hal_sram.o
 .comment       0x0000000000000043       0x44 ./Drivers/STM32F4xx_HAL_Driver/Src/stm32f4xx_hal_tim.o
 .comment       0x0000000000000043       0x44 ./Drivers/STM32F4xx_HAL_Driver/Src/stm32f4xx_hal_tim_ex.o
 .comment       0x0000000000000043       0x44 ./Drivers/STM32F4xx_HAL_Driver/Src/stm32f4xx_hal_uart.o
 .comment       0x0000000000000043       0x44 ./Drivers/STM32F4xx_HAL_Driver/Src/stm32f4xx_ll_fsmc.o

.debug_info     0x0000000000000000    0x171b6
 .debug_info    0x0000000000000000      0x76e ./Core/Src/button.o
 .debug_info    0x000000000000076e      0x7d5 ./Core/Src/ds3231.o
 .debug_info    0x0000000000000f43      0x99a ./Core/Src/fsmc.o
 .debug_info    0x00000000000018dd      0x45d ./Core/Src/gpio.o
 .debug_info    0x0000000000001d3a      0x968 ./Core/Src/i2c.o
 .debug_info    0x00000000000026a2      0xe15 ./Core/Src/lcd.o
 .debug_info    0x00000000000034b7      0x803 ./Core/Src/led_7seg.o
 .debug_info    0x0000000000003cba      0x73c ./Core/Src/main.o
 .debug_info    0x00000000000043f6      0x744 ./Core/Src/software_timer.o
 .debug_info    0x0000000000004b3a      0x943 ./Core/Src/spi.o
 .debug_info    0x000000000000547d      0x269 ./Core/Src/stm32f4xx_hal_msp.o
 .debug_info    0x00000000000056e6      0x963 ./Core/Src/stm32f4xx_it.o
 .debug_info    0x0000000000006049      0x168 ./Core/Src/sysmem.o
 .debug_info    0x00000000000061b1      0x512 ./Core/Src/system_stm32f4xx.o
 .debug_info    0x00000000000066c3      0xbf9 ./Core/Src/tim.o
 .debug_info    0x00000000000072bc      0x75a ./Core/Src/uart.o
 .debug_info    0x0000000000007a16      0xb65 ./Core/Src/usart.o
 .debug_info    0x000000000000857b       0xd5 ./Core/Src/utils.o
 .debug_info    0x0000000000008650       0x23 ./Core/Startup/startup_stm32f407zetx.o
 .debug_info    0x0000000000008673       0x23 ./Core/Startup/startup_stm32f407zgtx.o
 .debug_info    0x0000000000008696      0x948 ./Drivers/STM32F4xx_HAL_Driver/Src/stm32f4xx_hal.o
 .debug_info    0x0000000000008fde      0xd46 ./Drivers/STM32F4xx_HAL_Driver/Src/stm32f4xx_hal_cortex.o
 .debug_info    0x0000000000009d24      0x8e7 ./Drivers/STM32F4xx_HAL_Driver/Src/stm32f4xx_hal_dma.o
 .debug_info    0x000000000000a60b      0x6c3 ./Drivers/STM32F4xx_HAL_Driver/Src/stm32f4xx_hal_gpio.o
 .debug_info    0x000000000000acce     0x23e1 ./Drivers/STM32F4xx_HAL_Driver/Src/stm32f4xx_hal_i2c.o
 .debug_info    0x000000000000d0af      0x8b1 ./Drivers/STM32F4xx_HAL_Driver/Src/stm32f4xx_hal_rcc.o
 .debug_info    0x000000000000d960     0x15fb ./Drivers/STM32F4xx_HAL_Driver/Src/stm32f4xx_hal_spi.o
 .debug_info    0x000000000000ef5b      0xb3e ./Drivers/STM32F4xx_HAL_Driver/Src/stm32f4xx_hal_sram.o
 .debug_info    0x000000000000fa99     0x2949 ./Drivers/STM32F4xx_HAL_Driver/Src/stm32f4xx_hal_tim.o
 .debug_info    0x00000000000123e2     0x14ae ./Drivers/STM32F4xx_HAL_Driver/Src/stm32f4xx_hal_tim_ex.o
 .debug_info    0x0000000000013890     0x2f9a ./Drivers/STM32F4xx_HAL_Driver/Src/stm32f4xx_hal_uart.o
 .debug_info    0x000000000001682a      0x98c ./Drivers/STM32F4xx_HAL_Driver/Src/stm32f4xx_ll_fsmc.o

.debug_abbrev   0x0000000000000000     0x3c7e
 .debug_abbrev  0x0000000000000000      0x1dd ./Core/Src/button.o
 .debug_abbrev  0x00000000000001dd      0x1cf ./Core/Src/ds3231.o
 .debug_abbrev  0x00000000000003ac      0x215 ./Core/Src/fsmc.o
 .debug_abbrev  0x00000000000005c1      0x152 ./Core/Src/gpio.o
 .debug_abbrev  0x0000000000000713      0x1f1 ./Core/Src/i2c.o
 .debug_abbrev  0x0000000000000904      0x32a ./Core/Src/lcd.o
 .debug_abbrev  0x0000000000000c2e      0x1cc ./Core/Src/led_7seg.o
 .debug_abbrev  0x0000000000000dfa      0x272 ./Core/Src/main.o
 .debug_abbrev  0x000000000000106c      0x202 ./Core/Src/software_timer.o
 .debug_abbrev  0x000000000000126e      0x1f3 ./Core/Src/spi.o
 .debug_abbrev  0x0000000000001461       0xd8 ./Core/Src/stm32f4xx_hal_msp.o
 .debug_abbrev  0x0000000000001539      0x195 ./Core/Src/stm32f4xx_it.o
 .debug_abbrev  0x00000000000016ce       0xbc ./Core/Src/sysmem.o
 .debug_abbrev  0x000000000000178a      0x11a ./Core/Src/system_stm32f4xx.o
 .debug_abbrev  0x00000000000018a4      0x1f0 ./Core/Src/tim.o
 .debug_abbrev  0x0000000000001a94      0x232 ./Core/Src/uart.o
 .debug_abbrev  0x0000000000001cc6      0x211 ./Core/Src/usart.o
 .debug_abbrev  0x0000000000001ed7       0x86 ./Core/Src/utils.o
 .debug_abbrev  0x0000000000001f5d       0x12 ./Core/Startup/startup_stm32f407zetx.o
 .debug_abbrev  0x0000000000001f6f       0x12 ./Core/Startup/startup_stm32f407zgtx.o
 .debug_abbrev  0x0000000000001f81      0x213 ./Drivers/STM32F4xx_HAL_Driver/Src/stm32f4xx_hal.o
 .debug_abbrev  0x0000000000002194      0x327 ./Drivers/STM32F4xx_HAL_Driver/Src/stm32f4xx_hal_cortex.o
 .debug_abbrev  0x00000000000024bb      0x264 ./Drivers/STM32F4xx_HAL_Driver/Src/stm32f4xx_hal_dma.o
 .debug_abbrev  0x000000000000271f      0x1d4 ./Drivers/STM32F4xx_HAL_Driver/Src/stm32f4xx_hal_gpio.o
 .debug_abbrev  0x00000000000028f3      0x2ad ./Drivers/STM32F4xx_HAL_Driver/Src/stm32f4xx_hal_i2c.o
 .debug_abbrev  0x0000000000002ba0      0x2b6 ./Drivers/STM32F4xx_HAL_Driver/Src/stm32f4xx_hal_rcc.o
 .debug_abbrev  0x0000000000002e56      0x284 ./Drivers/STM32F4xx_HAL_Driver/Src/stm32f4xx_hal_spi.o
 .debug_abbrev  0x00000000000030da      0x208 ./Drivers/STM32F4xx_HAL_Driver/Src/stm32f4xx_hal_sram.o
 .debug_abbrev  0x00000000000032e2      0x271 ./Drivers/STM32F4xx_HAL_Driver/Src/stm32f4xx_hal_tim.o
 .debug_abbrev  0x0000000000003553      0x27c ./Drivers/STM32F4xx_HAL_Driver/Src/stm32f4xx_hal_tim_ex.o
 .debug_abbrev  0x00000000000037cf      0x307 ./Drivers/STM32F4xx_HAL_Driver/Src/stm32f4xx_hal_uart.o
 .debug_abbrev  0x0000000000003ad6      0x1a8 ./Drivers/STM32F4xx_HAL_Driver/Src/stm32f4xx_ll_fsmc.o

.debug_aranges  0x0000000000000000     0x1528
 .debug_aranges
                0x0000000000000000       0x28 ./Core/Src/button.o
 .debug_aranges
                0x0000000000000028       0x30 ./Core/Src/ds3231.o
 .debug_aranges
                0x0000000000000058       0x40 ./Core/Src/fsmc.o
 .debug_aranges
                0x0000000000000098       0x20 ./Core/Src/gpio.o
 .debug_aranges
                0x00000000000000b8       0x30 ./Core/Src/i2c.o
 .debug_aranges
                0x00000000000000e8       0xe8 ./Core/Src/lcd.o
 .debug_aranges
                0x00000000000001d0       0x48 ./Core/Src/led_7seg.o
 .debug_aranges
                0x0000000000000218       0x50 ./Core/Src/main.o
 .debug_aranges
                0x0000000000000268       0x30 ./Core/Src/software_timer.o
 .debug_aranges
                0x0000000000000298       0x30 ./Core/Src/spi.o
 .debug_aranges
                0x00000000000002c8       0x20 ./Core/Src/stm32f4xx_hal_msp.o
 .debug_aranges
                0x00000000000002e8       0x70 ./Core/Src/stm32f4xx_it.o
 .debug_aranges
                0x0000000000000358       0x20 ./Core/Src/sysmem.o
 .debug_aranges
                0x0000000000000378       0x28 ./Core/Src/system_stm32f4xx.o
 .debug_aranges
                0x00000000000003a0       0x30 ./Core/Src/tim.o
 .debug_aranges
                0x00000000000003d0       0x48 ./Core/Src/uart.o
 .debug_aranges
                0x0000000000000418       0x30 ./Core/Src/usart.o
 .debug_aranges
                0x0000000000000448       0x28 ./Core/Src/utils.o
 .debug_aranges
                0x0000000000000470       0x28 ./Core/Startup/startup_stm32f407zetx.o
 .debug_aranges
                0x0000000000000498       0x28 ./Core/Startup/startup_stm32f407zgtx.o
 .debug_aranges
                0x00000000000004c0       0xf0 ./Drivers/STM32F4xx_HAL_Driver/Src/stm32f4xx_hal.o
 .debug_aranges
                0x00000000000005b0      0x118 ./Drivers/STM32F4xx_HAL_Driver/Src/stm32f4xx_hal_cortex.o
 .debug_aranges
                0x00000000000006c8       0x90 ./Drivers/STM32F4xx_HAL_Driver/Src/stm32f4xx_hal_dma.o
 .debug_aranges
                0x0000000000000758       0x58 ./Drivers/STM32F4xx_HAL_Driver/Src/stm32f4xx_hal_gpio.o
 .debug_aranges
                0x00000000000007b0      0x2a0 ./Drivers/STM32F4xx_HAL_Driver/Src/stm32f4xx_hal_i2c.o
 .debug_aranges
                0x0000000000000a50       0x88 ./Drivers/STM32F4xx_HAL_Driver/Src/stm32f4xx_hal_rcc.o
 .debug_aranges
                0x0000000000000ad8      0x1d0 ./Drivers/STM32F4xx_HAL_Driver/Src/stm32f4xx_hal_spi.o
 .debug_aranges
                0x0000000000000ca8       0xa0 ./Drivers/STM32F4xx_HAL_Driver/Src/stm32f4xx_hal_sram.o
 .debug_aranges
                0x0000000000000d48      0x3d0 ./Drivers/STM32F4xx_HAL_Driver/Src/stm32f4xx_hal_tim.o
 .debug_aranges
                0x0000000000001118      0x168 ./Drivers/STM32F4xx_HAL_Driver/Src/stm32f4xx_hal_tim_ex.o
 .debug_aranges
                0x0000000000001280      0x200 ./Drivers/STM32F4xx_HAL_Driver/Src/stm32f4xx_hal_uart.o
 .debug_aranges
                0x0000000000001480       0xa8 ./Drivers/STM32F4xx_HAL_Driver/Src/stm32f4xx_ll_fsmc.o

.debug_rnglists
                0x0000000000000000     0x106f
 .debug_rnglists
                0x0000000000000000       0x1a ./Core/Src/button.o
 .debug_rnglists
                0x000000000000001a       0x21 ./Core/Src/ds3231.o
 .debug_rnglists
                0x000000000000003b       0x2d ./Core/Src/fsmc.o
 .debug_rnglists
                0x0000000000000068       0x14 ./Core/Src/gpio.o
 .debug_rnglists
                0x000000000000007c       0x20 ./Core/Src/i2c.o
 .debug_rnglists
                0x000000000000009c       0xb5 ./Core/Src/lcd.o
 .debug_rnglists
                0x0000000000000151       0x32 ./Core/Src/led_7seg.o
 .debug_rnglists
                0x0000000000000183       0x38 ./Core/Src/main.o
 .debug_rnglists
                0x00000000000001bb       0x1f ./Core/Src/software_timer.o
 .debug_rnglists
                0x00000000000001da       0x20 ./Core/Src/spi.o
 .debug_rnglists
                0x00000000000001fa       0x13 ./Core/Src/stm32f4xx_hal_msp.o
 .debug_rnglists
                0x000000000000020d       0x4f ./Core/Src/stm32f4xx_it.o
 .debug_rnglists
                0x000000000000025c       0x13 ./Core/Src/sysmem.o
 .debug_rnglists
                0x000000000000026f       0x1a ./Core/Src/system_stm32f4xx.o
 .debug_rnglists
                0x0000000000000289       0x20 ./Core/Src/tim.o
 .debug_rnglists
                0x00000000000002a9       0x32 ./Core/Src/uart.o
 .debug_rnglists
                0x00000000000002db       0x20 ./Core/Src/usart.o
 .debug_rnglists
                0x00000000000002fb       0x19 ./Core/Src/utils.o
 .debug_rnglists
                0x0000000000000314       0x19 ./Core/Startup/startup_stm32f407zetx.o
 .debug_rnglists
                0x000000000000032d       0x19 ./Core/Startup/startup_stm32f407zgtx.o
 .debug_rnglists
                0x0000000000000346       0xaf ./Drivers/STM32F4xx_HAL_Driver/Src/stm32f4xx_hal.o
 .debug_rnglists
                0x00000000000003f5       0xce ./Drivers/STM32F4xx_HAL_Driver/Src/stm32f4xx_hal_cortex.o
 .debug_rnglists
                0x00000000000004c3       0x70 ./Drivers/STM32F4xx_HAL_Driver/Src/stm32f4xx_hal_dma.o
 .debug_rnglists
                0x0000000000000533       0x3f ./Drivers/STM32F4xx_HAL_Driver/Src/stm32f4xx_hal_gpio.o
 .debug_rnglists
                0x0000000000000572      0x23f ./Drivers/STM32F4xx_HAL_Driver/Src/stm32f4xx_hal_i2c.o
 .debug_rnglists
                0x00000000000007b1       0x66 ./Drivers/STM32F4xx_HAL_Driver/Src/stm32f4xx_hal_rcc.o
 .debug_rnglists
                0x0000000000000817      0x16f ./Drivers/STM32F4xx_HAL_Driver/Src/stm32f4xx_hal_spi.o
 .debug_rnglists
                0x0000000000000986       0x76 ./Drivers/STM32F4xx_HAL_Driver/Src/stm32f4xx_hal_sram.o
 .debug_rnglists
                0x00000000000009fc      0x31a ./Drivers/STM32F4xx_HAL_Driver/Src/stm32f4xx_hal_tim.o
 .debug_rnglists
                0x0000000000000d16      0x125 ./Drivers/STM32F4xx_HAL_Driver/Src/stm32f4xx_hal_tim_ex.o
 .debug_rnglists
                0x0000000000000e3b      0x1b7 ./Drivers/STM32F4xx_HAL_Driver/Src/stm32f4xx_hal_uart.o
 .debug_rnglists
                0x0000000000000ff2       0x7d ./Drivers/STM32F4xx_HAL_Driver/Src/stm32f4xx_ll_fsmc.o

.debug_macro    0x0000000000000000    0x243d2
 .debug_macro   0x0000000000000000      0x23a ./Core/Src/button.o
 .debug_macro   0x000000000000023a      0xaa8 ./Core/Src/button.o
 .debug_macro   0x0000000000000ce2      0x2ad ./Core/Src/button.o
 .debug_macro   0x0000000000000f8f       0x2e ./Core/Src/button.o
 .debug_macro   0x0000000000000fbd       0x2f ./Core/Src/button.o
 .debug_macro   0x0000000000000fec       0x22 ./Core/Src/button.o
 .debug_macro   0x000000000000100e       0x8e ./Core/Src/button.o
 .debug_macro   0x000000000000109c       0x51 ./Core/Src/button.o
 .debug_macro   0x00000000000010ed      0x103 ./Core/Src/button.o
 .debug_macro   0x00000000000011f0       0x6a ./Core/Src/button.o
 .debug_macro   0x000000000000125a      0x1df ./Core/Src/button.o
 .debug_macro   0x0000000000001439       0x1c ./Core/Src/button.o
 .debug_macro   0x0000000000001455       0x22 ./Core/Src/button.o
 .debug_macro   0x0000000000001477       0xd9 ./Core/Src/button.o
 .debug_macro   0x0000000000001550     0x102d ./Core/Src/button.o
 .debug_macro   0x000000000000257d      0x11f ./Core/Src/button.o
 .debug_macro   0x000000000000269c    0x15e58 ./Core/Src/button.o
 .debug_macro   0x00000000000184f4       0x6d ./Core/Src/button.o
 .debug_macro   0x0000000000018561     0x3666 ./Core/Src/button.o
 .debug_macro   0x000000000001bbc7      0x174 ./Core/Src/button.o
 .debug_macro   0x000000000001bd3b       0x5c ./Core/Src/button.o
 .debug_macro   0x000000000001bd97      0x96b ./Core/Src/button.o
 .debug_macro   0x000000000001c702      0x9fe ./Core/Src/button.o
 .debug_macro   0x000000000001d100      0x116 ./Core/Src/button.o
 .debug_macro   0x000000000001d216      0x13e ./Core/Src/button.o
 .debug_macro   0x000000000001d354       0xa5 ./Core/Src/button.o
 .debug_macro   0x000000000001d3f9      0x174 ./Core/Src/button.o
 .debug_macro   0x000000000001d56d      0x287 ./Core/Src/button.o
 .debug_macro   0x000000000001d7f4       0x5f ./Core/Src/button.o
 .debug_macro   0x000000000001d853      0x236 ./Core/Src/button.o
 .debug_macro   0x000000000001da89      0x12c ./Core/Src/button.o
 .debug_macro   0x000000000001dbb5      0x21e ./Core/Src/button.o
 .debug_macro   0x000000000001ddd3       0x2e ./Core/Src/button.o
 .debug_macro   0x000000000001de01      0x543 ./Core/Src/button.o
 .debug_macro   0x000000000001e344      0x1b5 ./Core/Src/button.o
 .debug_macro   0x000000000001e4f9       0xd6 ./Core/Src/button.o
 .debug_macro   0x000000000001e5cf      0x11a ./Core/Src/button.o
 .debug_macro   0x000000000001e6e9       0x7e ./Core/Src/button.o
 .debug_macro   0x000000000001e767       0x89 ./Core/Src/button.o
 .debug_macro   0x000000000001e7f0      0x225 ./Core/Src/button.o
 .debug_macro   0x000000000001ea15      0x8d1 ./Core/Src/button.o
 .debug_macro   0x000000000001f2e6       0x47 ./Core/Src/button.o
 .debug_macro   0x000000000001f32d      0x295 ./Core/Src/button.o
 .debug_macro   0x000000000001f5c2      0x12d ./Core/Src/button.o
 .debug_macro   0x000000000001f6ef       0x88 ./Core/Src/button.o
 .debug_macro   0x000000000001f777      0x245 ./Core/Src/ds3231.o
 .debug_macro   0x000000000001f9bc       0x2e ./Core/Src/ds3231.o
 .debug_macro   0x000000000001f9ea      0x226 ./Core/Src/fsmc.o
 .debug_macro   0x000000000001fc10      0x226 ./Core/Src/gpio.o
 .debug_macro   0x000000000001fe36      0x226 ./Core/Src/i2c.o
 .debug_macro   0x000000000002005c      0x33b ./Core/Src/lcd.o
 .debug_macro   0x0000000000020397       0x2a ./Core/Src/lcd.o
 .debug_macro   0x00000000000203c1       0x61 ./Core/Src/lcd.o
 .debug_macro   0x0000000000020422       0x43 ./Core/Src/lcd.o
 .debug_macro   0x0000000000020465       0x34 ./Core/Src/lcd.o
 .debug_macro   0x0000000000020499       0x16 ./Core/Src/lcd.o
 .debug_macro   0x00000000000204af       0x35 ./Core/Src/lcd.o
 .debug_macro   0x00000000000204e4       0x16 ./Core/Src/lcd.o
 .debug_macro   0x00000000000204fa       0x43 ./Core/Src/lcd.o
 .debug_macro   0x000000000002053d       0x34 ./Core/Src/lcd.o
 .debug_macro   0x0000000000020571       0x10 ./Core/Src/lcd.o
 .debug_macro   0x0000000000020581       0x58 ./Core/Src/lcd.o
 .debug_macro   0x00000000000205d9       0x8e ./Core/Src/lcd.o
 .debug_macro   0x0000000000020667       0x1c ./Core/Src/lcd.o
 .debug_macro   0x0000000000020683      0x177 ./Core/Src/lcd.o
 .debug_macro   0x00000000000207fa      0x369 ./Core/Src/lcd.o
 .debug_macro   0x0000000000020b63       0x16 ./Core/Src/lcd.o
 .debug_macro   0x0000000000020b79       0x29 ./Core/Src/lcd.o
 .debug_macro   0x0000000000020ba2       0x16 ./Core/Src/lcd.o
 .debug_macro   0x0000000000020bb8       0x20 ./Core/Src/lcd.o
 .debug_macro   0x0000000000020bd8       0xca ./Core/Src/lcd.o
 .debug_macro   0x0000000000020ca2      0x230 ./Core/Src/led_7seg.o
 .debug_macro   0x0000000000020ed2      0x3fa ./Core/Src/main.o
 .debug_macro   0x00000000000212cc       0x1c ./Core/Src/main.o
 .debug_macro   0x00000000000212e8       0x10 ./Core/Src/main.o
 .debug_macro   0x00000000000212f8       0x1c ./Core/Src/main.o
 .debug_macro   0x0000000000021314       0x16 ./Core/Src/main.o
 .debug_macro   0x000000000002132a      0x147 ./Core/Src/main.o
 .debug_macro   0x0000000000021471      0x236 ./Core/Src/software_timer.o
 .debug_macro   0x00000000000216a7      0x226 ./Core/Src/spi.o
 .debug_macro   0x00000000000218cd      0x21c ./Core/Src/stm32f4xx_hal_msp.o
 .debug_macro   0x0000000000021ae9      0x226 ./Core/Src/stm32f4xx_it.o
 .debug_macro   0x0000000000021d0f       0xff ./Core/Src/sysmem.o
 .debug_macro   0x0000000000021e0e      0x23c ./Core/Src/sysmem.o
 .debug_macro   0x000000000002204a      0x20d ./Core/Src/system_stm32f4xx.o
 .debug_macro   0x0000000000022257      0x226 ./Core/Src/tim.o
 .debug_macro   0x000000000002247d      0x312 ./Core/Src/uart.o
 .debug_macro   0x000000000002278f       0x16 ./Core/Src/uart.o
 .debug_macro   0x00000000000227a5       0x16 ./Core/Src/uart.o
 .debug_macro   0x00000000000227bb      0x226 ./Core/Src/usart.o
 .debug_macro   0x00000000000229e1       0x6d ./Core/Src/utils.o
 .debug_macro   0x0000000000022a4e      0x26d ./Drivers/STM32F4xx_HAL_Driver/Src/stm32f4xx_hal.o
 .debug_macro   0x0000000000022cbb      0x20d ./Drivers/STM32F4xx_HAL_Driver/Src/stm32f4xx_hal_cortex.o
 .debug_macro   0x0000000000022ec8      0x213 ./Drivers/STM32F4xx_HAL_Driver/Src/stm32f4xx_hal_dma.o
 .debug_macro   0x00000000000230db      0x213 ./Drivers/STM32F4xx_HAL_Driver/Src/stm32f4xx_hal_gpio.o
 .debug_macro   0x00000000000232ee      0x254 ./Drivers/STM32F4xx_HAL_Driver/Src/stm32f4xx_hal_i2c.o
 .debug_macro   0x0000000000023542      0x231 ./Drivers/STM32F4xx_HAL_Driver/Src/stm32f4xx_hal_rcc.o
 .debug_macro   0x0000000000023773      0x21c ./Drivers/STM32F4xx_HAL_Driver/Src/stm32f4xx_hal_spi.o
 .debug_macro   0x000000000002398f      0x20d ./Drivers/STM32F4xx_HAL_Driver/Src/stm32f4xx_hal_sram.o
 .debug_macro   0x0000000000023b9c      0x20e ./Drivers/STM32F4xx_HAL_Driver/Src/stm32f4xx_hal_tim.o
 .debug_macro   0x0000000000023daa      0x20d ./Drivers/STM32F4xx_HAL_Driver/Src/stm32f4xx_hal_tim_ex.o
 .debug_macro   0x0000000000023fb7      0x20e ./Drivers/STM32F4xx_HAL_Driver/Src/stm32f4xx_hal_uart.o
 .debug_macro   0x00000000000241c5      0x20d ./Drivers/STM32F4xx_HAL_Driver/Src/stm32f4xx_ll_fsmc.o

.debug_line     0x0000000000000000    0x1cd24
 .debug_line    0x0000000000000000      0x851 ./Core/Src/button.o
 .debug_line    0x0000000000000851      0x869 ./Core/Src/ds3231.o
 .debug_line    0x00000000000010ba      0x8c6 ./Core/Src/fsmc.o
 .debug_line    0x0000000000001980      0x824 ./Core/Src/gpio.o
 .debug_line    0x00000000000021a4      0x82f ./Core/Src/i2c.o
 .debug_line    0x00000000000029d3     0x10eb ./Core/Src/lcd.o
 .debug_line    0x0000000000003abe      0x8be ./Core/Src/led_7seg.o
 .debug_line    0x000000000000437c      0xb30 ./Core/Src/main.o
 .debug_line    0x0000000000004eac      0x82d ./Core/Src/software_timer.o
 .debug_line    0x00000000000056d9      0x837 ./Core/Src/spi.o
 .debug_line    0x0000000000005f10      0x7c6 ./Core/Src/stm32f4xx_hal_msp.o
 .debug_line    0x00000000000066d6      0x8b8 ./Core/Src/stm32f4xx_it.o
 .debug_line    0x0000000000006f8e      0x583 ./Core/Src/sysmem.o