Archive member included to satisfy reference by file (symbol)

C:/ST/STM32CubeIDE_1.13.2/STM32CubeIDE/plugins/com.st.stm32cube.ide.mcu.externaltools.gnu-tools-for-stm32.11.3.rel1.win32_1.1.100.202309141235/tools/bin/../lib/gcc/arm-none-eabi/11.3.1/../../../../arm-none-eabi/lib/thumb/v7e-m+fp/hard\libc_nano.a(libc_a-exit.o)
                              C:/ST/STM32CubeIDE_1.13.2/STM32CubeIDE/plugins/com.st.stm32cube.ide.mcu.externaltools.gnu-tools-for-stm32.11.3.rel1.win32_1.1.100.202309141235/tools/bin/../lib/gcc/arm-none-eabi/11.3.1/../../../../arm-none-eabi/lib/thumb/v7e-m+fp/hard/crt0.o (exit)
C:/ST/STM32CubeIDE_1.13.2/STM32CubeIDE/plugins/com.st.stm32cube.ide.mcu.externaltools.gnu-tools-for-stm32.11.3.rel1.win32_1.1.100.202309141235/tools/bin/../lib/gcc/arm-none-eabi/11.3.1/../../../../arm-none-eabi/lib/thumb/v7e-m+fp/hard\libc_nano.a(libc_a-findfp.o)
                              C:/ST/STM32CubeIDE_1.13.2/STM32CubeIDE/plugins/com.st.stm32cube.ide.mcu.externaltools.gnu-tools-for-stm32.11.3.rel1.win32_1.1.100.202309141235/tools/bin/../lib/gcc/arm-none-eabi/11.3.1/../../../../arm-none-eabi/lib/thumb/v7e-m+fp/hard\libc_nano.a(libc_a-exit.o) (__stdio_exit_handler)
C:/ST/STM32CubeIDE_1.13.2/STM32CubeIDE/plugins/com.st.stm32cube.ide.mcu.externaltools.gnu-tools-for-stm32.11.3.rel1.win32_1.1.100.202309141235/tools/bin/../lib/gcc/arm-none-eabi/11.3.1/../../../../arm-none-eabi/lib/thumb/v7e-m+fp/hard\libc_nano.a(libc_a-fwalk.o)
                              C:/ST/STM32CubeIDE_1.13.2/STM32CubeIDE/plugins/com.st.stm32cube.ide.mcu.externaltools.gnu-tools-for-stm32.11.3.rel1.win32_1.1.100.202309141235/tools/bin/../lib/gcc/arm-none-eabi/11.3.1/../../../../arm-none-eabi/lib/thumb/v7e-m+fp/hard\libc_nano.a(libc_a-findfp.o) (_fwalk_sglue)
C:/ST/STM32CubeIDE_1.13.2/STM32CubeIDE/plugins/com.st.stm32cube.ide.mcu.externaltools.gnu-tools-for-stm32.11.3.rel1.win32_1.1.100.202309141235/tools/bin/../lib/gcc/arm-none-eabi/11.3.1/../../../../arm-none-eabi/lib/thumb/v7e-m+fp/hard\libc_nano.a(libc_a-stdio.o)
                              C:/ST/STM32CubeIDE_1.13.2/STM32CubeIDE/plugins/com.st.stm32cube.ide.mcu.externaltools.gnu-tools-for-stm32.11.3.rel1.win32_1.1.100.202309141235/tools/bin/../lib/gcc/arm-none-eabi/11.3.1/../../../../arm-none-eabi/lib/thumb/v7e-m+fp/hard\libc_nano.a(libc_a-findfp.o) (__sread)
C:/ST/STM32CubeIDE_1.13.2/STM32CubeIDE/plugins/com.st.stm32cube.ide.mcu.externaltools.gnu-tools-for-stm32.11.3.rel1.win32_1.1.100.202309141235/tools/bin/../lib/gcc/arm-none-eabi/11.3.1/../../../../arm-none-eabi/lib/thumb/v7e-m+fp/hard\libc_nano.a(libc_a-memset.o)
                              C:/ST/STM32CubeIDE_1.13.2/STM32CubeIDE/plugins/com.st.stm32cube.ide.mcu.externaltools.gnu-tools-for-stm32.11.3.rel1.win32_1.1.100.202309141235/tools/bin/../lib/gcc/arm-none-eabi/11.3.1/../../../../arm-none-eabi/lib/thumb/v7e-m+fp/hard/crt0.o (memset)
C:/ST/STM32CubeIDE_1.13.2/STM32CubeIDE/plugins/com.st.stm32cube.ide.mcu.externaltools.gnu-tools-for-stm32.11.3.rel1.win32_1.1.100.202309141235/tools/bin/../lib/gcc/arm-none-eabi/11.3.1/../../../../arm-none-eabi/lib/thumb/v7e-m+fp/hard\libc_nano.a(libc_a-closer.o)
                              C:/ST/STM32CubeIDE_1.13.2/STM32CubeIDE/plugins/com.st.stm32cube.ide.mcu.externaltools.gnu-tools-for-stm32.11.3.rel1.win32_1.1.100.202309141235/tools/bin/../lib/gcc/arm-none-eabi/11.3.1/../../../../arm-none-eabi/lib/thumb/v7e-m+fp/hard\libc_nano.a(libc_a-stdio.o) (_close_r)
C:/ST/STM32CubeIDE_1.13.2/STM32CubeIDE/plugins/com.st.stm32cube.ide.mcu.externaltools.gnu-tools-for-stm32.11.3.rel1.win32_1.1.100.202309141235/tools/bin/../lib/gcc/arm-none-eabi/11.3.1/../../../../arm-none-eabi/lib/thumb/v7e-m+fp/hard\libc_nano.a(libc_a-reent.o)
                              C:/ST/STM32CubeIDE_1.13.2/STM32CubeIDE/plugins/com.st.stm32cube.ide.mcu.externaltools.gnu-tools-for-stm32.11.3.rel1.win32_1.1.100.202309141235/tools/bin/../lib/gcc/arm-none-eabi/11.3.1/../../../../arm-none-eabi/lib/thumb/v7e-m+fp/hard\libc_nano.a(libc_a-closer.o) (errno)
C:/ST/STM32CubeIDE_1.13.2/STM32CubeIDE/plugins/com.st.stm32cube.ide.mcu.externaltools.gnu-tools-for-stm32.11.3.rel1.win32_1.1.100.202309141235/tools/bin/../lib/gcc/arm-none-eabi/11.3.1/../../../../arm-none-eabi/lib/thumb/v7e-m+fp/hard\libc_nano.a(libc_a-impure.o)
                              C:/ST/STM32CubeIDE_1.13.2/STM32CubeIDE/plugins/com.st.stm32cube.ide.mcu.externaltools.gnu-tools-for-stm32.11.3.rel1.win32_1.1.100.202309141235/tools/bin/../lib/gcc/arm-none-eabi/11.3.1/../../../../arm-none-eabi/lib/thumb/v7e-m+fp/hard\libc_nano.a(libc_a-reent.o) (_impure_ptr)
C:/ST/STM32CubeIDE_1.13.2/STM32CubeIDE/plugins/com.st.stm32cube.ide.mcu.externaltools.gnu-tools-for-stm32.11.3.rel1.win32_1.1.100.202309141235/tools/bin/../lib/gcc/arm-none-eabi/11.3.1/../../../../arm-none-eabi/lib/thumb/v7e-m+fp/hard\libc_nano.a(libc_a-lseekr.o)
[...]
Memory Configuration

Name             Origin             Length             Attributes
CCMRAM           0x0000000010000000 0x0000000000010000 xrw
RAM              0x0000000020000000 0x0000000000020000 xrw
FLASH            0x0000000008000000 0x0000000000100000 xr
*default*        0x0000000000000000 0xffffffffffffffff

Linker script and memory map

LOAD C:/ST/STM32CubeIDE_1.13.2/STM32CubeIDE/plugins/com.st.stm32cube.ide.mcu.externaltools.gnu-tools-for-stm32.11.3.rel1.win32_1.1.100.202309141235/tools/bin/../lib/gcc/arm-none-eabi/11.3.1/thumb/v7e-m+fp/hard/crti.o
LOAD C:/ST/STM32CubeIDE_1.13.2/STM32CubeIDE/plugins/com.st.stm32cube.ide.mcu.externaltools.gnu-tools-for-stm32.11.3.rel1.win32_1.1.100.202309141235/tools/bin/../lib/gcc/arm-none-eabi/11.3.1/thumb/v7e-m+fp/hard/crtbegin.o
LOAD C:/ST/STM32CubeIDE_1.13.2/STM32CubeIDE/plugins/com.st.stm32cube.ide.mcu.externaltools.gnu-tools-for-stm32.11.3.rel1.win32_1.1.100.202309141235/tools/bin/../lib/gcc/arm-none-eabi/11.3.1/../../../../arm-none-eabi/lib/thumb/v7e-m+fp/hard/crt0.o
LOAD ./Core/Src/button.o
LOAD ./Core/Src/ds3231.o
LOAD ./Core/Src/fsmc.o
LOAD ./Core/Src/gpio.o
LOAD ./Core/Src/lcd.o
LOAD ./Core/Src/led_7seg.o
LOAD ./Core/Src/main.o
LOAD ./Core/Src/picture.o
LOAD ./Core/Src/software_timer.o
LOAD ./Core/Src/spi.o
LOAD ./Core/Src/stm32f4xx_hal_msp.o
LOAD ./Core/Src/stm32f4xx_it.o
LOAD ./Core/Src/syscalls.o
LOAD ./Core/Src/sysmem.o
LOAD ./Core/Src/system_stm32f4xx.o
LOAD ./Core/Src/tim.o
LOAD ./Core/Src/traffic.o
LOAD ./Core/Src/utils.o
LOAD ./Core/Startup/startup_stm32f407zgtx.o
LOAD ./Drivers/STM32F4xx_HAL_Driver/Src/stm32f4xx_hal.o
LOAD ./Drivers/STM32F4xx_HAL_Driver/Src/stm32f4xx_hal_cortex.o
LOAD ./Drivers/STM32F4xx_HAL_Driver/Src/stm32f4xx_hal_dma.o
LOAD ./Drivers/STM32F4xx_HAL_Driver/Src/stm32f4xx_hal_dma_ex.o
LOAD ./Drivers/STM32F4xx_HAL_Driver/Src/stm32f4xx_hal_exti.o
LOAD ./Drivers/STM32F4xx_HAL_Driver/Src/stm32f4xx_hal_flash.o
LOAD ./Drivers/STM32F4xx_HAL_Driver/Src/stm32f4xx_hal_flash_ex.o
LOAD ./Drivers/STM32F4xx_HAL_Driver/Src/stm32f4xx_hal_flash_ramfunc.o
LOAD ./Drivers/STM32F4xx_HAL_Driver/Src/stm32f4xx_hal_gpio.o
LOAD ./Drivers/STM32F4xx_HAL_Driver/Src/stm32f4xx_hal_i2c.o
LOAD ./Drivers/STM32F4xx_HAL_Driver/Src/stm32f4xx_hal_i2c_ex.o
LOAD ./Drivers/STM32F4xx_HAL_Driver/Src/stm32f4xx_hal_pwr.o
LOAD ./Drivers/STM32F4xx_HAL_Driver/Src/stm32f4xx_hal_pwr_ex.o
LOAD ./Drivers/STM32F4xx_HAL_Driver/Src/stm32f4xx_hal_rcc.o
LOAD ./Drivers/STM32F4xx_HAL_Driver/Src/stm32f4xx_hal_rcc_ex.o
LOAD ./Drivers/STM32F4xx_HAL_Driver/Src/stm32f4xx_hal_spi.o
LOAD ./Drivers/STM32F4xx_HAL_Driver/Src/stm32f4xx_hal_sram.o
LOAD ./Drivers/STM32F4xx_HAL_Driver/Src/stm32f4xx_hal_tim.o
LOAD ./Drivers/STM32F4xx_HAL_Driver/Src/stm32f4xx_hal_tim_ex.o
LOAD ./Drivers/STM32F4xx_HAL_Driver/Src/stm32f4xx_ll_fsmc.o
START GROUP
LOAD C:/ST/STM32CubeIDE_1.13.2/STM32CubeIDE/plugins/com.st.stm32cube.ide.mcu.externaltools.gnu-tools-for-stm32.11.3.rel1.win32_1.1.100.202309141235/tools/bin/../lib/gcc/arm-none-eabi/11.3.1/../../../../arm-none-eabi/lib/thumb/v7e-m+fp/hard\libc_nano.a
LOAD C:/ST/STM32CubeIDE_1.13.2/STM32CubeIDE/plugins/com.st.stm32cube.ide.mcu.externaltools.gnu-tools-for-stm32.11.3.rel1.win32_1.1.100.202309141235/tools/bin/../lib/gcc/arm-none-eabi/11.3.1/../../../../arm-none-eabi/lib/thumb/v7e-m+fp/hard\libm.a
END GROUP
START GROUP
LOAD C:/ST/STM32CubeIDE_1.13.2/STM32CubeIDE/plugins/com.st.stm32cube.ide.mcu.externaltools.gnu-tools-for-stm32.11.3.rel1.win32_1.1.100.202309141235/tools/bin/../lib/gcc/arm-none-eabi/11.3.1/thumb/v7e-m+fp/hard\libgcc.a
LOAD C:/ST/STM32CubeIDE_1.13.2/STM32CubeIDE/plugins/com.st.stm32cube.ide.mcu.externaltools.gnu-tools-for-stm32.11.3.rel1.win32_1.1.100.202309141235/tools/bin/../lib/gcc/arm-none-eabi/11.3.1/../../../../arm-none-eabi/lib/thumb/v7e-m+fp/hard\libc_nano.a
END GROUP
START GROUP
LOAD C:/ST/STM32CubeIDE_1.13.2/STM32CubeIDE/plugins/com.st.stm32cube.ide.mcu.externaltools.gnu-tools-for-stm32.11.3.rel1.win32_1.1.100.202309141235/tools/bin/../lib/gcc/arm-none-eabi/11.3.1/thumb/v7e-m+fp/hard\libgcc.a
LOAD C:/ST/STM32CubeIDE_1.13.2/STM32CubeIDE/plugins/com.st.stm32cube.ide.mcu.externaltools.gnu-tools-for-stm32.11.3.rel1.win32_1.1.100.202309141235/tools/bin/../lib/gcc/arm-none-eabi/11.3.1/../../../../arm-none-eabi/lib/thumb/v7e-m+fp/hard\libc_nano.a
LOAD C:/ST/STM32CubeIDE_1.13.2/STM32CubeIDE/plugins/com.st.stm32cube.ide.mcu.externaltools.gnu-tools-for-stm32.11.3.rel1.win32_1.1.100.202309141235/tools/bin/../lib/gcc/arm-none-eabi/11.3.1/../../../../arm-none-eabi/lib/thumb/v7e-m+fp/hard\libnosys.a
END GROUP
START GROUP
LOAD C:/ST/STM32CubeIDE_1.13.2/STM32CubeIDE/plugins/com.st.stm32cube.ide.mcu.externaltools.gnu-tools-for-stm32.11.3.rel1.win32_1.1.100.202309141235/tools/bin/../lib/gcc/arm-none-eabi/11.3.1/thumb/v7e-m+fp/hard\libgcc.a
LOAD C:/ST/STM32CubeIDE_1.13.2/STM32CubeIDE/plugins/com.st.stm32cube.ide.mcu.externaltools.gnu-tools-for-stm32.11.3.rel1.win32_1.1.100.202309141235/tools/bin/../lib/gcc/arm-none-eabi/11.3.1/../../../../arm-none-eabi/lib/thumb/v7e-m+fp/hard\libc_nano.a
LOAD C:/ST/STM32CubeIDE_1.13.2/STM32CubeIDE/plugins/com.st.stm32cube.ide.mcu.externaltools.gnu-tools-for-stm32.11.3.rel1.win32_1.1.100.202309141235/tools/bin/../lib/gcc/arm-none-eabi/11.3.1/../../../../arm-none-eabi/lib/thumb/v7e-m+fp/hard\libnosys.a
END GROUP
LOAD C:/ST/STM32CubeIDE_1.13.2/STM32CubeIDE/plugins/com.st.stm32cube.ide.mcu.externaltools.gnu-tools-for-stm32.11.3.rel1.win32_1.1.100.202309141235/tools/bin/../lib/gcc/arm-none-eabi/11.3.1/thumb/v7e-m+fp/hard/crtend.o
LOAD C:/ST/STM32CubeIDE_1.13.2/STM32CubeIDE/plugins/com.st.stm32cube.ide.mcu.externaltools.gnu-tools-for-stm32.11.3.rel1.win32_1.1.100.202309141235/tools/bin/../lib/gcc/arm-none-eabi/11.3.1/thumb/v7e-m+fp/hard/crtn.o
                0x0000000020020000                _estack = (ORIGIN (RAM) + LENGTH (RAM))
                0x0000000000000200                _Min_Heap_Size = 0x200
                0x0000000000000400                _Min_Stack_Size = 0x400

.isr_vector     0x0000000008000000      0x188
                0x0000000008000000                . = ALIGN (0x4)
 *(.isr_vector)
 .isr_vector    0x0000000008000000      0x188 ./Core/Startup/startup_stm32f407zgtx.o
                0x0000000008000000                g_pfnVectors
                0x0000000008000188                . = ALIGN (0x4)

.text           0x0000000008000188     0x4ac8
                0x0000000008000188                . = ALIGN (0x4)
 *(.text)
 .text          0x0000000008000188       0x40 C:/ST/STM32CubeIDE_1.13.2/STM32CubeIDE/plugins/com.st.stm32cube.ide.mcu.externaltools.gnu-tools-for-stm32.11.3.rel1.win32_1.1.100.202309141235/tools/bin/../lib/gcc/arm-none-eabi/11.3.1/thumb/v7e-m+fp/hard/crtbegin.o
 .text          0x00000000080001c8       0x30 C:/ST/STM32CubeIDE_1.13.2/STM32CubeIDE/plugins/com.st.stm32cube.ide.mcu.externaltools.gnu-tools-for-stm32.11.3.rel1.win32_1.1.100.202309141235/tools/bin/../lib/gcc/arm-none-eabi/11.3.1/thumb/v7e-m+fp/hard\libgcc.a(_aeabi_uldivmod.o)
                0x00000000080001c8                __aeabi_uldivmod
 .text          0x00000000080001f8      0x2c8 C:/ST/STM32CubeIDE_1.13.2/STM32CubeIDE/plugins/com.st.stm32cube.ide.mcu.externaltools.gnu-tools-for-stm32.11.3.rel1.win32_1.1.100.202309141235/tools/bin/../lib/gcc/arm-none-eabi/11.3.1/thumb/v7e-m+fp/hard\libgcc.a(_udivmoddi4.o)
                0x00000000080001f8                __udivmoddi4
 .text          0x00000000080004c0        0x4 C:/ST/STM32CubeIDE_1.13.2/STM32CubeIDE/plugins/com.st.stm32cube.ide.mcu.externaltools.gnu-tools-for-stm32.11.3.rel1.win32_1.1.100.202309141235/tools/bin/../lib/gcc/arm-none-eabi/11.3.1/thumb/v7e-m+fp/hard\libgcc.a(_dvmd_tls.o)
                0x00000000080004c0                __aeabi_idiv0
                0x00000000080004c0                __aeabi_ldiv0
 *(.text*)
 .text.button_init
                0x00000000080004c4       0x18 ./Core/Src/button.o
                0x00000000080004c4                button_init
 .text.button_Scan
                0x00000000080004dc       0xd8 ./Core/Src/button.o
                0x00000000080004dc                button_Scan
 .text.HAL_FSMC_MspInit
                0x00000000080005b4       0x98 ./Core/Src/fsmc.o
 .text.HAL_SRAM_MspInit
                0x000000000800064c       0x14 ./Core/Src/fsmc.o
                0x000000000800064c                HAL_SRAM_MspInit
 .text.LCD_WR_REG
                0x0000000008000660       0x20 ./Core/Src/lcd.o
                0x0000000008000660                LCD_WR_REG
 .text.LCD_WR_DATA
                0x0000000008000680       0x20 ./Core/Src/lcd.o
 .text.LCD_RD_DATA
                0x00000000080006a0       0x24 ./Core/Src/lcd.o
 .text.lcd_AddressSet
                0x00000000080006c4       0x98 ./Core/Src/lcd.o
                0x00000000080006c4                lcd_AddressSet
 .text.lcd_Clear
                0x000000000800075c       0x64 ./Core/Src/lcd.o
                0x000000000800075c                lcd_Clear
 .text.lcd_DrawPoint
                0x00000000080007c0       0x2e ./Core/Src/lcd.o
                0x00000000080007c0                lcd_DrawPoint
 *fill*         0x00000000080007ee        0x2 
 .text.lcd_ShowChar
                0x00000000080007f0      0x1a0 ./Core/Src/lcd.o
                0x00000000080007f0                lcd_ShowChar
 .text.mypow    0x0000000008000990       0x38 ./Core/Src/lcd.o
                0x0000000008000990                mypow
 .text.lcd_ShowIntNum
                0x00000000080009c8       0xfc ./Core/Src/lcd.o
                0x00000000080009c8                lcd_ShowIntNum
 .text.lcd_SetDir
                0x0000000008000ac4       0x48 ./Core/Src/lcd.o
                0x0000000008000ac4                lcd_SetDir
 .text.lcd_init
                0x0000000008000b0c      0x2c0 ./Core/Src/lcd.o
                0x0000000008000b0c                lcd_init
 .text._draw_circle_8
                0x0000000008000dcc      0x116 ./Core/Src/lcd.o
 .text.lcd_DrawCircle
                0x0000000008000ee2       0xd8 ./Core/Src/lcd.o
                0x0000000008000ee2                lcd_DrawCircle
 *fill*         0x0000000008000fba        0x2 
 .text.lcd_ShowStr
                0x0000000008000fbc       0xc8 ./Core/Src/lcd.o
                0x0000000008000fbc                lcd_ShowStr
 .text.led7_init
                0x0000000008001084       0x18 ./Core/Src/led_7seg.o
                0x0000000008001084                led7_init
 .text.led7_Scan
                0x000000000800109c      0x118 ./Core/Src/led_7seg.o
                0x000000000800109c                led7_Scan
 .text.main     0x00000000080011b4      0x194 ./Core/Src/main.o
                0x00000000080011b4                main
 .text.SystemClock_Config
                0x0000000008001348       0xd4 ./Core/Src/main.o
                0x0000000008001348                SystemClock_Config
 .text.MX_I2C1_Init
                0x000000000800141c       0x5c ./Core/Src/main.o
 .text.MX_SPI1_Init
                0x0000000008001478       0x6c ./Core/Src/main.o
 .text.MX_TIM2_Init
                0x00000000080014e4       0x98 ./Core/Src/main.o
 .text.MX_GPIO_Init
                0x000000000800157c      0x1f0 ./Core/Src/main.o
 .text.MX_FSMC_Init
                0x000000000800176c       0xf4 ./Core/Src/main.o
 .text.system_init
                0x0000000008001860       0x1e ./Core/Src/main.o
                0x0000000008001860                system_init
 .text.Error_Handler
                0x000000000800187e        0xa ./Core/Src/main.o
                0x000000000800187e                Error_Handler
 .text.timer_init
                0x0000000008001888       0x14 ./Core/Src/software_timer.o
                0x0000000008001888                timer_init
 .text.setTimer2
                0x000000000800189c       0x38 ./Core/Src/software_timer.o
                0x000000000800189c                setTimer2
 .text.HAL_TIM_PeriodElapsedCallback
                0x00000000080018d4       0x54 ./Core/Src/software_timer.o
                0x00000000080018d4                HAL_TIM_PeriodElapsedCallback
 .text.HAL_SPI_MspInit
                0x0000000008001928       0x90 ./Core/Src/spi.o
                0x0000000008001928                HAL_SPI_MspInit
 .text.HAL_MspInit
                0x00000000080019b8       0x50 ./Core/Src/stm32f4xx_hal_msp.o
                0x00000000080019b8                HAL_MspInit
 .text.HAL_I2C_MspInit
                0x0000000008001a08       0x90 ./Core/Src/stm32f4xx_hal_msp.o
                0x0000000008001a08                HAL_I2C_MspInit
 .text.HAL_TIM_Base_MspInit
                0x0000000008001a98       0x4c ./Core/Src/stm32f4xx_hal_msp.o
                0x0000000008001a98                HAL_TIM_Base_MspInit
 .text.NMI_Handler
                0x0000000008001ae4        0x6 ./Core/Src/stm32f4xx_it.o
                0x0000000008001ae4                NMI_Handler
 .text.HardFault_Handler
                0x0000000008001aea        0x6 ./Core/Src/stm32f4xx_it.o
                0x0000000008001aea                HardFault_Handler
 .text.MemManage_Handler
                0x0000000008001af0        0x6 ./Core/Src/stm32f4xx_it.o
                0x0000000008001af0                MemManage_Handler
 .text.BusFault_Handler
                0x0000000008001af6        0x6 ./Core/Src/stm32f4xx_it.o
                0x0000000008001af6                BusFault_Handler
 .text.UsageFault_Handler
                0x0000000008001afc        0x6 ./Core/Src/stm32f4xx_it.o
                0x0000000008001afc                UsageFault_Handler
 .text.SVC_Handler
                0x0000000008001b02        0xe ./Core/Src/stm32f4xx_it.o
                0x0000000008001b02                SVC_Handler
 .text.DebugMon_Handler
                0x0000000008001b10        0xe ./Core/Src/stm32f4xx_it.o
                0x0000000008001b10                DebugMon_Handler
 .text.PendSV_Handler
                0x0000000008001b1e        0xe ./Core/Src/stm32f4xx_it.o
                0x0000000008001b1e                PendSV_Handler
 .text.SysTick_Handler
                0x0000000008001b2c        0xc ./Core/Src/stm32f4xx_it.o
                0x0000000008001b2c                SysTick_Handler
 .text.TIM2_IRQHandler
                0x0000000008001b38       0x14 ./Core/Src/stm32f4xx_it.o
                0x0000000008001b38                TIM2_IRQHandler
 .text.SystemInit
                0x0000000008001b4c       0x24 ./Core/Src/system_stm32f4xx.o
                0x0000000008001b4c                SystemInit
 .text.traffic_init
                0x0000000008001b70      0x120 ./Core/Src/traffic.o
                0x0000000008001b70                traffic_init
 .text.run_traffic
                0x0000000008001c90      0x188 ./Core/Src/traffic.o
                0x0000000008001c90                run_traffic
 .text.turnOnTrafficLight
                0x0000000008001e18      0x3e8 ./Core/Src/traffic.o
                0x0000000008001e18                turnOnTrafficLight
 .text.displayNumb
                0x0000000008002200       0x70 ./Core/Src/traffic.o
                0x0000000008002200                displayNumb
 .text.Reset_Handler
                0x0000000008002270       0x50 ./Core/Startup/startup_stm32f407zgtx.o
                0x0000000008002270                Reset_Handler
 .text.Default_Handler
                0x00000000080022c0        0x2 ./Core/Startup/startup_stm32f407zgtx.o
                0x00000000080022c0                RTC_Alarm_IRQHandler
                0x00000000080022c0                HASH_RNG_IRQHandler
                0x00000000080022c0                EXTI2_IRQHandler
                0x00000000080022c0                TIM8_CC_IRQHandler
                0x00000000080022c0                TIM1_CC_IRQHandler
                0x00000000080022c0                DMA2_Stream5_IRQHandler
                0x00000000080022c0                DMA1_Stream5_IRQHandler
                0x00000000080022c0                PVD_IRQHandler
                0x00000000080022c0                SDIO_IRQHandler
                0x00000000080022c0                TAMP_STAMP_IRQHandler
                0x00000000080022c0                CAN2_RX1_IRQHandler
                0x00000000080022c0                EXTI3_IRQHandler
                0x00000000080022c0                TIM8_TRG_COM_TIM14_IRQHandler
                0x00000000080022c0                TIM1_UP_TIM10_IRQHandler
                0x00000000080022c0                TIM8_UP_TIM13_IRQHandler
                0x00000000080022c0                I2C3_ER_IRQHandler
                0x00000000080022c0                EXTI0_IRQHandler
                0x00000000080022c0                I2C2_EV_IRQHandler
                0x00000000080022c0                DMA1_Stream2_IRQHandler
                0x00000000080022c0                CAN1_RX0_IRQHandler
                0x00000000080022c0                FPU_IRQHandler
                0x00000000080022c0                OTG_HS_WKUP_IRQHandler
                0x00000000080022c0                CAN2_SCE_IRQHandler
                0x00000000080022c0                DMA2_Stream2_IRQHandler
                0x00000000080022c0                SPI1_IRQHandler
                0x00000000080022c0                TIM6_DAC_IRQHandler
                0x00000000080022c0                TIM1_BRK_TIM9_IRQHandler
                0x00000000080022c0                DCMI_IRQHandler
                0x00000000080022c0                CAN2_RX0_IRQHandler
                0x00000000080022c0                DMA2_Stream3_IRQHandler
                0x00000000080022c0                USART6_IRQHandler
                0x00000000080022c0                USART3_IRQHandler
                0x00000000080022c0                CAN1_RX1_IRQHandler
                0x00000000080022c0                UART5_IRQHandler
                0x00000000080022c0                DMA2_Stream0_IRQHandler
                0x00000000080022c0                TIM4_IRQHandler
                0x00000000080022c0                I2C1_EV_IRQHandler
                0x00000000080022c0                DMA1_Stream6_IRQHandler
                0x00000000080022c0                DMA1_Stream1_IRQHandler
                0x00000000080022c0                UART4_IRQHandler
                0x00000000080022c0                TIM3_IRQHandler
                0x00000000080022c0                RCC_IRQHandler
                0x00000000080022c0                TIM8_BRK_TIM12_IRQHandler
                0x00000000080022c0                Default_Handler
                0x00000000080022c0                EXTI15_10_IRQHandler
                0x00000000080022c0                ADC_IRQHandler
                0x00000000080022c0                DMA1_Stream7_IRQHandler
                0x00000000080022c0                TIM7_IRQHandler
                0x00000000080022c0                CAN2_TX_IRQHandler
                0x00000000080022c0                TIM5_IRQHandler
                0x00000000080022c0                DMA2_Stream7_IRQHandler
                0x00000000080022c0                I2C3_EV_IRQHandler
                0x00000000080022c0                EXTI9_5_IRQHandler
                0x00000000080022c0                RTC_WKUP_IRQHandler
                0x00000000080022c0                ETH_WKUP_IRQHandler
                0x00000000080022c0                SPI2_IRQHandler
                0x00000000080022c0                OTG_HS_EP1_IN_IRQHandler
                0x00000000080022c0                DMA1_Stream0_IRQHandler
                0x00000000080022c0                CAN1_TX_IRQHandler
                0x00000000080022c0                EXTI4_IRQHandler
                0x00000000080022c0                FSMC_IRQHandler
                0x00000000080022c0                ETH_IRQHandler
                0x00000000080022c0                OTG_HS_EP1_OUT_IRQHandler
                0x00000000080022c0                WWDG_IRQHandler
                0x00000000080022c0                OTG_FS_WKUP_IRQHandler
                0x00000000080022c0                TIM1_TRG_COM_TIM11_IRQHandler
                0x00000000080022c0                OTG_HS_IRQHandler
                0x00000000080022c0                EXTI1_IRQHandler
                0x00000000080022c0                USART2_IRQHandler
                0x00000000080022c0                I2C2_ER_IRQHandler
                0x00000000080022c0                DMA2_Stream1_IRQHandler
                0x00000000080022c0                CAN1_SCE_IRQHandler
                0x00000000080022c0                FLASH_IRQHandler
                0x00000000080022c0                DMA2_Stream4_IRQHandler
                0x00000000080022c0                USART1_IRQHandler
                0x00000000080022c0                OTG_FS_IRQHandler
                0x00000000080022c0                SPI3_IRQHandler
                0x00000000080022c0                DMA1_Stream4_IRQHandler
                0x00000000080022c0                I2C1_ER_IRQHandler
                0x00000000080022c0                DMA2_Stream6_IRQHandler
                0x00000000080022c0                DMA1_Stream3_IRQHandler
 *fill*         0x00000000080022c2        0x2 
 .text.HAL_Init
                0x00000000080022c4       0x44 ./Drivers/STM32F4xx_HAL_Driver/Src/stm32f4xx_hal.o
                0x00000000080022c4                HAL_Init
 .text.HAL_InitTick
                0x0000000008002308       0x60 ./Drivers/STM32F4xx_HAL_Driver/Src/stm32f4xx_hal.o
                0x0000000008002308                HAL_InitTick
 .text.HAL_IncTick
                0x0000000008002368       0x28 ./Drivers/STM32F4xx_HAL_Driver/Src/stm32f4xx_hal.o
                0x0000000008002368                HAL_IncTick
 .text.HAL_GetTick
                0x0000000008002390       0x18 ./Drivers/STM32F4xx_HAL_Driver/Src/stm32f4xx_hal.o
                0x0000000008002390                HAL_GetTick
 .text.HAL_Delay
                0x00000000080023a8       0x48 ./Drivers/STM32F4xx_HAL_Driver/Src/stm32f4xx_hal.o
                0x00000000080023a8                HAL_Delay
 .text.__NVIC_SetPriorityGrouping
                0x00000000080023f0       0x48 ./Drivers/STM32F4xx_HAL_Driver/Src/stm32f4xx_hal_cortex.o
 .text.__NVIC_GetPriorityGrouping
                0x0000000008002438       0x1c ./Drivers/STM32F4xx_HAL_Driver/Src/stm32f4xx_hal_cortex.o
 .text.__NVIC_EnableIRQ
                0x0000000008002454       0x3c ./Drivers/STM32F4xx_HAL_Driver/Src/stm32f4xx_hal_cortex.o
 .text.__NVIC_SetPriority
                0x0000000008002490       0x54 ./Drivers/STM32F4xx_HAL_Driver/Src/stm32f4xx_hal_cortex.o
 .text.NVIC_EncodePriority
                0x00000000080024e4       0x66 ./Drivers/STM32F4xx_HAL_Driver/Src/stm32f4xx_hal_cortex.o
 *fill*         0x000000000800254a        0x2 
 .text.SysTick_Config
                0x000000000800254c       0x44 ./Drivers/STM32F4xx_HAL_Driver/Src/stm32f4xx_hal_cortex.o
 .text.HAL_NVIC_SetPriorityGrouping
                0x0000000008002590       0x16 ./Drivers/STM32F4xx_HAL_Driver/Src/stm32f4xx_hal_cortex.o
                0x0000000008002590                HAL_NVIC_SetPriorityGrouping
 .text.HAL_NVIC_SetPriority
                0x00000000080025a6       0x38 ./Drivers/STM32F4xx_HAL_Driver/Src/stm32f4xx_hal_cortex.o
                0x00000000080025a6                HAL_NVIC_SetPriority
 .text.HAL_NVIC_EnableIRQ
                0x00000000080025de       0x1c ./Drivers/STM32F4xx_HAL_Driver/Src/stm32f4xx_hal_cortex.o
                0x00000000080025de                HAL_NVIC_EnableIRQ
 .text.HAL_SYSTICK_Config
                0x00000000080025fa       0x18 ./Drivers/STM32F4xx_HAL_Driver/Src/stm32f4xx_hal_cortex.o
                0x00000000080025fa                HAL_SYSTICK_Config
 *fill*         0x0000000008002612        0x2 
 .text.HAL_GPIO_Init
                0x0000000008002614      0x338 ./Drivers/STM32F4xx_HAL_Driver/Src/stm32f4xx_hal_gpio.o
                0x0000000008002614                HAL_GPIO_Init
 .text.HAL_GPIO_WritePin
                0x000000000800294c       0x32 ./Drivers/STM32F4xx_HAL_Driver/Src/stm32f4xx_hal_gpio.o
                0x000000000800294c                HAL_GPIO_WritePin
 *fill*         0x000000000800297e        0x2 
 .text.HAL_I2C_Init
                0x0000000008002980      0x288 ./Drivers/STM32F4xx_HAL_Driver/Src/stm32f4xx_hal_i2c.o
                0x0000000008002980                HAL_I2C_Init
 .text.HAL_RCC_OscConfig
                0x0000000008002c08      0x4f0 ./Drivers/STM32F4xx_HAL_Driver/Src/stm32f4xx_hal_rcc.o
                0x0000000008002c08                HAL_RCC_OscConfig
 .text.HAL_RCC_ClockConfig
                0x00000000080030f8      0x1cc ./Drivers/STM32F4xx_HAL_Driver/Src/stm32f4xx_hal_rcc.o
                0x00000000080030f8                HAL_RCC_ClockConfig
 .text.HAL_RCC_GetSysClockFreq
                0x00000000080032c4      0x20c ./Drivers/STM32F4xx_HAL_Driver/Src/stm32f4xx_hal_rcc.o
                0x00000000080032c4                HAL_RCC_GetSysClockFreq
 .text.HAL_RCC_GetHCLKFreq
                0x00000000080034d0       0x18 ./Drivers/STM32F4xx_HAL_Driver/Src/stm32f4xx_hal_rcc.o
                0x00000000080034d0                HAL_RCC_GetHCLKFreq
 .text.HAL_RCC_GetPCLK1Freq
                0x00000000080034e8       0x28 ./Drivers/STM32F4xx_HAL_Driver/Src/stm32f4xx_hal_rcc.o
                0x00000000080034e8                HAL_RCC_GetPCLK1Freq
 .text.HAL_SPI_Init
                0x0000000008003510      0x112 ./Drivers/STM32F4xx_HAL_Driver/Src/stm32f4xx_hal_spi.o
                0x0000000008003510                HAL_SPI_Init
 .text.HAL_SPI_Transmit
                0x0000000008003622      0x288 ./Drivers/STM32F4xx_HAL_Driver/Src/stm32f4xx_hal_spi.o
                0x0000000008003622                HAL_SPI_Transmit
 .text.HAL_SPI_Receive
                0x00000000080038aa      0x232 ./Drivers/STM32F4xx_HAL_Driver/Src/stm32f4xx_hal_spi.o
                0x00000000080038aa                HAL_SPI_Receive
 .text.HAL_SPI_TransmitReceive
                0x0000000008003adc      0x352 ./Drivers/STM32F4xx_HAL_Driver/Src/stm32f4xx_hal_spi.o
                0x0000000008003adc                HAL_SPI_TransmitReceive
 *fill*         0x0000000008003e2e        0x2 
 .text.SPI_WaitFlagStateUntilTimeout
                0x0000000008003e30      0x110 ./Drivers/STM32F4xx_HAL_Driver/Src/stm32f4xx_hal_spi.o
 .text.SPI_EndRxTransaction
                0x0000000008003f40       0xca ./Drivers/STM32F4xx_HAL_Driver/Src/stm32f4xx_hal_spi.o
 *fill*         0x000000000800400a        0x2 
 .text.SPI_EndRxTxTransaction
                0x000000000800400c       0xa8 ./Drivers/STM32F4xx_HAL_Driver/Src/stm32f4xx_hal_spi.o
 .text.HAL_SRAM_Init
                0x00000000080040b4       0x90 ./Drivers/STM32F4xx_HAL_Driver/Src/stm32f4xx_hal_sram.o
                0x00000000080040b4                HAL_SRAM_Init
 .text.HAL_TIM_Base_Init
                0x0000000008004144       0x9e ./Drivers/STM32F4xx_HAL_Driver/Src/stm32f4xx_hal_tim.o
                0x0000000008004144                HAL_TIM_Base_Init
 *fill*         0x00000000080041e2        0x2 
 .text.HAL_TIM_Base_Start_IT
                0x00000000080041e4       0xe0 ./Drivers/STM32F4xx_HAL_Driver/Src/stm32f4xx_hal_tim.o
                0x00000000080041e4                HAL_TIM_Base_Start_IT
 .text.HAL_TIM_IRQHandler
                0x00000000080042c4      0x1e0 ./Drivers/STM32F4xx_HAL_Driver/Src/stm32f4xx_hal_tim.o
                0x00000000080042c4                HAL_TIM_IRQHandler
 .text.HAL_TIM_ConfigClockSource
                0x00000000080044a4      0x18e ./Drivers/STM32F4xx_HAL_Driver/Src/stm32f4xx_hal_tim.o
                0x00000000080044a4                HAL_TIM_ConfigClockSource
 .text.HAL_TIM_OC_DelayElapsedCallback
                0x0000000008004632       0x14 ./Drivers/STM32F4xx_HAL_Driver/Src/stm32f4xx_hal_tim.o
                0x0000000008004632                HAL_TIM_OC_DelayElapsedCallback
 .text.HAL_TIM_IC_CaptureCallback
                0x0000000008004646       0x14 ./Drivers/STM32F4xx_HAL_Driver/Src/stm32f4xx_hal_tim.o
                0x0000000008004646                HAL_TIM_IC_CaptureCallback
 .text.HAL_TIM_PWM_PulseFinishedCallback
                0x000000000800465a       0x14 ./Drivers/STM32F4xx_HAL_Driver/Src/stm32f4xx_hal_tim.o
                0x000000000800465a                HAL_TIM_PWM_PulseFinishedCallback
 .text.HAL_TIM_TriggerCallback
                0x000000000800466e       0x14 ./Drivers/STM32F4xx_HAL_Driver/Src/stm32f4xx_hal_tim.o
                0x000000000800466e                HAL_TIM_TriggerCallback
 *fill*         0x0000000008004682        0x2 
 .text.TIM_Base_SetConfig
                0x0000000008004684      0x158 ./Drivers/STM32F4xx_HAL_Driver/Src/stm32f4xx_hal_tim.o
                0x0000000008004684                TIM_Base_SetConfig
 .text.TIM_TI1_ConfigInputStage
                0x00000000080047dc       0x5e ./Drivers/STM32F4xx_HAL_Driver/Src/stm32f4xx_hal_tim.o
 .text.TIM_TI2_ConfigInputStage
                0x000000000800483a       0x60 ./Drivers/STM32F4xx_HAL_Driver/Src/stm32f4xx_hal_tim.o
 .text.TIM_ITRx_SetConfig
                0x000000000800489a       0x36 ./Drivers/STM32F4xx_HAL_Driver/Src/stm32f4xx_hal_tim.o
 .text.TIM_ETR_SetConfig
                0x00000000080048d0       0x40 ./Drivers/STM32F4xx_HAL_Driver/Src/stm32f4xx_hal_tim.o
                0x00000000080048d0                TIM_ETR_SetConfig
 .text.HAL_TIMEx_MasterConfigSynchronization
                0x0000000008004910       0xf8 ./Drivers/STM32F4xx_HAL_Driver/Src/stm32f4xx_hal_tim_ex.o
                0x0000000008004910                HAL_TIMEx_MasterConfigSynchronization
 .text.HAL_TIMEx_CommutCallback
                0x0000000008004a08       0x14 ./Drivers/STM32F4xx_HAL_Driver/Src/stm32f4xx_hal_tim_ex.o
                0x0000000008004a08                HAL_TIMEx_CommutCallback
 .text.HAL_TIMEx_BreakCallback
                0x0000000008004a1c       0x14 ./Drivers/STM32F4xx_HAL_Driver/Src/stm32f4xx_hal_tim_ex.o
                0x0000000008004a1c                HAL_TIMEx_BreakCallback
 .text.FSMC_NORSRAM_Init
                0x0000000008004a30       0xd4 ./Drivers/STM32F4xx_HAL_Driver/Src/stm32f4xx_ll_fsmc.o
                0x0000000008004a30                FSMC_NORSRAM_Init
 .text.FSMC_NORSRAM_Timing_Init
                0x0000000008004b04       0x6a ./Drivers/STM32F4xx_HAL_Driver/Src/stm32f4xx_ll_fsmc.o
                0x0000000008004b04                FSMC_NORSRAM_Timing_Init
 *fill*         0x0000000008004b6e        0x2 
 .text.FSMC_NORSRAM_Extended_Timing_Init
                0x0000000008004b70       0x70 ./Drivers/STM32F4xx_HAL_Driver/Src/stm32f4xx_ll_fsmc.o
                0x0000000008004b70                FSMC_NORSRAM_Extended_Timing_Init
 .text.memset   0x0000000008004be0       0x10 C:/ST/STM32CubeIDE_1.13.2/STM32CubeIDE/plugins/com.st.stm32cube.ide.mcu.externaltools.gnu-tools-for-stm32.11.3.rel1.win32_1.1.100.202309141235/tools/bin/../lib/gcc/arm-none-eabi/11.3.1/../../../../arm-none-eabi/lib/thumb/v7e-m+fp/hard\libc_nano.a(libc_a-memset.o)
                0x0000000008004be0                memset
 .text.__libc_init_array
                0x0000000008004bf0       0x48 C:/ST/STM32CubeIDE_1.13.2/STM32CubeIDE/plugins/com.st.stm32cube.ide.mcu.externaltools.gnu-tools-for-stm32.11.3.rel1.win32_1.1.100.202309141235/tools/bin/../lib/gcc/arm-none-eabi/11.3.1/../../../../arm-none-eabi/lib/thumb/v7e-m+fp/hard\libc_nano.a(libc_a-init.o)
                0x0000000008004bf0                __libc_init_array
 *(.glue_7)
 .glue_7        0x0000000008004c38        0x0 linker stubs
 *(.glue_7t)
 .glue_7t       0x0000000008004c38        0x0 linker stubs
 *(.eh_frame)
 .eh_frame      0x0000000008004c38        0x0 C:/ST/STM32CubeIDE_1.13.2/STM32CubeIDE/plugins/com.st.stm32cube.ide.mcu.externaltools.gnu-tools-for-stm32.11.3.rel1.win32_1.1.100.202309141235/tools/bin/../lib/gcc/arm-none-eabi/11.3.1/thumb/v7e-m+fp/hard/crtbegin.o
 *(.init)
 .init          0x0000000008004c38        0x4 C:/ST/STM32CubeIDE_1.13.2/STM32CubeIDE/plugins/com.st.stm32cube.ide.mcu.externaltools.gnu-tools-for-stm32.11.3.rel1.win32_1.1.100.202309141235/tools/bin/../lib/gcc/arm-none-eabi/11.3.1/thumb/v7e-m+fp/hard/crti.o
                0x0000000008004c38                _init
 .init          0x0000000008004c3c        0x8 C:/ST/STM32CubeIDE_1.13.2/STM32CubeIDE/plugins/com.st.stm32cube.ide.mcu.externaltools.gnu-tools-for-stm32.11.3.rel1.win32_1.1.100.202309141235/tools/bin/../lib/gcc/arm-none-eabi/11.3.1/thumb/v7e-m+fp/hard/crtn.o
 *(.fini)
 .fini          0x0000000008004c44        0x4 C:/ST/STM32CubeIDE_1.13.2/STM32CubeIDE/plugins/com.st.stm32cube.ide.mcu.externaltools.gnu-tools-for-stm32.11.3.rel1.win32_1.1.100.202309141235/tools/bin/../lib/gcc/arm-none-eabi/11.3.1/thumb/v7e-m+fp/hard/crti.o
                0x0000000008004c44                _fini
 .fini          0x0000000008004c48        0x8 C:/ST/STM32CubeIDE_1.13.2/STM32CubeIDE/plugins/com.st.stm32cube.ide.mcu.externaltools.gnu-tools-for-stm32.11.3.rel1.win32_1.1.100.202309141235/tools/bin/../lib/gcc/arm-none-eabi/11.3.1/thumb/v7e-m+fp/hard/crtn.o
                0x0000000008004c50                . = ALIGN (0x4)
                0x0000000008004c50                _etext = .

.vfp11_veneer   0x0000000008004c50        0x0
 .vfp11_veneer  0x0000000008004c50        0x0 linker stubs

.v4_bx          0x0000000008004c50        0x0
 .v4_bx         0x0000000008004c50        0x0 linker stubs

.iplt           0x0000000008004c50        0x0
 .iplt          0x0000000008004c50        0x0 C:/ST/STM32CubeIDE_1.13.2/STM32CubeIDE/plugins/com.st.stm32cube.ide.mcu.externaltools.gnu-tools-for-stm32.11.3.rel1.win32_1.1.100.202309141235/tools/bin/../lib/gcc/arm-none-eabi/11.3.1/thumb/v7e-m+fp/hard/crtbegin.o

.rodata         0x0000000008004c50     0x2ff4
                0x0000000008004c50                . = ALIGN (0x4)
 *(.rodata)
 .rodata        0x0000000008004c50       0x44 ./Core/Src/main.o
 *(.rodata*)
 .rodata.ascii_1608
                0x0000000008004c94      0x5f0 ./Core/Src/lcd.o
                0x0000000008004c94                ascii_1608
 .rodata.ascii_2412
                0x0000000008005284     0x11d0 ./Core/Src/lcd.o
                0x0000000008005284                ascii_2412
 .rodata.ascii_3216
                0x0000000008006454     0x17c0 ./Core/Src/lcd.o
                0x0000000008006454                ascii_3216
 .rodata.AHBPrescTable
                0x0000000008007c14       0x10 ./Core/Src/system_stm32f4xx.o
                0x0000000008007c14                AHBPrescTable
 .rodata.APBPrescTable
                0x0000000008007c24        0x8 ./Core/Src/system_stm32f4xx.o
                0x0000000008007c24                APBPrescTable
 .rodata.RED1_coordinate.0
                0x0000000008007c2c        0x4 ./Core/Src/traffic.o
 .rodata.GREEN1_coordinate.2
                0x0000000008007c30        0x4 ./Core/Src/traffic.o
 .rodata.YELLOW1_coordinate.4
                0x0000000008007c34        0x4 ./Core/Src/traffic.o
 .rodata.RED2_coordinate.1
                0x0000000008007c38        0x4 ./Core/Src/traffic.o
 .rodata.GREEN2_coordinate.3
                0x0000000008007c3c        0x4 ./Core/Src/traffic.o
 .rodata.YELLOW2_coordinate.5
                0x0000000008007c40        0x4 ./Core/Src/traffic.o
                0x0000000008007c44                . = ALIGN (0x4)

.ARM.extab      0x0000000008007c44        0x0
                0x0000000008007c44                . = ALIGN (0x4)
 *(.ARM.extab* .gnu.linkonce.armextab.*)
                0x0000000008007c44                . = ALIGN (0x4)

.ARM            0x0000000008007c44        0x8
                0x0000000008007c44                . = ALIGN (0x4)
                0x0000000008007c44                __exidx_start = .
 *(.ARM.exidx*)
 .ARM.exidx     0x0000000008007c44        0x8 C:/ST/STM32CubeIDE_1.13.2/STM32CubeIDE/plugins/com.st.stm32cube.ide.mcu.externaltools.gnu-tools-for-stm32.11.3.rel1.win32_1.1.100.202309141235/tools/bin/../lib/gcc/arm-none-eabi/11.3.1/thumb/v7e-m+fp/hard\libgcc.a(_udivmoddi4.o)
                0x0000000008007c4c                __exidx_end = .
                0x0000000008007c4c                . = ALIGN (0x4)

.rel.dyn        0x0000000008007c4c        0x0
 .rel.iplt      0x0000000008007c4c        0x0 C:/ST/STM32CubeIDE_1.13.2/STM32CubeIDE/plugins/com.st.stm32cube.ide.mcu.externaltools.gnu-tools-for-stm32.11.3.rel1.win32_1.1.100.202309141235/tools/bin/../lib/gcc/arm-none-eabi/11.3.1/thumb/v7e-m+fp/hard/crtbegin.o

.preinit_array  0x0000000008007c4c        0x0
                0x0000000008007c4c                . = ALIGN (0x4)
                0x0000000008007c4c                PROVIDE (__preinit_array_start = .)
 *(.preinit_array*)
                0x0000000008007c4c                PROVIDE (__preinit_array_end = .)
                0x0000000008007c4c                . = ALIGN (0x4)

.init_array     0x0000000008007c4c        0x4
                0x0000000008007c4c                . = ALIGN (0x4)
                0x0000000008007c4c                PROVIDE (__init_array_start = .)
 *(SORT_BY_NAME(.init_array.*))
 *(.init_array*)
 .init_array    0x0000000008007c4c        0x4 C:/ST/STM32CubeIDE_1.13.2/STM32CubeIDE/plugins/com.st.stm32cube.ide.mcu.externaltools.gnu-tools-for-stm32.11.3.rel1.win32_1.1.100.202309141235/tools/bin/../lib/gcc/arm-none-eabi/11.3.1/thumb/v7e-m+fp/hard/crtbegin.o
                0x0000000008007c50                PROVIDE (__init_array_end = .)
                0x0000000008007c50                . = ALIGN (0x4)

.fini_array     0x0000000008007c50        0x4
                0x0000000008007c50                . = ALIGN (0x4)
                [!provide]                        PROVIDE (__fini_array_start = .)
 *(SORT_BY_NAME(.fini_array.*))
 *(.fini_array*)
 .fini_array    0x0000000008007c50        0x4 C:/ST/STM32CubeIDE_1.13.2/STM32CubeIDE/plugins/com.st.stm32cube.ide.mcu.externaltools.gnu-tools-for-stm32.11.3.rel1.win32_1.1.100.202309141235/tools/bin/../lib/gcc/arm-none-eabi/11.3.1/thumb/v7e-m+fp/hard/crtbegin.o
                [!provide]                        PROVIDE (__fini_array_end = .)
                0x0000000008007c54                . = ALIGN (0x4)
                0x0000000008007c54                _sidata = LOADADDR (.data)

.data           0x0000000020000000       0x24 load address 0x0000000008007c54
                0x0000000020000000                . = ALIGN (0x4)
                0x0000000020000000                _sdata = .
 *(.data)
 *(.data*)
 .data.led7seg  0x0000000020000000        0x4 ./Core/Src/led_7seg.o
                0x0000000020000000                led7seg
 .data.spi_buffer
                0x0000000020000004        0x2 ./Core/Src/led_7seg.o
                0x0000000020000004                spi_buffer
 *fill*         0x0000000020000006        0x2 
 .data.SystemCoreClock
                0x0000000020000008        0x4 ./Core/Src/system_stm32f4xx.o
                0x0000000020000008                SystemCoreClock
 .data.defaultCounter
                0x000000002000000c        0x2 ./Core/Src/traffic.o
                0x000000002000000c                defaultCounter
 .data.defaultLight
                0x000000002000000e        0x2 ./Core/Src/traffic.o
                0x000000002000000e                defaultLight
 .data.redCycle
                0x0000000020000010        0x2 ./Core/Src/traffic.o
                0x0000000020000010                redCycle
 .data.greenCycle
                0x0000000020000012        0x2 ./Core/Src/traffic.o
                0x0000000020000012                greenCycle
 .data.yellowCycle
                0x0000000020000014        0x2 ./Core/Src/traffic.o
                0x0000000020000014                yellowCycle
 .data.counter  0x0000000020000016        0x2 ./Core/Src/traffic.o
                0x0000000020000016                counter
 .data.light    0x0000000020000018        0x2 ./Core/Src/traffic.o
                0x0000000020000018                light
 *fill*         0x000000002000001a        0x2 
 .data.uwTickPrio
                0x000000002000001c        0x4 ./Drivers/STM32F4xx_HAL_Driver/Src/stm32f4xx_hal.o
                0x000000002000001c                uwTickPrio
 .data.uwTickFreq
                0x0000000020000020        0x1 ./Drivers/STM32F4xx_HAL_Driver/Src/stm32f4xx_hal.o
                0x0000000020000020                uwTickFreq
 *(.RamFunc)
 *(.RamFunc*)
                0x0000000020000024                . = ALIGN (0x4)
 *fill*         0x0000000020000021        0x3 
                0x0000000020000024                _edata = .
                0x0000000008007c78                _siccmram = LOADADDR (.ccmram)

.igot.plt       0x0000000020000024        0x0 load address 0x0000000008007c78
 .igot.plt      0x0000000020000024        0x0 C:/ST/STM32CubeIDE_1.13.2/STM32CubeIDE/plugins/com.st.stm32cube.ide.mcu.externaltools.gnu-tools-for-stm32.11.3.rel1.win32_1.1.100.202309141235/tools/bin/../lib/gcc/arm-none-eabi/11.3.1/thumb/v7e-m+fp/hard/crtbegin.o

.ccmram         0x0000000010000000        0x0 load address 0x0000000008007c78
                0x0000000010000000                . = ALIGN (0x4)
                0x0000000010000000                _sccmram = .
 *(.ccmram)
 *(.ccmram*)
                0x0000000010000000                . = ALIGN (0x4)
                0x0000000010000000                _eccmram = .
                0x0000000010000000                . = ALIGN (0x4)

.bss            0x0000000020000024      0x1a0
                0x0000000020000024                _sbss = .
                0x0000000020000024                __bss_start__ = _sbss
 *(.bss)
 .bss           0x0000000020000024       0x1c C:/ST/STM32CubeIDE_1.13.2/STM32CubeIDE/plugins/com.st.stm32cube.ide.mcu.externaltools.gnu-tools-for-stm32.11.3.rel1.win32_1.1.100.202309141235/tools/bin/../lib/gcc/arm-none-eabi/11.3.1/thumb/v7e-m+fp/hard/crtbegin.o
 *(.bss*)
 .bss.button_count
                0x0000000020000040       0x20 ./Core/Src/button.o
                0x0000000020000040                button_count
 .bss.spi_button
                0x0000000020000060        0x2 ./Core/Src/button.o
                0x0000000020000060                spi_button
 *fill*         0x0000000020000062        0x2 
 .bss.FSMC_Initialized
                0x0000000020000064        0x4 ./Core/Src/fsmc.o
 .bss.lcddev    0x0000000020000068        0x6 ./Core/Src/lcd.o
                0x0000000020000068                lcddev
 .bss.led7_index
                0x000000002000006e        0x2 ./Core/Src/led_7seg.o
                0x000000002000006e                led7_index
 .bss.hi2c1     0x0000000020000070       0x54 ./Core/Src/main.o
                0x0000000020000070                hi2c1
 .bss.hspi1     0x00000000200000c4       0x58 ./Core/Src/main.o
                0x00000000200000c4                hspi1
 .bss.htim2     0x000000002000011c       0x48 ./Core/Src/main.o
                0x000000002000011c                htim2
 .bss.hsram1    0x0000000020000164       0x50 ./Core/Src/main.o
                0x0000000020000164                hsram1
 .bss.flag_timer2
                0x00000000200001b4        0x2 ./Core/Src/software_timer.o
                0x00000000200001b4                flag_timer2
 .bss.timer2_counter
                0x00000000200001b6        0x2 ./Core/Src/software_timer.o
                0x00000000200001b6                timer2_counter
 .bss.timer2_MUL
                0x00000000200001b8        0x2 ./Core/Src/software_timer.o
                0x00000000200001b8                timer2_MUL
 .bss.currentMode
                0x00000000200001ba        0x1 ./Core/Src/traffic.o
                0x00000000200001ba                currentMode
 .bss.currentState
                0x00000000200001bb        0x1 ./Core/Src/traffic.o
                0x00000000200001bb                currentState
 .bss.nextState
                0x00000000200001bc        0x1 ./Core/Src/traffic.o
                0x00000000200001bc                nextState
 .bss.count_LED_debug
                0x00000000200001bd        0x1 ./Core/Src/traffic.o
                0x00000000200001bd                count_LED_debug
 .bss.ledState  0x00000000200001be        0x1 ./Core/Src/traffic.o
                0x00000000200001be                ledState
 *fill*         0x00000000200001bf        0x1 
 .bss.uwTick    0x00000000200001c0        0x4 ./Drivers/STM32F4xx_HAL_Driver/Src/stm32f4xx_hal.o
                0x00000000200001c0                uwTick
 *(COMMON)
                0x00000000200001c4                . = ALIGN (0x4)
                0x00000000200001c4                _ebss = .
                0x00000000200001c4                __bss_end__ = _ebss

._user_heap_stack
                0x00000000200001c4      0x604
                0x00000000200001c8                . = ALIGN (0x8)
 *fill*         0x00000000200001c4        0x4 
                [!provide]                        PROVIDE (end = .)
                0x00000000200001c8                PROVIDE (_end = .)
                0x00000000200003c8                . = (. + _Min_Heap_Size)
 *fill*         0x00000000200001c8      0x200 
                0x00000000200007c8                . = (. + _Min_Stack_Size)
 *fill*         0x00000000200003c8      0x400 
                0x00000000200007c8                . = ALIGN (0x8)

/DISCARD/
 libc.a(*)
 libm.a(*)
 libgcc.a(*)

.ARM.attributes
                0x0000000000000000       0x30
 *(.ARM.attributes)
 .ARM.attributes
                0x0000000000000000       0x1e C:/ST/STM32CubeIDE_1.13.2/STM32CubeIDE/plugins/com.st.stm32cube.ide.mcu.externaltools.gnu-tools-for-stm32.11.3.rel1.win32_1.1.100.202309141235/tools/bin/../lib/gcc/arm-none-eabi/11.3.1/thumb/v7e-m+fp/hard/crti.o
 .ARM.attributes
                0x000000000000001e       0x34 C:/ST/STM32CubeIDE_1.13.2/STM32CubeIDE/plugins/com.st.stm32cube.ide.mcu.externaltools.gnu-tools-for-stm32.11.3.rel1.win32_1.1.100.202309141235/tools/bin/../lib/gcc/arm-none-eabi/11.3.1/thumb/v7e-m+fp/hard/crtbegin.o
 .ARM.attributes
                0x0000000000000052       0x34 ./Core/Src/button.o
 .ARM.attributes
                0x0000000000000086       0x34 ./Core/Src/fsmc.o
 .ARM.attributes
                0x00000000000000ba       0x34 ./Core/Src/lcd.o
 .ARM.attributes
                0x00000000000000ee       0x34 ./Core/Src/led_7seg.o
 .ARM.attributes
                0x0000000000000122       0x34 ./Core/Src/main.o
 .ARM.attributes
                0x0000000000000156       0x34 ./Core/Src/software_timer.o
 .ARM.attributes
                0x000000000000018a       0x34 ./Core/Src/spi.o
 .ARM.attributes
                0x00000000000001be       0x34 ./Core/Src/stm32f4xx_hal_msp.o
 .ARM.attributes
                0x00000000000001f2       0x34 ./Core/Src/stm32f4xx_it.o
 .ARM.attributes
                0x0000000000000226       0x34 ./Core/Src/system_stm32f4xx.o
 .ARM.attributes
                0x000000000000025a       0x34 ./Core/Src/traffic.o
 .ARM.attributes
                0x000000000000028e       0x21 ./Core/Startup/startup_stm32f407zgtx.o
 .ARM.attributes
                0x00000000000002af       0x34 ./Drivers/STM32F4xx_HAL_Driver/Src/stm32f4xx_hal.o
 .ARM.attributes
                0x00000000000002e3       0x34 ./Drivers/STM32F4xx_HAL_Driver/Src/stm32f4xx_hal_cortex.o
 .ARM.attributes
                0x0000000000000317       0x34 ./Drivers/STM32F4xx_HAL_Driver/Src/stm32f4xx_hal_gpio.o
 .ARM.attributes
                0x000000000000034b       0x34 ./Drivers/STM32F4xx_HAL_Driver/Src/stm32f4xx_hal_i2c.o
 .ARM.attributes
                0x000000000000037f       0x34 ./Drivers/STM32F4xx_HAL_Driver/Src/stm32f4xx_hal_rcc.o
 .ARM.attributes
                0x00000000000003b3       0x34 ./Drivers/STM32F4xx_HAL_Driver/Src/stm32f4xx_hal_spi.o
 .ARM.attributes
                0x00000000000003e7       0x34 ./Drivers/STM32F4xx_HAL_Driver/Src/stm32f4xx_hal_sram.o
 .ARM.attributes
                0x000000000000041b       0x34 ./Drivers/STM32F4xx_HAL_Driver/Src/stm32f4xx_hal_tim.o
 .ARM.attributes
                0x000000000000044f       0x34 ./Drivers/STM32F4xx_HAL_Driver/Src/stm32f4xx_hal_tim_ex.o
 .ARM.attributes
                0x0000000000000483       0x34 ./Drivers/STM32F4xx_HAL_Driver/Src/stm32f4xx_ll_fsmc.o
 .ARM.attributes
                0x00000000000004b7       0x34 C:/ST/STM32CubeIDE_1.13.2/STM32CubeIDE/plugins/com.st.stm32cube.ide.mcu.externaltools.gnu-tools-for-stm32.11.3.rel1.win32_1.1.100.202309141235/tools/bin/../lib/gcc/arm-none-eabi/11.3.1/../../../../arm-none-eabi/lib/thumb/v7e-m+fp/hard\libc_nano.a(libc_a-memset.o)
 .ARM.attributes
                0x00000000000004eb       0x34 C:/ST/STM32CubeIDE_1.13.2/STM32CubeIDE/plugins/com.st.stm32cube.ide.mcu.externaltools.gnu-tools-for-stm32.11.3.rel1.win32_1.1.100.202309141235/tools/bin/../lib/gcc/arm-none-eabi/11.3.1/../../../../arm-none-eabi/lib/thumb/v7e-m+fp/hard\libc_nano.a(libc_a-init.o)
 .ARM.attributes
                0x000000000000051f       0x1e C:/ST/STM32CubeIDE_1.13.2/STM32CubeIDE/plugins/com.st.stm32cube.ide.mcu.externaltools.gnu-tools-for-stm32.11.3.rel1.win32_1.1.100.202309141235/tools/bin/../lib/gcc/arm-none-eabi/11.3.1/thumb/v7e-m+fp/hard\libgcc.a(_aeabi_uldivmod.o)
 .ARM.attributes
                0x000000000000053d       0x34 C:/ST/STM32CubeIDE_1.13.2/STM32CubeIDE/plugins/com.st.stm32cube.ide.mcu.externaltools.gnu-tools-for-stm32.11.3.rel1.win32_1.1.100.202309141235/tools/bin/../lib/gcc/arm-none-eabi/11.3.1/thumb/v7e-m+fp/hard\libgcc.a(_udivmoddi4.o)
 .ARM.attributes
                0x0000000000000571       0x1e C:/ST/STM32CubeIDE_1.13.2/STM32CubeIDE/plugins/com.st.stm32cube.ide.mcu.externaltools.gnu-tools-for-stm32.11.3.rel1.win32_1.1.100.202309141235/tools/bin/../lib/gcc/arm-none-eabi/11.3.1/thumb/v7e-m+fp/hard\libgcc.a(_dvmd_tls.o)
 .ARM.attributes
                0x000000000000058f       0x1e C:/ST/STM32CubeIDE_1.13.2/STM32CubeIDE/plugins/com.st.stm32cube.ide.mcu.externaltools.gnu-tools-for-stm32.11.3.rel1.win32_1.1.100.202309141235/tools/bin/../lib/gcc/arm-none-eabi/11.3.1/thumb/v7e-m+fp/hard/crtn.o
OUTPUT(arm.elf elf32-littlearm)
LOAD linker stubs
LOAD C:/ST/STM32CubeIDE_1.13.2/STM32CubeIDE/plugins/com.st.stm32cube.ide.mcu.externaltools.gnu-tools-for-stm32.11.3.rel1.win32_1.1.100.202309141235/tools/bin/../lib/gcc/arm-none-eabi/11.3.1/../../../../arm-none-eabi/lib/thumb/v7e-m+fp/hard\libc.a
LOAD C:/ST/STM32CubeIDE_1.13.2/STM32CubeIDE/plugins/com.st.stm32cube.ide.mcu.externaltools.gnu-tools-for-stm32.11.3.rel1.win32_1.1.100.202309141235/tools/bin/../lib/gcc/arm-none-eabi/11.3.1/../../../../arm-none-eabi/lib/thumb/v7e-m+fp/hard\libm.a
LOAD C:/ST/STM32CubeIDE_1.13.2/STM32CubeIDE/plugins/com.st.stm32cube.ide.mcu.externaltools.gnu-tools-for-stm32.11.3.rel1.win32_1.1.100.202309141235/tools/bin/../lib/gcc/arm-none-eabi/11.3.1/thumb/v7e-m+fp/hard\libgcc.a

.comment        0x0000000000000000       0x43
 .comment       0x0000000000000000       0x43 C:/ST/STM32CubeIDE_1.13.2/STM32CubeIDE/plugins/com.st.stm32cube.ide.mcu.externaltools.gnu-tools-for-stm32.11.3.rel1.win32_1.1.100.202309141235/tools/bin/../lib/gcc/arm-none-eabi/11.3.1/thumb/v7e-m+fp/hard/crtbegin.o
                                         0x44 (size before relaxing)
 .comment       0x0000000000000043       0x44 ./Core/Src/button.o
 .comment       0x0000000000000043       0x44 ./Core/Src/fsmc.o
 .comment       0x0000000000000043       0x44 ./Core/Src/lcd.o
 .comment       0x0000000000000043       0x44 ./Core/Src/led_7seg.o
 .comment       0x0000000000000043       0x44 ./Core/Src/main.o
 .comment       0x0000000000000043       0x44 ./Core/Src/software_timer.o
 .comment       0x0000000000000043       0x44 ./Core/Src/spi.o
 .comment       0x0000000000000043       0x44 ./Core/Src/stm32f4xx_hal_msp.o
 .comment       0x0000000000000043       0x44 ./Core/Src/stm32f4xx_it.o
 .comment       0x0000000000000043       0x44 ./Core/Src/system_stm32f4xx.o
 .comment       0x0000000000000043       0x44 ./Core/Src/traffic.o
 .comment       0x0000000000000043       0x44 ./Drivers/STM32F4xx_HAL_Driver/Src/stm32f4xx_hal.o
 .comment       0x0000000000000043       0x44 ./Drivers/STM32F4xx_HAL_Driver/Src/stm32f4xx_hal_cortex.o
 .comment       0x0000000000000043       0x44 ./Drivers/STM32F4xx_HAL_Driver/Src/stm32f4xx_hal_gpio.o
 .comment       0x0000000000000043       0x44 ./Drivers/STM32F4xx_HAL_Driver/Src/stm32f4xx_hal_i2c.o
 .comment       0x0000000000000043       0x44 ./Drivers/STM32F4xx_HAL_Driver/Src/stm32f4xx_hal_rcc.o
 .comment       0x0000000000000043       0x44 ./Drivers/STM32F4xx_HAL_Driver/Src/stm32f4xx_hal_spi.o
 .comment       0x0000000000000043       0x44 ./Drivers/STM32F4xx_HAL_Driver/Src/stm32f4xx_hal_sram.o
 .comment       0x0000000000000043       0x44 ./Drivers/STM32F4xx_HAL_Driver/Src/stm32f4xx_hal_tim.o
 .comment       0x0000000000000043       0x44 ./Drivers/STM32F4xx_HAL_Driver/Src/stm32f4xx_hal_tim_ex.o
 .comment       0x0000000000000043       0x44 ./Drivers/STM32F4xx_HAL_Driver/Src/stm32f4xx_ll_fsmc.o

.debug_info     0x0000000000000000    0x128fa
 .debug_info    0x0000000000000000      0x778 ./Core/Src/button.o
 .debug_info    0x0000000000000778      0x9e0 ./Core/Src/fsmc.o
 .debug_info    0x0000000000001158      0xd9a ./Core/Src/lcd.o
 .debug_info    0x0000000000001ef2      0x80d ./Core/Src/led_7seg.o
 .debug_info    0x00000000000026ff     0x1825 ./Core/Src/main.o
 .debug_info    0x0000000000003f24      0x780 ./Core/Src/software_timer.o
 .debug_info    0x00000000000046a4      0x93f ./Core/Src/spi.o
 .debug_info    0x0000000000004fe3     0x1541 ./Core/Src/stm32f4xx_hal_msp.o
 .debug_info    0x0000000000006524      0x6e1 ./Core/Src/stm32f4xx_it.o
 .debug_info    0x0000000000006c05      0x512 ./Core/Src/system_stm32f4xx.o
 .debug_info    0x0000000000007117      0x309 ./Core/Src/traffic.o
 .debug_info    0x0000000000007420       0x23 ./Core/Startup/startup_stm32f407zgtx.o
 .debug_info    0x0000000000007443      0x944 ./Drivers/STM32F4xx_HAL_Driver/Src/stm32f4xx_hal.o
 .debug_info    0x0000000000007d87      0xd8c ./Drivers/STM32F4xx_HAL_Driver/Src/stm32f4xx_hal_cortex.o
 .debug_info    0x0000000000008b13      0x6c3 ./Drivers/STM32F4xx_HAL_Driver/Src/stm32f4xx_hal_gpio.o
 .debug_info    0x00000000000091d6     0x2415 ./Drivers/STM32F4xx_HAL_Driver/Src/stm32f4xx_hal_i2c.o
 .debug_info    0x000000000000b5eb      0x8af ./Drivers/STM32F4xx_HAL_Driver/Src/stm32f4xx_hal_rcc.o
 .debug_info    0x000000000000be9a     0x1525 ./Drivers/STM32F4xx_HAL_Driver/Src/stm32f4xx_hal_spi.o
 .debug_info    0x000000000000d3bf      0xd39 ./Drivers/STM32F4xx_HAL_Driver/Src/stm32f4xx_hal_sram.o
 .debug_info    0x000000000000e0f8     0x299d ./Drivers/STM32F4xx_HAL_Driver/Src/stm32f4xx_hal_tim.o
 .debug_info    0x0000000000010a95     0x14db ./Drivers/STM32F4xx_HAL_Driver/Src/stm32f4xx_hal_tim_ex.o
 .debug_info    0x0000000000011f70      0x98a ./Drivers/STM32F4xx_HAL_Driver/Src/stm32f4xx_ll_fsmc.o

.debug_abbrev   0x0000000000000000     0x2d72
 .debug_abbrev  0x0000000000000000      0x1e4 ./Core/Src/button.o
 .debug_abbrev  0x00000000000001e4      0x201 ./Core/Src/fsmc.o
 .debug_abbrev  0x00000000000003e5      0x341 ./Core/Src/lcd.o
 .debug_abbrev  0x0000000000000726      0x1d3 ./Core/Src/led_7seg.o
 .debug_abbrev  0x00000000000008f9      0x2f1 ./Core/Src/main.o
 .debug_abbrev  0x0000000000000bea      0x1ea ./Core/Src/software_timer.o
 .debug_abbrev  0x0000000000000dd4      0x1e9 ./Core/Src/spi.o
 .debug_abbrev  0x0000000000000fbd      0x250 ./Core/Src/stm32f4xx_hal_msp.o
 .debug_abbrev  0x000000000000120d      0x192 ./Core/Src/stm32f4xx_it.o
 .debug_abbrev  0x000000000000139f      0x11a ./Core/Src/system_stm32f4xx.o
 .debug_abbrev  0x00000000000014b9      0x11a ./Core/Src/traffic.o
 .debug_abbrev  0x00000000000015d3       0x12 ./Core/Startup/startup_stm32f407zgtx.o
 .debug_abbrev  0x00000000000015e5      0x214 ./Drivers/STM32F4xx_HAL_Driver/Src/stm32f4xx_hal.o
 .debug_abbrev  0x00000000000017f9      0x31d ./Drivers/STM32F4xx_HAL_Driver/Src/stm32f4xx_hal_cortex.o
 .debug_abbrev  0x0000000000001b16      0x1d4 ./Drivers/STM32F4xx_HAL_Driver/Src/stm32f4xx_hal_gpio.o
 .debug_abbrev  0x0000000000001cea      0x2ad ./Drivers/STM32F4xx_HAL_Driver/Src/stm32f4xx_hal_i2c.o
 .debug_abbrev  0x0000000000001f97      0x2b7 ./Drivers/STM32F4xx_HAL_Driver/Src/stm32f4xx_hal_rcc.o
 .debug_abbrev  0x000000000000224e      0x27a ./Drivers/STM32F4xx_HAL_Driver/Src/stm32f4xx_hal_spi.o
 .debug_abbrev  0x00000000000024c8      0x20c ./Drivers/STM32F4xx_HAL_Driver/Src/stm32f4xx_hal_sram.o
 .debug_abbrev  0x00000000000026d4      0x278 ./Drivers/STM32F4xx_HAL_Driver/Src/stm32f4xx_hal_tim.o
 .debug_abbrev  0x000000000000294c      0x283 ./Drivers/STM32F4xx_HAL_Driver/Src/stm32f4xx_hal_tim_ex.o
 .debug_abbrev  0x0000000000002bcf      0x1a3 ./Drivers/STM32F4xx_HAL_Driver/Src/stm32f4xx_ll_fsmc.o

.debug_aranges  0x0000000000000000     0x11c8
 .debug_aranges
                0x0000000000000000       0x28 ./Core/Src/button.o
 .debug_aranges
                0x0000000000000028       0x40 ./Core/Src/fsmc.o
 .debug_aranges
                0x0000000000000068       0xd8 ./Core/Src/lcd.o
 .debug_aranges
                0x0000000000000140       0x48 ./Core/Src/led_7seg.o
 .debug_aranges
                0x0000000000000188       0x68 ./Core/Src/main.o
 .debug_aranges
                0x00000000000001f0       0x38 ./Core/Src/software_timer.o
 .debug_aranges
                0x0000000000000228       0x30 ./Core/Src/spi.o
 .debug_aranges
                0x0000000000000258       0x70 ./Core/Src/stm32f4xx_hal_msp.o
 .debug_aranges
                0x00000000000002c8       0x68 ./Core/Src/stm32f4xx_it.o
 .debug_aranges
                0x0000000000000330       0x28 ./Core/Src/system_stm32f4xx.o
 .debug_aranges
                0x0000000000000358       0x38 ./Core/Src/traffic.o
 .debug_aranges
                0x0000000000000390       0x28 ./Core/Startup/startup_stm32f407zgtx.o
 .debug_aranges
                0x00000000000003b8       0xf0 ./Drivers/STM32F4xx_HAL_Driver/Src/stm32f4xx_hal.o
 .debug_aranges
                0x00000000000004a8      0x130 ./Drivers/STM32F4xx_HAL_Driver/Src/stm32f4xx_hal_cortex.o
 .debug_aranges
                0x00000000000005d8       0x58 ./Drivers/STM32F4xx_HAL_Driver/Src/stm32f4xx_hal_gpio.o
 .debug_aranges
                0x0000000000000630      0x2a8 ./Drivers/STM32F4xx_HAL_Driver/Src/stm32f4xx_hal_i2c.o
 .debug_aranges
                0x00000000000008d8       0x88 ./Drivers/STM32F4xx_HAL_Driver/Src/stm32f4xx_hal_rcc.o
 .debug_aranges
                0x0000000000000960      0x1d0 ./Drivers/STM32F4xx_HAL_Driver/Src/stm32f4xx_hal_spi.o
 .debug_aranges
                0x0000000000000b30       0xb8 ./Drivers/STM32F4xx_HAL_Driver/Src/stm32f4xx_hal_sram.o
 .debug_aranges
                0x0000000000000be8      0x3d0 ./Drivers/STM32F4xx_HAL_Driver/Src/stm32f4xx_hal_tim.o
 .debug_aranges
                0x0000000000000fb8      0x168 ./Drivers/STM32F4xx_HAL_Driver/Src/stm32f4xx_hal_tim_ex.o
 .debug_aranges
                0x0000000000001120       0xa8 ./Drivers/STM32F4xx_HAL_Driver/Src/stm32f4xx_ll_fsmc.o

.debug_rnglists
                0x0000000000000000      0xdd1
 .debug_rnglists
                0x0000000000000000       0x1a ./Core/Src/button.o
 .debug_rnglists
                0x000000000000001a       0x2d ./Core/Src/fsmc.o
 .debug_rnglists
                0x0000000000000047       0xa8 ./Core/Src/lcd.o
 .debug_rnglists
                0x00000000000000ef       0x32 ./Core/Src/led_7seg.o
 .debug_rnglists
                0x0000000000000121       0x4e ./Core/Src/main.o
 .debug_rnglists
                0x000000000000016f       0x25 ./Core/Src/software_timer.o
 .debug_rnglists
                0x0000000000000194       0x20 ./Core/Src/spi.o
 .debug_rnglists
                0x00000000000001b4       0x52 ./Core/Src/stm32f4xx_hal_msp.o
 .debug_rnglists
                0x0000000000000206       0x49 ./Core/Src/stm32f4xx_it.o
 .debug_rnglists
                0x000000000000024f       0x1a ./Core/Src/system_stm32f4xx.o
 .debug_rnglists
                0x0000000000000269       0x28 ./Core/Src/traffic.o
 .debug_rnglists
                0x0000000000000291       0x19 ./Core/Startup/startup_stm32f407zgtx.o
 .debug_rnglists
                0x00000000000002aa       0xaf ./Drivers/STM32F4xx_HAL_Driver/Src/stm32f4xx_hal.o
 .debug_rnglists
                0x0000000000000359       0xe0 ./Drivers/STM32F4xx_HAL_Driver/Src/stm32f4xx_hal_cortex.o
 .debug_rnglists
                0x0000000000000439       0x3f ./Drivers/STM32F4xx_HAL_Driver/Src/stm32f4xx_hal_gpio.o
 .debug_rnglists
                0x0000000000000478      0x23c ./Drivers/STM32F4xx_HAL_Driver/Src/stm32f4xx_hal_i2c.o
 .debug_rnglists
                0x00000000000006b4       0x66 ./Drivers/STM32F4xx_HAL_Driver/Src/stm32f4xx_hal_rcc.o
 .debug_rnglists
                0x000000000000071a      0x16f ./Drivers/STM32F4xx_HAL_Driver/Src/stm32f4xx_hal_spi.o
 .debug_rnglists
                0x0000000000000889       0x8d ./Drivers/STM32F4xx_HAL_Driver/Src/stm32f4xx_hal_sram.o
 .debug_rnglists
                0x0000000000000916      0x31a ./Drivers/STM32F4xx_HAL_Driver/Src/stm32f4xx_hal_tim.o
 .debug_rnglists
                0x0000000000000c30      0x125 ./Drivers/STM32F4xx_HAL_Driver/Src/stm32f4xx_hal_tim_ex.o
 .debug_rnglists
                0x0000000000000d55       0x7c ./Drivers/STM32F4xx_HAL_Driver/Src/stm32f4xx_ll_fsmc.o

.debug_macro    0x0000000000000000    0x22c46
 .debug_macro   0x0000000000000000      0x230 ./Core/Src/button.o
 .debug_macro   0x0000000000000230      0xaa8 ./Core/Src/button.o
 .debug_macro   0x0000000000000cd8      0x2a7 ./Core/Src/button.o
 .debug_macro   0x0000000000000f7f       0x2e ./Core/Src/button.o
 .debug_macro   0x0000000000000fad       0x2f ./Core/Src/button.o
 .debug_macro   0x0000000000000fdc       0x22 ./Core/Src/button.o
 .debug_macro   0x0000000000000ffe       0x8e ./Core/Src/button.o
 .debug_macro   0x000000000000108c       0x51 ./Core/Src/button.o
 .debug_macro   0x00000000000010dd      0x103 ./Core/Src/button.o
 .debug_macro   0x00000000000011e0       0x6a ./Core/Src/button.o
 .debug_macro   0x000000000000124a      0x1df ./Core/Src/button.o
 .debug_macro   0x0000000000001429       0x1c ./Core/Src/button.o
 .debug_macro   0x0000000000001445       0x22 ./Core/Src/button.o
 .debug_macro   0x0000000000001467       0xfb ./Core/Src/button.o
 .debug_macro   0x0000000000001562     0x1011 ./Core/Src/button.o
 .debug_macro   0x0000000000002573      0x11f ./Core/Src/button.o
 .debug_macro   0x0000000000002692    0x15e97 ./Core/Src/button.o
 .debug_macro   0x0000000000018529       0x6d ./Core/Src/button.o
 .debug_macro   0x0000000000018596     0x369a ./Core/Src/button.o
 .debug_macro   0x000000000001bc30      0x174 ./Core/Src/button.o
 .debug_macro   0x000000000001bda4       0x5c ./Core/Src/button.o
 .debug_macro   0x000000000001be00      0x980 ./Core/Src/button.o
 .debug_macro   0x000000000001c780      0x9e9 ./Core/Src/button.o
 .debug_macro   0x000000000001d169      0x115 ./Core/Src/button.o
 .debug_macro   0x000000000001d27e      0x13e ./Core/Src/button.o
 .debug_macro   0x000000000001d3bc       0xa5 ./Core/Src/button.o
 .debug_macro   0x000000000001d461      0x174 ./Core/Src/button.o
 .debug_macro   0x000000000001d5d5      0x287 ./Core/Src/button.o
 .debug_macro   0x000000000001d85c       0x5f ./Core/Src/button.o
 .debug_macro   0x000000000001d8bb      0x236 ./Core/Src/button.o
 .debug_macro   0x000000000001daf1      0x12c ./Core/Src/button.o
 .debug_macro   0x000000000001dc1d      0x21e ./Core/Src/button.o
 .debug_macro   0x000000000001de3b       0x2e ./Core/Src/button.o
 .debug_macro   0x000000000001de69      0x516 ./Core/Src/button.o
 .debug_macro   0x000000000001e37f      0x1b5 ./Core/Src/button.o
 .debug_macro   0x000000000001e534       0xd6 ./Core/Src/button.o
 .debug_macro   0x000000000001e60a      0x127 ./Core/Src/button.o
 .debug_macro   0x000000000001e731       0x7e ./Core/Src/button.o
 .debug_macro   0x000000000001e7af       0x89 ./Core/Src/button.o
 .debug_macro   0x000000000001e838      0x225 ./Core/Src/button.o
 .debug_macro   0x000000000001ea5d      0x8ed ./Core/Src/button.o
 .debug_macro   0x000000000001f34a       0x4d ./Core/Src/button.o
 .debug_macro   0x000000000001f397      0x12d ./Core/Src/button.o
 .debug_macro   0x000000000001f4c4       0x88 ./Core/Src/button.o
 .debug_macro   0x000000000001f54c      0x21c ./Core/Src/fsmc.o
 .debug_macro   0x000000000001f768      0x331 ./Core/Src/lcd.o
 .debug_macro   0x000000000001fa99       0x2a ./Core/Src/lcd.o
 .debug_macro   0x000000000001fac3       0x61 ./Core/Src/lcd.o
 .debug_macro   0x000000000001fb24       0x43 ./Core/Src/lcd.o
 .debug_macro   0x000000000001fb67       0x34 ./Core/Src/lcd.o
 .debug_macro   0x000000000001fb9b       0x16 ./Core/Src/lcd.o
 .debug_macro   0x000000000001fbb1       0x35 ./Core/Src/lcd.o
 .debug_macro   0x000000000001fbe6       0x16 ./Core/Src/lcd.o
 .debug_macro   0x000000000001fbfc       0x43 ./Core/Src/lcd.o
 .debug_macro   0x000000000001fc3f       0x34 ./Core/Src/lcd.o
 .debug_macro   0x000000000001fc73       0x10 ./Core/Src/lcd.o
 .debug_macro   0x000000000001fc83       0x58 ./Core/Src/lcd.o
 .debug_macro   0x000000000001fcdb       0x8e ./Core/Src/lcd.o
 .debug_macro   0x000000000001fd69       0x1c ./Core/Src/lcd.o
 .debug_macro   0x000000000001fd85      0x177 ./Core/Src/lcd.o
 .debug_macro   0x000000000001fefc      0x369 ./Core/Src/lcd.o
 .debug_macro   0x0000000000020265       0x16 ./Core/Src/lcd.o
 .debug_macro   0x000000000002027b       0x29 ./Core/Src/lcd.o
 .debug_macro   0x00000000000202a4       0x16 ./Core/Src/lcd.o
 .debug_macro   0x00000000000202ba       0x20 ./Core/Src/lcd.o
 .debug_macro   0x00000000000202da       0xca ./Core/Src/lcd.o
 .debug_macro   0x00000000000203a4      0x226 ./Core/Src/led_7seg.o
 .debug_macro   0x00000000000205ca      0x379 ./Core/Src/main.o
 .debug_macro   0x0000000000020943      0x244 ./Core/Src/software_timer.o
 .debug_macro   0x0000000000020b87      0x21c ./Core/Src/spi.o
 .debug_macro   0x0000000000020da3      0x212 ./Core/Src/stm32f4xx_hal_msp.o
 .debug_macro   0x0000000000020fb5      0x21c ./Core/Src/stm32f4xx_it.o
 .debug_macro   0x00000000000211d1      0x203 ./Core/Src/system_stm32f4xx.o
 .debug_macro   0x00000000000213d4      0x331 ./Core/Src/traffic.o
 .debug_macro   0x0000000000021705      0x263 ./Drivers/STM32F4xx_HAL_Driver/Src/stm32f4xx_hal.o
 .debug_macro   0x0000000000021968      0x203 ./Drivers/STM32F4xx_HAL_Driver/Src/stm32f4xx_hal_cortex.o
 .debug_macro   0x0000000000021b6b      0x209 ./Drivers/STM32F4xx_HAL_Driver/Src/stm32f4xx_hal_gpio.o
 .debug_macro   0x0000000000021d74      0x251 ./Drivers/STM32F4xx_HAL_Driver/Src/stm32f4xx_hal_i2c.o
 .debug_macro   0x0000000000021fc5      0x227 ./Drivers/STM32F4xx_HAL_Driver/Src/stm32f4xx_hal_rcc.o
 .debug_macro   0x00000000000221ec      0x212 ./Drivers/STM32F4xx_HAL_Driver/Src/stm32f4xx_hal_spi.o
 .debug_macro   0x00000000000223fe      0x203 ./Drivers/STM32F4xx_HAL_Driver/Src/stm32f4xx_hal_sram.o
 .debug_macro   0x0000000000022601      0x204 ./Drivers/STM32F4xx_HAL_Driver/Src/stm32f4xx_hal_tim.o
 .debug_macro   0x0000000000022805      0x203 ./Drivers/STM32F4xx_HAL_Driver/Src/stm32f4xx_hal_tim_ex.o
 .debug_macro   0x0000000000022a08      0x23e ./Drivers/STM32F4xx_HAL_Driver/Src/stm32f4xx_ll_fsmc.o

.debug_line     0x0000000000000000    0x1654c
 .debug_line    0x0000000000000000      0x839 ./Core/Src/button.o
 .debug_line    0x0000000000000839      0x8ae ./Core/Src/fsmc.o
 .debug_line    0x00000000000010e7     0x1041 ./Core/Src/lcd.o
 .debug_line    0x0000000000002128      0x8a9 ./Core/Src/led_7seg.o
 .debug_line    0x00000000000029d1      0xc7f ./Core/Src/main.o
 .debug_line    0x0000000000003650      0x84b ./Core/Src/software_timer.o
 .debug_line    0x0000000000003e9b      0x81f ./Core/Src/spi.o
 .debug_line    0x00000000000046ba      0x92d ./Core/Src/stm32f4xx_hal_msp.o
 .debug_line    0x0000000000004fe7      0x888 ./Core/Src/stm32f4xx_it.o
 .debug_line    0x000000000000586f      0x82f ./Core/Src/system_stm32f4xx.o
 .debug_line    0x000000000000609e      0xe40 ./Core/Src/traffic.o
 .debug_line    0x0000000000006ede       0x7a ./Core/Startup/startup_stm32f407zgtx.o
 .debug_line    0x0000000000006f58      0xa95 ./Drivers/STM32F4xx_HAL_Driver/Src/stm32f4xx_hal.o
 .debug_line    0x00000000000079ed      0xd8f ./Drivers/STM32F4xx_HAL_Driver/Src/stm32f4xx_hal_cortex.o
 .debug_line    0x000000000000877c      0xc09 ./Drivers/STM32F4xx_HAL_Driver/Src/stm32f4xx_hal_gpio.o
 .debug_line    0x0000000000009385     0x3af7 ./Drivers/STM32F4xx_HAL_Driver/Src/stm32f4xx_hal_i2c.o
 .debug_line    0x000000000000ce7c      0xe26 ./Drivers/STM32F4xx_HAL_Driver/Src/stm32f4xx_hal_rcc.o
 .debug_line    0x000000000000dca2     0x1d8f ./Drivers/STM32F4xx_HAL_Driver/Src/stm32f4xx_hal_spi.o
 .debug_line    0x000000000000fa31      0xdb0 ./Drivers/STM32F4xx_HAL_Driver/Src/stm32f4xx_hal_sram.o
 .debug_line    0x00000000000107e1     0x3821 ./Drivers/STM32F4xx_HAL_Driver/Src/stm32f4xx_hal_tim.o
 .debug_line    0x0000000000014002     0x1a91 ./Drivers/STM32F4xx_HAL_Driver/Src/stm32f4xx_hal_tim_ex.o
 .debug_line    0x0000000000015a93      0xab9 ./Drivers/STM32F4xx_HAL_Driver/Src/stm32f4xx_ll_fsmc.o

.debug_str      0x0000000000000000    0xd053e
 .debug_str     0x0000000000000000    0xc803b ./Core/Src/button.o
                                      0xc8348 (size before relaxing)
 .debug_str     0x00000000000c803b      0x3ef ./Core/Src/fsmc.o
                                      0xc850d (size before relaxing)
 .debug_str     0x00000000000c842a     0x36e3 ./Core/Src/lcd.o
                                      0xcb56e (size before relaxing)
 .debug_str     0x00000000000cbb0d       0xa9 ./Core/Src/led_7seg.o
                                      0xc8385 (size before relaxing)
 .debug_str     0x00000000000cbbb6      0x841 ./Core/Src/main.o
                                      0xcc441 (size before relaxing)
 .debug_str     0x00000000000cc3f7       0xb9 ./Core/Src/software_timer.o
                                      0xc8455 (size before relaxing)
 .debug_str     0x00000000000cc4b0       0x3e ./Core/Src/spi.o
                                      0xc8447 (size before relaxing)
 .debug_str     0x00000000000cc4ee      0x5ab ./Core/Src/stm32f4xx_hal_msp.o
                                      0xc90f0 (size before relaxing)
 .debug_str     0x00000000000cca99       0xec ./Core/Src/stm32f4xx_it.o
                                      0xc83d4 (size before relaxing)
 .debug_str     0x00000000000ccb85       0xdb ./Core/Src/system_stm32f4xx.o
                                      0xc7d7e (size before relaxing)
 .debug_str     0x00000000000ccc60      0x190 ./Core/Src/traffic.o
                                      0xcb41e (size before relaxing)
 .debug_str     0x00000000000ccdf0       0x34 ./Core/Startup/startup_stm32f407zgtx.o
                                         0x53 (size before relaxing)
 .debug_str     0x00000000000cce24      0x603 ./Drivers/STM32F4xx_HAL_Driver/Src/stm32f4xx_hal.o
                                      0xc8902 (size before relaxing)
 .debug_str     0x00000000000cd427      0x36b ./Drivers/STM32F4xx_HAL_Driver/Src/stm32f4xx_hal_cortex.o
                                      0xc867e (size before relaxing)
 .debug_str     0x00000000000cd792      0x11c ./Drivers/STM32F4xx_HAL_Driver/Src/stm32f4xx_hal_gpio.o
                                      0xc7ef9 (size before relaxing)
 .debug_str     0x00000000000cd8ae      0xb5d ./Drivers/STM32F4xx_HAL_Driver/Src/stm32f4xx_hal_i2c.o
                                      0xc8d9c (size before relaxing)
 .debug_str     0x00000000000ce40b      0x213 ./Drivers/STM32F4xx_HAL_Driver/Src/stm32f4xx_hal_rcc.o
                                      0xc81b2 (size before relaxing)
 .debug_str     0x00000000000ce61e      0x53f ./Drivers/STM32F4xx_HAL_Driver/Src/stm32f4xx_hal_spi.o
                                      0xc863c (size before relaxing)
 .debug_str     0x00000000000ceb5d      0x1ea ./Drivers/STM32F4xx_HAL_Driver/Src/stm32f4xx_hal_sram.o
                                      0xc837c (size before relaxing)
 .debug_str     0x00000000000ced47      0xda8 ./Drivers/STM32F4xx_HAL_Driver/Src/stm32f4xx_hal_tim.o
                                      0xc9108 (size before relaxing)
 .debug_str     0x00000000000cfaef      0x493 ./Drivers/STM32F4xx_HAL_Driver/Src/stm32f4xx_hal_tim_ex.o
                                      0xc8914 (size before relaxing)
 .debug_str     0x00000000000cff82      0x5bc ./Drivers/STM32F4xx_HAL_Driver/Src/stm32f4xx_ll_fsmc.o
                                      0xc85e9 (size before relaxing)

.debug_frame    0x0000000000000000     0x4a90
 .debug_frame   0x0000000000000000       0x50 ./Core/Src/button.o
 .debug_frame   0x0000000000000050       0xbc ./Core/Src/fsmc.o
 .debug_frame   0x000000000000010c      0x394 ./Core/Src/lcd.o
 .debug_frame   0x00000000000004a0       0xe8 ./Core/Src/led_7seg.o
 .debug_frame   0x0000000000000588      0x150 ./Core/Src/main.o
 .debug_frame   0x00000000000006d8       0xa0 ./Core/Src/software_timer.o
 .debug_frame   0x0000000000000778       0x74 ./Core/Src/spi.o
 .debug_frame   0x00000000000007ec      0x198 ./Core/Src/stm32f4xx_hal_msp.o
 .debug_frame   0x0000000000000984      0x120 ./Core/Src/stm32f4xx_it.o
 .debug_frame   0x0000000000000aa4       0x58 ./Core/Src/system_stm32f4xx.o
 .debug_frame   0x0000000000000afc       0xa0 ./Core/Src/traffic.o
 .debug_frame   0x0000000000000b9c      0x374 ./Drivers/STM32F4xx_HAL_Driver/Src/stm32f4xx_hal.o
 .debug_frame   0x0000000000000f10      0x508 ./Drivers/STM32F4xx_HAL_Driver/Src/stm32f4xx_hal_cortex.o
 .debug_frame   0x0000000000001418      0x14c ./Drivers/STM32F4xx_HAL_Driver/Src/stm32f4xx_hal_gpio.o
 .debug_frame   0x0000000000001564      0xc84 ./Drivers/STM32F4xx_HAL_Driver/Src/stm32f4xx_hal_i2c.o
 .debug_frame   0x00000000000021e8      0x1f4 ./Drivers/STM32F4xx_HAL_Driver/Src/stm32f4xx_hal_rcc.o
 .debug_frame   0x00000000000023dc      0x828 ./Drivers/STM32F4xx_HAL_Driver/Src/stm32f4xx_hal_spi.o
 .debug_frame   0x0000000000002c04      0x30c ./Drivers/STM32F4xx_HAL_Driver/Src/stm32f4xx_hal_sram.o
 .debug_frame   0x0000000000002f10     0x11c0 ./Drivers/STM32F4xx_HAL_Driver/Src/stm32f4xx_hal_tim.o
 .debug_frame   0x00000000000040d0      0x638 ./Drivers/STM32F4xx_HAL_Driver/Src/stm32f4xx_hal_tim_ex.o
 .debug_frame   0x0000000000004708      0x2dc ./Drivers/STM32F4xx_HAL_Driver/Src/stm32f4xx_ll_fsmc.o
 .debug_frame   0x00000000000049e4       0x20 C:/ST/STM32CubeIDE_1.13.2/STM32CubeIDE/plugins/com.st.stm32cube.ide.mcu.externaltools.gnu-tools-for-stm32.11.3.rel1.win32_1.1.100.202309141235/tools/bin/../lib/gcc/arm-none-eabi/11.3.1/../../../../arm-none-eabi/lib/thumb/v7e-m+fp/hard\libc_nano.a(libc_a-memset.o)
 .debug_frame   0x0000000000004a04       0x2c C:/ST/STM32CubeIDE_1.13.2/STM32CubeIDE/plugins/com.st.stm32cube.ide.mcu.externaltools.gnu-tools-for-stm32.11.3.rel1.win32_1.1.100.202309141235/tools/bin/../lib/gcc/arm-none-eabi/11.3.1/../../../../arm-none-eabi/lib/thumb/v7e-m+fp/hard\libc_nano.a(libc_a-init.o)
 .debug_frame   0x0000000000004a30       0x2c C:/ST/STM32CubeIDE_1.13.2/STM32CubeIDE/plugins/com.st.stm32cube.ide.mcu.externaltools.gnu-tools-for-stm32.11.3.rel1.win32_1.1.100.202309141235/tools/bin/../lib/gcc/arm-none-eabi/11.3.1/thumb/v7e-m+fp/hard\libgcc.a(_aeabi_uldivmod.o)
 .debug_frame   0x0000000000004a5c       0x34 C:/ST/STM32CubeIDE_1.13.2/STM32CubeIDE/plugins/com.st.stm32cube.ide.mcu.externaltools.gnu-tools-for-stm32.11.3.rel1.win32_1.1.100.202309141235/tools/bin/../lib/gcc/arm-none-eabi/11.3.1/thumb/v7e-m+fp/hard\libgcc.a(_udivmoddi4.o)

.debug_line_str
                0x0000000000000000       0x47
 .debug_line_str
                0x0000000000000000       0x47 ./Core/Startup/startup_stm32f407zgtx.o
                                         0x5f (size before relaxing)
