Archive member included to satisfy reference by file (symbol)

C:/ST/STM32CubeIDE_1.13.2/STM32CubeIDE/plugins/com.st.stm32cube.ide.mcu.externaltools.gnu-tools-for-stm32.11.3.rel1.win32_1.1.100.202309141235/tools/bin/../lib/gcc/arm-none-eabi/11.3.1/../../../../arm-none-eabi/lib/thumb/v7e-m+fp/hard\libc_nano.a(libc_a-exit.o)
                              C:/ST/STM32CubeIDE_1.13.2/STM32CubeIDE/plugins/com.st.stm32cube.ide.mcu.externaltools.gnu-tools-for-stm32.11.3.rel1.win32_1.1.100.202309141235/tools/bin/../lib/gcc/arm-none-eabi/11.3.1/../../../../arm-none-eabi/lib/thumb/v7e-m+fp/hard/crt0.o (exit)
C:/ST/STM32CubeIDE_1.13.2/STM32CubeIDE/plugins/com.st.stm32cube.ide.mcu.externaltools.gnu-tools-for-stm32.11.3.rel1.win32_1.1.100.202309141235/tools/bin/../lib/gcc/arm-none-eabi/11.3.1/../../../../arm-none-eabi/lib/thumb/v7e-m+fp/hard\libc_nano.a(libc_a-findfp.o)
                              C:/ST/STM32CubeIDE_1.13.2/STM32CubeIDE/plugins/com.st.stm32cube.ide.mcu.externaltools.gnu-tools-for-stm32.11.3.rel1.win32_1.1.100.202309141235/tools/bin/../lib/gcc/arm-none-eabi/11.3.1/../../../../arm-none-eabi/lib/thumb/v7e-m+fp/hard\libc_nano.a(libc_a-exit.o) (__stdio_exit_handler)
C:/ST/STM32CubeIDE_1.13.2/STM32CubeIDE/plugins/com.st.stm32cube.ide.mcu.externaltools.gnu-tools-for-stm32.11.3.rel1.win32_1.1.100.202309141235/tools/bin/../lib/gcc/arm-none-eabi/11.3.1/../../../../arm-none-eabi/lib/thumb/v7e-m+fp/hard\libc_nano.a(libc_a-fwalk.o)
                              C:/ST/STM32CubeIDE_1.13.2/STM32CubeIDE/plugins/com.st.stm32cube.ide.mcu.externaltools.gnu-tools-for-stm32.11.3.rel1.win32_1.1.100.202309141235/tools/bin/../lib/gcc/arm-none-eabi/11.3.1/../../../../arm-none-eabi/lib/thumb/v7e-m+fp/hard\libc_nano.a(libc_a-findfp.o) (_fwalk_sglue)
C:/ST/STM32CubeIDE_1.13.2/STM32CubeIDE/plugins/com.st.stm32cube.ide.mcu.externaltools.gnu-tools-for-stm32.11.3.rel1.win32_1.1.100.202309141235/tools/bin/../lib/gcc/arm-none-eabi/11.3.1/../../../../arm-none-eabi/lib/thumb/v7e-m+fp/hard\libc_nano.a(libc_a-stdio.o)
                              C:/ST/STM32CubeIDE_1.13.2/STM32CubeIDE/plugins/com.st.stm32cube.ide.mcu.externaltools.gnu-tools-for-stm32.11.3.rel1.win32_1.1.100.202309141235/tools/bin/../lib/gcc/arm-none-eabi/11.3.1/../../../../arm-none-eabi/lib/thumb/v7e-m+fp/hard\libc_nano.a(libc_a-findfp.o) (__sread)
C:/ST/STM32CubeIDE_1.13.2/STM32CubeIDE/plugins/com.st.stm32cube.ide.mcu.externaltools.gnu-tools-for-stm32.11.3.rel1.win32_1.1.100.202309141235/tools/bin/../lib/gcc/arm-none-eabi/11.3.1/../../../../arm-none-eabi/lib/thumb/v7e-m+fp/hard\libc_nano.a(libc_a-memset.o)
                              C:/ST/STM32CubeIDE_1.13.2/STM32CubeIDE/plugins/com.st.stm32cube.ide.mcu.externaltools.gnu-tools-for-stm32.11.3.rel1.win32_1.1.100.202309141235/tools/bin/../lib/gcc/arm-none-eabi/11.3.1/../../../../arm-none-eabi/lib/thumb/v7e-m+fp/hard/crt0.o (memset)
C:/ST/STM32CubeIDE_1.13.2/STM32CubeIDE/plugins/com.st.stm32cube.ide.mcu.externaltools.gnu-tools-for-stm32.11.3.rel1.win32_1.1.100.202309141235/tools/bin/../lib/gcc/arm-none-eabi/11.3.1/../../../../arm-none-eabi/lib/thumb/v7e-m+fp/hard\libc_nano.a(libc_a-closer.o)
                              C:/ST/STM32CubeIDE_1.13.2/STM32CubeIDE/plugins/com.st.stm32cube.ide.mcu.externaltools.gnu-tools-for-stm32.11.3.rel1.win32_1.1.100.202309141235/tools/bin/../lib/gcc/arm-none-eabi/11.3.1/../../../../arm-none-eabi/lib/thumb/v7e-m+fp/hard\libc_nano.a(libc_a-stdio.o) (_close_r)
C:/ST/STM32CubeIDE_1.13.2/STM32CubeIDE/plugins/com.st.stm32cube.ide.mcu.externaltools.gnu-tools-for-stm32.11.3.rel1.win32_1.1.100.202309141235/tools/bin/../lib/gcc/arm-none-eabi/11.3.1/../../../../arm-none-eabi/lib/thumb/v7e-m+fp/hard\libc_nano.a(libc_a-reent.o)
                              C:/ST/STM32CubeIDE_1.13.2/STM32CubeIDE/plugins/com.st.stm32cube.ide.mcu.externaltools.gnu-tools-for-stm32.11.3.rel1.win32_1.1.100.202309141235/tools/bin/../lib/gcc/arm-none-eabi/11.3.1/../../../../arm-none-eabi/lib/thumb/v7e-m+fp/hard\libc_nano.a(libc_a-closer.o) (errno)
C:/ST/STM32CubeIDE_1.13.2/STM32CubeIDE/plugins/com.st.stm32cube.ide.mcu.externaltools.gnu-tools-for-stm32.11.3.rel1.win32_1.1.100.202309141235/tools/bin/../lib/gcc/arm-none-eabi/11.3.1/../../../../arm-none-eabi/lib/thumb/v7e-m+fp/hard\libc_nano.a(libc_a-impure.o)
                              C:/ST/STM32CubeIDE_1.13.2/STM32CubeIDE/plugins/com.st.stm32cube.ide.mcu.externaltools.gnu-tools-for-stm32.11.3.rel1.win32_1.1.100.202309141235/tools/bin/../lib/gcc/arm-none-eabi/11.3.1/../../../../arm-none-eabi/lib/thumb/v7e-m+fp/hard\libc_nano.a(libc_a-reent.o) (_impure_ptr)
C:/ST/STM32CubeIDE_1.13.2/STM32CubeIDE/plugins/com.st.stm32cube.ide.mcu.externaltools.gnu-tools-for-stm32.11.3.rel1.win32_1.1.100.202309141235/tools/bin/../lib/gcc/arm-none-eabi/11.3.1/../../../../arm-none-eabi/lib/thumb/v7e-m+fp/hard\libc_nano.a(libc_a-lseekr.o)
[...]
Memory Configuration

Name             Origin             Length             Attributes
CCMRAM           0x0000000010000000 0x0000000000010000 xrw
RAM              0x0000000020000000 0x0000000000020000 xrw
FLASH            0x0000000008000000 0x0000000000100000 xr
*default*        0x0000000000000000 0xffffffffffffffff

Linker script and memory map

LOAD C:/ST/STM32CubeIDE_1.13.2/STM32CubeIDE/plugins/com.st.stm32cube.ide.mcu.externaltools.gnu-tools-for-stm32.11.3.rel1.win32_1.1.100.202309141235/tools/bin/../lib/gcc/arm-none-eabi/11.3.1/thumb/v7e-m+fp/hard/crti.o
LOAD C:/ST/STM32CubeIDE_1.13.2/STM32CubeIDE/plugins/com.st.stm32cube.ide.mcu.externaltools.gnu-tools-for-stm32.11.3.rel1.win32_1.1.100.202309141235/tools/bin/../lib/gcc/arm-none-eabi/11.3.1/thumb/v7e-m+fp/hard/crtbegin.o
LOAD C:/ST/STM32CubeIDE_1.13.2/STM32CubeIDE/plugins/com.st.stm32cube.ide.mcu.externaltools.gnu-tools-for-stm32.11.3.rel1.win32_1.1.100.202309141235/tools/bin/../lib/gcc/arm-none-eabi/11.3.1/../../../../arm-none-eabi/lib/thumb/v7e-m+fp/hard/crt0.o
LOAD ./Core/Src/button.o
LOAD ./Core/Src/fsmc.o
LOAD ./Core/Src/gpio.o
LOAD ./Core/Src/lcd.o
LOAD ./Core/Src/led_7seg.o
LOAD ./Core/Src/main.o
LOAD ./Core/Src/picture.o
LOAD ./Core/Src/software_timer.o
LOAD ./Core/Src/spi.o
LOAD ./Core/Src/stm32f4xx_hal_msp.o
LOAD ./Core/Src/stm32f4xx_it.o
LOAD ./Core/Src/syscalls.o
LOAD ./Core/Src/sysmem.o
LOAD ./Core/Src/system_stm32f4xx.o
LOAD ./Core/Src/tim.o
LOAD ./Core/Src/traffic.o
LOAD ./Core/Startup/startup_stm32f407zgtx.o
LOAD ./Drivers/STM32F4xx_HAL_Driver/Src/stm32f4xx_hal.o
LOAD ./Drivers/STM32F4xx_HAL_Driver/Src/stm32f4xx_hal_cortex.o
LOAD ./Drivers/STM32F4xx_HAL_Driver/Src/stm32f4xx_hal_dma.o
LOAD ./Drivers/STM32F4xx_HAL_Driver/Src/stm32f4xx_hal_dma_ex.o
LOAD ./Drivers/STM32F4xx_HAL_Driver/Src/stm32f4xx_hal_exti.o
LOAD ./Drivers/STM32F4xx_HAL_Driver/Src/stm32f4xx_hal_flash.o
LOAD ./Drivers/STM32F4xx_HAL_Driver/Src/stm32f4xx_hal_flash_ex.o
LOAD ./Drivers/STM32F4xx_HAL_Driver/Src/stm32f4xx_hal_flash_ramfunc.o
LOAD ./Drivers/STM32F4xx_HAL_Driver/Src/stm32f4xx_hal_gpio.o
LOAD ./Drivers/STM32F4xx_HAL_Driver/Src/stm32f4xx_hal_pwr.o
LOAD ./Drivers/STM32F4xx_HAL_Driver/Src/stm32f4xx_hal_pwr_ex.o
LOAD ./Drivers/STM32F4xx_HAL_Driver/Src/stm32f4xx_hal_rcc.o
LOAD ./Drivers/STM32F4xx_HAL_Driver/Src/stm32f4xx_hal_rcc_ex.o
LOAD ./Drivers/STM32F4xx_HAL_Driver/Src/stm32f4xx_hal_spi.o
LOAD ./Drivers/STM32F4xx_HAL_Driver/Src/stm32f4xx_hal_sram.o
LOAD ./Drivers/STM32F4xx_HAL_Driver/Src/stm32f4xx_hal_tim.o
LOAD ./Drivers/STM32F4xx_HAL_Driver/Src/stm32f4xx_hal_tim_ex.o
LOAD ./Drivers/STM32F4xx_HAL_Driver/Src/stm32f4xx_ll_fsmc.o
START GROUP
LOAD C:/ST/STM32CubeIDE_1.13.2/STM32CubeIDE/plugins/com.st.stm32cube.ide.mcu.externaltools.gnu-tools-for-stm32.11.3.rel1.win32_1.1.100.202309141235/tools/bin/../lib/gcc/arm-none-eabi/11.3.1/../../../../arm-none-eabi/lib/thumb/v7e-m+fp/hard\libc_nano.a
LOAD C:/ST/STM32CubeIDE_1.13.2/STM32CubeIDE/plugins/com.st.stm32cube.ide.mcu.externaltools.gnu-tools-for-stm32.11.3.rel1.win32_1.1.100.202309141235/tools/bin/../lib/gcc/arm-none-eabi/11.3.1/../../../../arm-none-eabi/lib/thumb/v7e-m+fp/hard\libm.a
END GROUP
START GROUP
LOAD C:/ST/STM32CubeIDE_1.13.2/STM32CubeIDE/plugins/com.st.stm32cube.ide.mcu.externaltools.gnu-tools-for-stm32.11.3.rel1.win32_1.1.100.202309141235/tools/bin/../lib/gcc/arm-none-eabi/11.3.1/thumb/v7e-m+fp/hard\libgcc.a
LOAD C:/ST/STM32CubeIDE_1.13.2/STM32CubeIDE/plugins/com.st.stm32cube.ide.mcu.externaltools.gnu-tools-for-stm32.11.3.rel1.win32_1.1.100.202309141235/tools/bin/../lib/gcc/arm-none-eabi/11.3.1/../../../../arm-none-eabi/lib/thumb/v7e-m+fp/hard\libc_nano.a
END GROUP
START GROUP
LOAD C:/ST/STM32CubeIDE_1.13.2/STM32CubeIDE/plugins/com.st.stm32cube.ide.mcu.externaltools.gnu-tools-for-stm32.11.3.rel1.win32_1.1.100.202309141235/tools/bin/../lib/gcc/arm-none-eabi/11.3.1/thumb/v7e-m+fp/hard\libgcc.a
LOAD C:/ST/STM32CubeIDE_1.13.2/STM32CubeIDE/plugins/com.st.stm32cube.ide.mcu.externaltools.gnu-tools-for-stm32.11.3.rel1.win32_1.1.100.202309141235/tools/bin/../lib/gcc/arm-none-eabi/11.3.1/../../../../arm-none-eabi/lib/thumb/v7e-m+fp/hard\libc_nano.a
LOAD C:/ST/STM32CubeIDE_1.13.2/STM32CubeIDE/plugins/com.st.stm32cube.ide.mcu.externaltools.gnu-tools-for-stm32.11.3.rel1.win32_1.1.100.202309141235/tools/bin/../lib/gcc/arm-none-eabi/11.3.1/../../../../arm-none-eabi/lib/thumb/v7e-m+fp/hard\libnosys.a
END GROUP
START GROUP
LOAD C:/ST/STM32CubeIDE_1.13.2/STM32CubeIDE/plugins/com.st.stm32cube.ide.mcu.externaltools.gnu-tools-for-stm32.11.3.rel1.win32_1.1.100.202309141235/tools/bin/../lib/gcc/arm-none-eabi/11.3.1/thumb/v7e-m+fp/hard\libgcc.a
LOAD C:/ST/STM32CubeIDE_1.13.2/STM32CubeIDE/plugins/com.st.stm32cube.ide.mcu.externaltools.gnu-tools-for-stm32.11.3.rel1.win32_1.1.100.202309141235/tools/bin/../lib/gcc/arm-none-eabi/11.3.1/../../../../arm-none-eabi/lib/thumb/v7e-m+fp/hard\libc_nano.a
LOAD C:/ST/STM32CubeIDE_1.13.2/STM32CubeIDE/plugins/com.st.stm32cube.ide.mcu.externaltools.gnu-tools-for-stm32.11.3.rel1.win32_1.1.100.202309141235/tools/bin/../lib/gcc/arm-none-eabi/11.3.1/../../../../arm-none-eabi/lib/thumb/v7e-m+fp/hard\libnosys.a
END GROUP
LOAD C:/ST/STM32CubeIDE_1.13.2/STM32CubeIDE/plugins/com.st.stm32cube.ide.mcu.externaltools.gnu-tools-for-stm32.11.3.rel1.win32_1.1.100.202309141235/tools/bin/../lib/gcc/arm-none-eabi/11.3.1/thumb/v7e-m+fp/hard/crtend.o
LOAD C:/ST/STM32CubeIDE_1.13.2/STM32CubeIDE/plugins/com.st.stm32cube.ide.mcu.externaltools.gnu-tools-for-stm32.11.3.rel1.win32_1.1.100.202309141235/tools/bin/../lib/gcc/arm-none-eabi/11.3.1/thumb/v7e-m+fp/hard/crtn.o
                0x0000000020020000                _estack = (ORIGIN (RAM) + LENGTH (RAM))
                0x0000000000000200                _Min_Heap_Size = 0x200
                0x0000000000000400                _Min_Stack_Size = 0x400

.isr_vector     0x0000000008000000      0x188
                0x0000000008000000                . = ALIGN (0x4)
 *(.isr_vector)
 .isr_vector    0x0000000008000000      0x188 ./Core/Startup/startup_stm32f407zgtx.o
                0x0000000008000000                g_pfnVectors
                0x0000000008000188                . = ALIGN (0x4)

.text           0x0000000008000188     0x22fc
                0x0000000008000188                . = ALIGN (0x4)
 *(.text)
 .text          0x0000000008000188       0x40 C:/ST/STM32CubeIDE_1.13.2/STM32CubeIDE/plugins/com.st.stm32cube.ide.mcu.externaltools.gnu-tools-for-stm32.11.3.rel1.win32_1.1.100.202309141235/tools/bin/../lib/gcc/arm-none-eabi/11.3.1/thumb/v7e-m+fp/hard/crtbegin.o
 .text          0x00000000080001c8       0x30 C:/ST/STM32CubeIDE_1.13.2/STM32CubeIDE/plugins/com.st.stm32cube.ide.mcu.externaltools.gnu-tools-for-stm32.11.3.rel1.win32_1.1.100.202309141235/tools/bin/../lib/gcc/arm-none-eabi/11.3.1/thumb/v7e-m+fp/hard\libgcc.a(_aeabi_uldivmod.o)
                0x00000000080001c8                __aeabi_uldivmod
 .text          0x00000000080001f8      0x2c8 C:/ST/STM32CubeIDE_1.13.2/STM32CubeIDE/plugins/com.st.stm32cube.ide.mcu.externaltools.gnu-tools-for-stm32.11.3.rel1.win32_1.1.100.202309141235/tools/bin/../lib/gcc/arm-none-eabi/11.3.1/thumb/v7e-m+fp/hard\libgcc.a(_udivmoddi4.o)
                0x00000000080001f8                __udivmoddi4
 .text          0x00000000080004c0        0x4 C:/ST/STM32CubeIDE_1.13.2/STM32CubeIDE/plugins/com.st.stm32cube.ide.mcu.externaltools.gnu-tools-for-stm32.11.3.rel1.win32_1.1.100.202309141235/tools/bin/../lib/gcc/arm-none-eabi/11.3.1/thumb/v7e-m+fp/hard\libgcc.a(_dvmd_tls.o)
                0x00000000080004c0                __aeabi_idiv0
                0x00000000080004c0                __aeabi_ldiv0
 *(.text*)
 .text.button_init
                0x00000000080004c4       0x10 ./Core/Src/button.o
                0x00000000080004c4                button_init
 .text.HAL_SRAM_MspInit
                0x00000000080004d4       0x6c ./Core/Src/fsmc.o
                0x00000000080004d4                HAL_SRAM_MspInit
 .text.LCD_RD_DATA
                0x0000000008000540       0x1c ./Core/Src/lcd.o
 .text.lcd_AddressSet
                0x000000000800055c       0x4c ./Core/Src/lcd.o
                0x000000000800055c                lcd_AddressSet
 .text.lcd_Clear
                0x00000000080005a8       0x44 ./Core/Src/lcd.o
                0x00000000080005a8                lcd_Clear
 .text.lcd_DrawPoint
                0x00000000080005ec       0x18 ./Core/Src/lcd.o
                0x00000000080005ec                lcd_DrawPoint
 .text._draw_circle_8
                0x0000000008000604       0x9c ./Core/Src/lcd.o
 .text.lcd_ShowChar
                0x00000000080006a0      0x114 ./Core/Src/lcd.o
                0x00000000080006a0                lcd_ShowChar
 .text.lcd_ShowIntNum
                0x00000000080007b4       0xb2 ./Core/Src/lcd.o
                0x00000000080007b4                lcd_ShowIntNum
 *fill*         0x0000000008000866        0x2 
 .text.lcd_init
                0x0000000008000868      0x264 ./Core/Src/lcd.o
                0x0000000008000868                lcd_init
 .text.lcd_DrawCircle
                0x0000000008000acc       0x8e ./Core/Src/lcd.o
                0x0000000008000acc                lcd_DrawCircle
 *fill*         0x0000000008000b5a        0x2 
 .text.led7_init
                0x0000000008000b5c       0x10 ./Core/Src/led_7seg.o
                0x0000000008000b5c                led7_init
 .text.led7_Scan
                0x0000000008000b6c       0x88 ./Core/Src/led_7seg.o
                0x0000000008000b6c                led7_Scan
 .text.SystemClock_Config
                0x0000000008000bf4       0x9c ./Core/Src/main.o
                0x0000000008000bf4                SystemClock_Config
 .text.system_init
                0x0000000008000c90       0x1e ./Core/Src/main.o
                0x0000000008000c90                system_init
 *fill*         0x0000000008000cae        0x2 
 .text.startup.main
                0x0000000008000cb0      0x2a0 ./Core/Src/main.o
                0x0000000008000cb0                main
 .text.timer_init
                0x0000000008000f50        0xc ./Core/Src/software_timer.o
                0x0000000008000f50                timer_init
 .text.setTimer3
                0x0000000008000f5c       0x1c ./Core/Src/software_timer.o
                0x0000000008000f5c                setTimer3
 .text.HAL_TIM_PeriodElapsedCallback
                0x0000000008000f78       0x5c ./Core/Src/software_timer.o
                0x0000000008000f78                HAL_TIM_PeriodElapsedCallback
 .text.HAL_SPI_MspInit
                0x0000000008000fd4       0x6c ./Core/Src/spi.o
                0x0000000008000fd4                HAL_SPI_MspInit
 .text.HAL_MspInit
                0x0000000008001040       0x38 ./Core/Src/stm32f4xx_hal_msp.o
                0x0000000008001040                HAL_MspInit
 .text.NMI_Handler
                0x0000000008001078        0x2 ./Core/Src/stm32f4xx_it.o
                0x0000000008001078                NMI_Handler
 .text.HardFault_Handler
                0x000000000800107a        0x2 ./Core/Src/stm32f4xx_it.o
                0x000000000800107a                HardFault_Handler
 .text.MemManage_Handler
                0x000000000800107c        0x2 ./Core/Src/stm32f4xx_it.o
                0x000000000800107c                MemManage_Handler
 .text.BusFault_Handler
                0x000000000800107e        0x2 ./Core/Src/stm32f4xx_it.o
                0x000000000800107e                BusFault_Handler
 .text.UsageFault_Handler
                0x0000000008001080        0x2 ./Core/Src/stm32f4xx_it.o
                0x0000000008001080                UsageFault_Handler
 .text.SVC_Handler
                0x0000000008001082        0x2 ./Core/Src/stm32f4xx_it.o
                0x0000000008001082                SVC_Handler
 .text.DebugMon_Handler
                0x0000000008001084        0x2 ./Core/Src/stm32f4xx_it.o
                0x0000000008001084                DebugMon_Handler
 .text.PendSV_Handler
                0x0000000008001086        0x2 ./Core/Src/stm32f4xx_it.o
                0x0000000008001086                PendSV_Handler
 .text.SysTick_Handler
                0x0000000008001088        0x4 ./Core/Src/stm32f4xx_it.o
                0x0000000008001088                SysTick_Handler
 .text.TIM2_IRQHandler
                0x000000000800108c        0xc ./Core/Src/stm32f4xx_it.o
                0x000000000800108c                TIM2_IRQHandler
 .text.SystemInit
                0x0000000008001098       0x14 ./Core/Src/system_stm32f4xx.o
                0x0000000008001098                SystemInit
 .text.HAL_TIM_Base_MspInit
                0x00000000080010ac       0x3e ./Core/Src/tim.o
                0x00000000080010ac                HAL_TIM_Base_MspInit
 .text.turnOnTrafficLight
                0x00000000080010ea       0x84 ./Core/Src/traffic.o
                0x00000000080010ea                turnOnTrafficLight
 .text.displayNumb
                0x000000000800116e       0x22 ./Core/Src/traffic.o
                0x000000000800116e                displayNumb
 .text.run_traffic
                0x0000000008001190       0xd8 ./Core/Src/traffic.o
                0x0000000008001190                run_traffic
 .text.Reset_Handler
                0x0000000008001268       0x50 ./Core/Startup/startup_stm32f407zgtx.o
                0x0000000008001268                Reset_Handler
 .text.Default_Handler
                0x00000000080012b8        0x2 ./Core/Startup/startup_stm32f407zgtx.o
                0x00000000080012b8                RTC_Alarm_IRQHandler
                0x00000000080012b8                HASH_RNG_IRQHandler
                0x00000000080012b8                EXTI2_IRQHandler
                0x00000000080012b8                TIM8_CC_IRQHandler
                0x00000000080012b8                TIM1_CC_IRQHandler
                0x00000000080012b8                DMA2_Stream5_IRQHandler
                0x00000000080012b8                DMA1_Stream5_IRQHandler
                0x00000000080012b8                PVD_IRQHandler
                0x00000000080012b8                SDIO_IRQHandler
                0x00000000080012b8                TAMP_STAMP_IRQHandler
                0x00000000080012b8                CAN2_RX1_IRQHandler
                0x00000000080012b8                EXTI3_IRQHandler
                0x00000000080012b8                TIM8_TRG_COM_TIM14_IRQHandler
                0x00000000080012b8                TIM1_UP_TIM10_IRQHandler
                0x00000000080012b8                TIM8_UP_TIM13_IRQHandler
                0x00000000080012b8                I2C3_ER_IRQHandler
                0x00000000080012b8                EXTI0_IRQHandler
                0x00000000080012b8                I2C2_EV_IRQHandler
                0x00000000080012b8                DMA1_Stream2_IRQHandler
                0x00000000080012b8                CAN1_RX0_IRQHandler
                0x00000000080012b8                FPU_IRQHandler
                0x00000000080012b8                OTG_HS_WKUP_IRQHandler
                0x00000000080012b8                CAN2_SCE_IRQHandler
                0x00000000080012b8                DMA2_Stream2_IRQHandler
                0x00000000080012b8                SPI1_IRQHandler
                0x00000000080012b8                TIM6_DAC_IRQHandler
                0x00000000080012b8                TIM1_BRK_TIM9_IRQHandler
                0x00000000080012b8                DCMI_IRQHandler
                0x00000000080012b8                CAN2_RX0_IRQHandler
                0x00000000080012b8                DMA2_Stream3_IRQHandler
                0x00000000080012b8                USART6_IRQHandler
                0x00000000080012b8                USART3_IRQHandler
                0x00000000080012b8                CAN1_RX1_IRQHandler
                0x00000000080012b8                UART5_IRQHandler
                0x00000000080012b8                DMA2_Stream0_IRQHandler
                0x00000000080012b8                TIM4_IRQHandler
                0x00000000080012b8                I2C1_EV_IRQHandler
                0x00000000080012b8                DMA1_Stream6_IRQHandler
                0x00000000080012b8                DMA1_Stream1_IRQHandler
                0x00000000080012b8                UART4_IRQHandler
                0x00000000080012b8                TIM3_IRQHandler
                0x00000000080012b8                RCC_IRQHandler
                0x00000000080012b8                TIM8_BRK_TIM12_IRQHandler
                0x00000000080012b8                Default_Handler
                0x00000000080012b8                EXTI15_10_IRQHandler
                0x00000000080012b8                ADC_IRQHandler
                0x00000000080012b8                DMA1_Stream7_IRQHandler
                0x00000000080012b8                TIM7_IRQHandler
                0x00000000080012b8                CAN2_TX_IRQHandler
                0x00000000080012b8                TIM5_IRQHandler
                0x00000000080012b8                DMA2_Stream7_IRQHandler
                0x00000000080012b8                I2C3_EV_IRQHandler
                0x00000000080012b8                EXTI9_5_IRQHandler
                0x00000000080012b8                RTC_WKUP_IRQHandler
                0x00000000080012b8                ETH_WKUP_IRQHandler
                0x00000000080012b8                SPI2_IRQHandler
                0x00000000080012b8                OTG_HS_EP1_IN_IRQHandler
                0x00000000080012b8                DMA1_Stream0_IRQHandler
                0x00000000080012b8                CAN1_TX_IRQHandler
                0x00000000080012b8                EXTI4_IRQHandler
                0x00000000080012b8                FSMC_IRQHandler
                0x00000000080012b8                ETH_IRQHandler
                0x00000000080012b8                OTG_HS_EP1_OUT_IRQHandler
                0x00000000080012b8                WWDG_IRQHandler
                0x00000000080012b8                OTG_FS_WKUP_IRQHandler
                0x00000000080012b8                TIM1_TRG_COM_TIM11_IRQHandler
                0x00000000080012b8                OTG_HS_IRQHandler
                0x00000000080012b8                EXTI1_IRQHandler
                0x00000000080012b8                USART2_IRQHandler
                0x00000000080012b8                I2C2_ER_IRQHandler
                0x00000000080012b8                DMA2_Stream1_IRQHandler
                0x00000000080012b8                CAN1_SCE_IRQHandler
                0x00000000080012b8                FLASH_IRQHandler
                0x00000000080012b8                DMA2_Stream4_IRQHandler
                0x00000000080012b8                USART1_IRQHandler
                0x00000000080012b8                OTG_FS_IRQHandler
                0x00000000080012b8                SPI3_IRQHandler
                0x00000000080012b8                DMA1_Stream4_IRQHandler
                0x00000000080012b8                I2C1_ER_IRQHandler
                0x00000000080012b8                DMA2_Stream6_IRQHandler
                0x00000000080012b8                DMA1_Stream3_IRQHandler
 *fill*         0x00000000080012ba        0x2 
 .text.HAL_InitTick
                0x00000000080012bc       0x48 ./Drivers/STM32F4xx_HAL_Driver/Src/stm32f4xx_hal.o
                0x00000000080012bc                HAL_InitTick
 .text.HAL_Init
                0x0000000008001304       0x34 ./Drivers/STM32F4xx_HAL_Driver/Src/stm32f4xx_hal.o
                0x0000000008001304                HAL_Init
 .text.HAL_IncTick
                0x0000000008001338       0x18 ./Drivers/STM32F4xx_HAL_Driver/Src/stm32f4xx_hal.o
                0x0000000008001338                HAL_IncTick
 .text.HAL_GetTick
                0x0000000008001350        0xc ./Drivers/STM32F4xx_HAL_Driver/Src/stm32f4xx_hal.o
                0x0000000008001350                HAL_GetTick
 .text.HAL_Delay
                0x000000000800135c       0x28 ./Drivers/STM32F4xx_HAL_Driver/Src/stm32f4xx_hal.o
                0x000000000800135c                HAL_Delay
 .text.HAL_NVIC_SetPriorityGrouping
                0x0000000008001384       0x24 ./Drivers/STM32F4xx_HAL_Driver/Src/stm32f4xx_hal_cortex.o
                0x0000000008001384                HAL_NVIC_SetPriorityGrouping
 .text.HAL_NVIC_SetPriority
                0x00000000080013a8       0x64 ./Drivers/STM32F4xx_HAL_Driver/Src/stm32f4xx_hal_cortex.o
                0x00000000080013a8                HAL_NVIC_SetPriority
 .text.HAL_NVIC_EnableIRQ
                0x000000000800140c       0x1c ./Drivers/STM32F4xx_HAL_Driver/Src/stm32f4xx_hal_cortex.o
                0x000000000800140c                HAL_NVIC_EnableIRQ
 .text.HAL_SYSTICK_Config
                0x0000000008001428       0x28 ./Drivers/STM32F4xx_HAL_Driver/Src/stm32f4xx_hal_cortex.o
                0x0000000008001428                HAL_SYSTICK_Config
 .text.HAL_GPIO_Init
                0x0000000008001450      0x1b4 ./Drivers/STM32F4xx_HAL_Driver/Src/stm32f4xx_hal_gpio.o
                0x0000000008001450                HAL_GPIO_Init
 .text.HAL_GPIO_WritePin
                0x0000000008001604        0xa ./Drivers/STM32F4xx_HAL_Driver/Src/stm32f4xx_hal_gpio.o
                0x0000000008001604                HAL_GPIO_WritePin
 *fill*         0x000000000800160e        0x2 
 .text.HAL_RCC_OscConfig
                0x0000000008001610      0x358 ./Drivers/STM32F4xx_HAL_Driver/Src/stm32f4xx_hal_rcc.o
                0x0000000008001610                HAL_RCC_OscConfig
 .text.HAL_RCC_GetSysClockFreq
                0x0000000008001968       0x5c ./Drivers/STM32F4xx_HAL_Driver/Src/stm32f4xx_hal_rcc.o
                0x0000000008001968                HAL_RCC_GetSysClockFreq
 .text.HAL_RCC_ClockConfig
                0x00000000080019c4      0x134 ./Drivers/STM32F4xx_HAL_Driver/Src/stm32f4xx_hal_rcc.o
                0x00000000080019c4                HAL_RCC_ClockConfig
 .text.SPI_WaitFlagStateUntilTimeout
                0x0000000008001af8       0xb8 ./Drivers/STM32F4xx_HAL_Driver/Src/stm32f4xx_hal_spi.o
 .text.SPI_EndRxTxTransaction
                0x0000000008001bb0       0x78 ./Drivers/STM32F4xx_HAL_Driver/Src/stm32f4xx_hal_spi.o
 .text.HAL_SPI_Init
                0x0000000008001c28       0xb8 ./Drivers/STM32F4xx_HAL_Driver/Src/stm32f4xx_hal_spi.o
                0x0000000008001c28                HAL_SPI_Init
 .text.HAL_SPI_Transmit
                0x0000000008001ce0      0x162 ./Drivers/STM32F4xx_HAL_Driver/Src/stm32f4xx_hal_spi.o
                0x0000000008001ce0                HAL_SPI_Transmit
 .text.HAL_SRAM_Init
                0x0000000008001e42       0x5a ./Drivers/STM32F4xx_HAL_Driver/Src/stm32f4xx_hal_sram.o
                0x0000000008001e42                HAL_SRAM_Init
 .text.HAL_TIM_Base_Start_IT
                0x0000000008001e9c       0x74 ./Drivers/STM32F4xx_HAL_Driver/Src/stm32f4xx_hal_tim.o
                0x0000000008001e9c                HAL_TIM_Base_Start_IT
 .text.HAL_TIM_OC_DelayElapsedCallback
                0x0000000008001f10        0x2 ./Drivers/STM32F4xx_HAL_Driver/Src/stm32f4xx_hal_tim.o
                0x0000000008001f10                HAL_TIM_OC_DelayElapsedCallback
 .text.HAL_TIM_IC_CaptureCallback
                0x0000000008001f12        0x2 ./Drivers/STM32F4xx_HAL_Driver/Src/stm32f4xx_hal_tim.o
                0x0000000008001f12                HAL_TIM_IC_CaptureCallback
 .text.HAL_TIM_PWM_PulseFinishedCallback
                0x0000000008001f14        0x2 ./Drivers/STM32F4xx_HAL_Driver/Src/stm32f4xx_hal_tim.o
                0x0000000008001f14                HAL_TIM_PWM_PulseFinishedCallback
 .text.HAL_TIM_TriggerCallback
                0x0000000008001f16        0x2 ./Drivers/STM32F4xx_HAL_Driver/Src/stm32f4xx_hal_tim.o
                0x0000000008001f16                HAL_TIM_TriggerCallback
 .text.HAL_TIM_IRQHandler
                0x0000000008001f18      0x128 ./Drivers/STM32F4xx_HAL_Driver/Src/stm32f4xx_hal_tim.o
                0x0000000008001f18                HAL_TIM_IRQHandler
 .text.TIM_Base_SetConfig
                0x0000000008002040       0xd8 ./Drivers/STM32F4xx_HAL_Driver/Src/stm32f4xx_hal_tim.o
                0x0000000008002040                TIM_Base_SetConfig
 .text.HAL_TIM_Base_Init
                0x0000000008002118       0x58 ./Drivers/STM32F4xx_HAL_Driver/Src/stm32f4xx_hal_tim.o
                0x0000000008002118                HAL_TIM_Base_Init
 .text.TIM_ETR_SetConfig
                0x0000000008002170       0x14 ./Drivers/STM32F4xx_HAL_Driver/Src/stm32f4xx_hal_tim.o
                0x0000000008002170                TIM_ETR_SetConfig
 .text.HAL_TIM_ConfigClockSource
                0x0000000008002184      0x132 ./Drivers/STM32F4xx_HAL_Driver/Src/stm32f4xx_hal_tim.o
                0x0000000008002184                HAL_TIM_ConfigClockSource
 *fill*         0x00000000080022b6        0x2 
 .text.HAL_TIMEx_MasterConfigSynchronization
                0x00000000080022b8       0x7c ./Drivers/STM32F4xx_HAL_Driver/Src/stm32f4xx_hal_tim_ex.o
                0x00000000080022b8                HAL_TIMEx_MasterConfigSynchronization
 .text.HAL_TIMEx_CommutCallback
                0x0000000008002334        0x2 ./Drivers/STM32F4xx_HAL_Driver/Src/stm32f4xx_hal_tim_ex.o
                0x0000000008002334                HAL_TIMEx_CommutCallback
 .text.HAL_TIMEx_BreakCallback
                0x0000000008002336        0x2 ./Drivers/STM32F4xx_HAL_Driver/Src/stm32f4xx_hal_tim_ex.o
                0x0000000008002336                HAL_TIMEx_BreakCallback
 .text.FSMC_NORSRAM_Init
                0x0000000008002338       0x64 ./Drivers/STM32F4xx_HAL_Driver/Src/stm32f4xx_ll_fsmc.o
                0x0000000008002338                FSMC_NORSRAM_Init
 .text.FSMC_NORSRAM_Timing_Init
                0x000000000800239c       0x3c ./Drivers/STM32F4xx_HAL_Driver/Src/stm32f4xx_ll_fsmc.o
                0x000000000800239c                FSMC_NORSRAM_Timing_Init
 .text.FSMC_NORSRAM_Extended_Timing_Init
                0x00000000080023d8       0x3c ./Drivers/STM32F4xx_HAL_Driver/Src/stm32f4xx_ll_fsmc.o
                0x00000000080023d8                FSMC_NORSRAM_Extended_Timing_Init
 .text.memset   0x0000000008002414       0x10 C:/ST/STM32CubeIDE_1.13.2/STM32CubeIDE/plugins/com.st.stm32cube.ide.mcu.externaltools.gnu-tools-for-stm32.11.3.rel1.win32_1.1.100.202309141235/tools/bin/../lib/gcc/arm-none-eabi/11.3.1/../../../../arm-none-eabi/lib/thumb/v7e-m+fp/hard\libc_nano.a(libc_a-memset.o)
                0x0000000008002414                memset
 .text.__libc_init_array
                0x0000000008002424       0x48 C:/ST/STM32CubeIDE_1.13.2/STM32CubeIDE/plugins/com.st.stm32cube.ide.mcu.externaltools.gnu-tools-for-stm32.11.3.rel1.win32_1.1.100.202309141235/tools/bin/../lib/gcc/arm-none-eabi/11.3.1/../../../../arm-none-eabi/lib/thumb/v7e-m+fp/hard\libc_nano.a(libc_a-init.o)
                0x0000000008002424                __libc_init_array
 *(.glue_7)
 .glue_7        0x000000000800246c        0x0 linker stubs
 *(.glue_7t)
 .glue_7t       0x000000000800246c        0x0 linker stubs
 *(.eh_frame)
 .eh_frame      0x000000000800246c        0x0 C:/ST/STM32CubeIDE_1.13.2/STM32CubeIDE/plugins/com.st.stm32cube.ide.mcu.externaltools.gnu-tools-for-stm32.11.3.rel1.win32_1.1.100.202309141235/tools/bin/../lib/gcc/arm-none-eabi/11.3.1/thumb/v7e-m+fp/hard/crtbegin.o
 *(.init)
 .init          0x000000000800246c        0x4 C:/ST/STM32CubeIDE_1.13.2/STM32CubeIDE/plugins/com.st.stm32cube.ide.mcu.externaltools.gnu-tools-for-stm32.11.3.rel1.win32_1.1.100.202309141235/tools/bin/../lib/gcc/arm-none-eabi/11.3.1/thumb/v7e-m+fp/hard/crti.o
                0x000000000800246c                _init
 .init          0x0000000008002470        0x8 C:/ST/STM32CubeIDE_1.13.2/STM32CubeIDE/plugins/com.st.stm32cube.ide.mcu.externaltools.gnu-tools-for-stm32.11.3.rel1.win32_1.1.100.202309141235/tools/bin/../lib/gcc/arm-none-eabi/11.3.1/thumb/v7e-m+fp/hard/crtn.o
 *(.fini)
 .fini          0x0000000008002478        0x4 C:/ST/STM32CubeIDE_1.13.2/STM32CubeIDE/plugins/com.st.stm32cube.ide.mcu.externaltools.gnu-tools-for-stm32.11.3.rel1.win32_1.1.100.202309141235/tools/bin/../lib/gcc/arm-none-eabi/11.3.1/thumb/v7e-m+fp/hard/crti.o
                0x0000000008002478                _fini
 .fini          0x000000000800247c        0x8 C:/ST/STM32CubeIDE_1.13.2/STM32CubeIDE/plugins/com.st.stm32cube.ide.mcu.externaltools.gnu-tools-for-stm32.11.3.rel1.win32_1.1.100.202309141235/tools/bin/../lib/gcc/arm-none-eabi/11.3.1/thumb/v7e-m+fp/hard/crtn.o
                0x0000000008002484                . = ALIGN (0x4)
                0x0000000008002484                _etext = .

.vfp11_veneer   0x0000000008002484        0x0
 .vfp11_veneer  0x0000000008002484        0x0 linker stubs

.v4_bx          0x0000000008002484        0x0
 .v4_bx         0x0000000008002484        0x0 linker stubs

.iplt           0x0000000008002484        0x0
 .iplt          0x0000000008002484        0x0 C:/ST/STM32CubeIDE_1.13.2/STM32CubeIDE/plugins/com.st.stm32cube.ide.mcu.externaltools.gnu-tools-for-stm32.11.3.rel1.win32_1.1.100.202309141235/tools/bin/../lib/gcc/arm-none-eabi/11.3.1/thumb/v7e-m+fp/hard/crtbegin.o

.rodata         0x0000000008002484     0x2f90
                0x0000000008002484                . = ALIGN (0x4)
 *(.rodata)
 *(.rodata*)
 .rodata.ascii_1608
                0x0000000008002484      0x5f0 ./Core/Src/lcd.o
                0x0000000008002484                ascii_1608
 .rodata.ascii_2412
                0x0000000008002a74     0x11d0 ./Core/Src/lcd.o
                0x0000000008002a74                ascii_2412
 .rodata.ascii_3216
                0x0000000008003c44     0x17c0 ./Core/Src/lcd.o
                0x0000000008003c44                ascii_3216
 .rodata.AHBPrescTable
                0x0000000008005404       0x10 ./Core/Src/system_stm32f4xx.o
                0x0000000008005404                AHBPrescTable
                0x0000000008005414                . = ALIGN (0x4)

.ARM.extab      0x0000000008005414        0x0
                0x0000000008005414                . = ALIGN (0x4)
 *(.ARM.extab* .gnu.linkonce.armextab.*)
                0x0000000008005414                . = ALIGN (0x4)

.ARM            0x0000000008005414        0x8
                0x0000000008005414                . = ALIGN (0x4)
                0x0000000008005414                __exidx_start = .
 *(.ARM.exidx*)
 .ARM.exidx     0x0000000008005414        0x8 C:/ST/STM32CubeIDE_1.13.2/STM32CubeIDE/plugins/com.st.stm32cube.ide.mcu.externaltools.gnu-tools-for-stm32.11.3.rel1.win32_1.1.100.202309141235/tools/bin/../lib/gcc/arm-none-eabi/11.3.1/thumb/v7e-m+fp/hard\libgcc.a(_udivmoddi4.o)
                0x000000000800541c                __exidx_end = .
                0x000000000800541c                . = ALIGN (0x4)

.rel.dyn        0x000000000800541c        0x0
 .rel.iplt      0x000000000800541c        0x0 C:/ST/STM32CubeIDE_1.13.2/STM32CubeIDE/plugins/com.st.stm32cube.ide.mcu.externaltools.gnu-tools-for-stm32.11.3.rel1.win32_1.1.100.202309141235/tools/bin/../lib/gcc/arm-none-eabi/11.3.1/thumb/v7e-m+fp/hard/crtbegin.o

.preinit_array  0x000000000800541c        0x0
                0x000000000800541c                . = ALIGN (0x4)
                0x000000000800541c                PROVIDE (__preinit_array_start = .)
 *(.preinit_array*)
                0x000000000800541c                PROVIDE (__preinit_array_end = .)
                0x000000000800541c                . = ALIGN (0x4)

.init_array     0x000000000800541c        0x4
                0x000000000800541c                . = ALIGN (0x4)
                0x000000000800541c                PROVIDE (__init_array_start = .)
 *(SORT_BY_NAME(.init_array.*))
 *(.init_array*)
 .init_array    0x000000000800541c        0x4 C:/ST/STM32CubeIDE_1.13.2/STM32CubeIDE/plugins/com.st.stm32cube.ide.mcu.externaltools.gnu-tools-for-stm32.11.3.rel1.win32_1.1.100.202309141235/tools/bin/../lib/gcc/arm-none-eabi/11.3.1/thumb/v7e-m+fp/hard/crtbegin.o
                0x0000000008005420                PROVIDE (__init_array_end = .)
                0x0000000008005420                . = ALIGN (0x4)

.fini_array     0x0000000008005420        0x4
                0x0000000008005420                . = ALIGN (0x4)
                [!provide]                        PROVIDE (__fini_array_start = .)
 *(SORT_BY_NAME(.fini_array.*))
 *(.fini_array*)
 .fini_array    0x0000000008005420        0x4 C:/ST/STM32CubeIDE_1.13.2/STM32CubeIDE/plugins/com.st.stm32cube.ide.mcu.externaltools.gnu-tools-for-stm32.11.3.rel1.win32_1.1.100.202309141235/tools/bin/../lib/gcc/arm-none-eabi/11.3.1/thumb/v7e-m+fp/hard/crtbegin.o
                [!provide]                        PROVIDE (__fini_array_end = .)
                0x0000000008005424                . = ALIGN (0x4)
                0x0000000008005424                _sidata = LOADADDR (.data)

.data           0x0000000020000000       0x1c load address 0x0000000008005424
                0x0000000020000000                . = ALIGN (0x4)
                0x0000000020000000                _sdata = .
 *(.data)
 *(.data*)
 .data.led7seg  0x0000000020000000        0x4 ./Core/Src/led_7seg.o
                0x0000000020000000                led7seg
 .data.spi_buffer
                0x0000000020000004        0x2 ./Core/Src/led_7seg.o
                0x0000000020000004                spi_buffer
 *fill*         0x0000000020000006        0x2 
 .data.SystemCoreClock
                0x0000000020000008        0x4 ./Core/Src/system_stm32f4xx.o
                0x0000000020000008                SystemCoreClock
 .data.counter  0x000000002000000c        0x2 ./Core/Src/traffic.o
                0x000000002000000c                counter
 .data.defaultCounter
                0x000000002000000e        0x2 ./Core/Src/traffic.o
                0x000000002000000e                defaultCounter
 .data.defaultLight
                0x0000000020000010        0x2 ./Core/Src/traffic.o
                0x0000000020000010                defaultLight
 .data.light    0x0000000020000012        0x2 ./Core/Src/traffic.o
                0x0000000020000012                light
 .data.uwTickFreq
                0x0000000020000014        0x1 ./Drivers/STM32F4xx_HAL_Driver/Src/stm32f4xx_hal.o
                0x0000000020000014                uwTickFreq
 *fill*         0x0000000020000015        0x3 
 .data.uwTickPrio
                0x0000000020000018        0x4 ./Drivers/STM32F4xx_HAL_Driver/Src/stm32f4xx_hal.o
                0x0000000020000018                uwTickPrio
 *(.RamFunc)
 *(.RamFunc*)
                0x000000002000001c                . = ALIGN (0x4)
                0x000000002000001c                _edata = .
                0x0000000008005440                _siccmram = LOADADDR (.ccmram)

.igot.plt       0x000000002000001c        0x0 load address 0x0000000008005440
 .igot.plt      0x000000002000001c        0x0 C:/ST/STM32CubeIDE_1.13.2/STM32CubeIDE/plugins/com.st.stm32cube.ide.mcu.externaltools.gnu-tools-for-stm32.11.3.rel1.win32_1.1.100.202309141235/tools/bin/../lib/gcc/arm-none-eabi/11.3.1/thumb/v7e-m+fp/hard/crtbegin.o

.ccmram         0x0000000010000000        0x0 load address 0x0000000008005440
                0x0000000010000000                . = ALIGN (0x4)
                0x0000000010000000                _sccmram = .
 *(.ccmram)
 *(.ccmram*)
                0x0000000010000000                . = ALIGN (0x4)
                0x0000000010000000                _eccmram = .
                0x0000000010000000                . = ALIGN (0x4)

.bss            0x000000002000001c      0x12c
                0x000000002000001c                _sbss = .
                0x000000002000001c                __bss_start__ = _sbss
 *(.bss)
 .bss           0x000000002000001c       0x1c C:/ST/STM32CubeIDE_1.13.2/STM32CubeIDE/plugins/com.st.stm32cube.ide.mcu.externaltools.gnu-tools-for-stm32.11.3.rel1.win32_1.1.100.202309141235/tools/bin/../lib/gcc/arm-none-eabi/11.3.1/thumb/v7e-m+fp/hard/crtbegin.o
 *(.bss*)
 .bss.FSMC_Initialized
                0x0000000020000038        0x4 ./Core/Src/fsmc.o
 .bss.lcddev    0x000000002000003c        0x6 ./Core/Src/lcd.o
                0x000000002000003c                lcddev
 .bss.led7_index
                0x0000000020000042        0x2 ./Core/Src/led_7seg.o
                0x0000000020000042                led7_index
 .bss.hspi1     0x0000000020000044       0x58 ./Core/Src/main.o
                0x0000000020000044                hspi1
 .bss.hsram1    0x000000002000009c       0x50 ./Core/Src/main.o
                0x000000002000009c                hsram1
 .bss.htim2     0x00000000200000ec       0x48 ./Core/Src/main.o
                0x00000000200000ec                htim2
 .bss.flag_timer2
                0x0000000020000134        0x2 ./Core/Src/software_timer.o
                0x0000000020000134                flag_timer2
 .bss.flag_timer3
                0x0000000020000136        0x2 ./Core/Src/software_timer.o
                0x0000000020000136                flag_timer3
 .bss.timer2_MUL
                0x0000000020000138        0x2 ./Core/Src/software_timer.o
                0x0000000020000138                timer2_MUL
 .bss.timer2_counter
                0x000000002000013a        0x2 ./Core/Src/software_timer.o
                0x000000002000013a                timer2_counter
 .bss.timer3_MUL
                0x000000002000013c        0x2 ./Core/Src/software_timer.o
                0x000000002000013c                timer3_MUL
 .bss.timer3_counter
                0x000000002000013e        0x2 ./Core/Src/software_timer.o
                0x000000002000013e                timer3_counter
 .bss.currentState
                0x0000000020000140        0x1 ./Core/Src/traffic.o
                0x0000000020000140                currentState
 .bss.nextState
                0x0000000020000141        0x1 ./Core/Src/traffic.o
                0x0000000020000141                nextState
 *fill*         0x0000000020000142        0x2 
 .bss.uwTick    0x0000000020000144        0x4 ./Drivers/STM32F4xx_HAL_Driver/Src/stm32f4xx_hal.o
                0x0000000020000144                uwTick
 *(COMMON)
                0x0000000020000148                . = ALIGN (0x4)
                0x0000000020000148                _ebss = .
                0x0000000020000148                __bss_end__ = _ebss

._user_heap_stack
                0x0000000020000148      0x600
                0x0000000020000148                . = ALIGN (0x8)
                [!provide]                        PROVIDE (end = .)
                0x0000000020000148                PROVIDE (_end = .)
                0x0000000020000348                . = (. + _Min_Heap_Size)
 *fill*         0x0000000020000148      0x200 
                0x0000000020000748                . = (. + _Min_Stack_Size)
 *fill*         0x0000000020000348      0x400 
                0x0000000020000748                . = ALIGN (0x8)

/DISCARD/
 libc.a(*)
 libm.a(*)
 libgcc.a(*)

.ARM.attributes
                0x0000000000000000       0x30
 *(.ARM.attributes)
 .ARM.attributes
                0x0000000000000000       0x1e C:/ST/STM32CubeIDE_1.13.2/STM32CubeIDE/plugins/com.st.stm32cube.ide.mcu.externaltools.gnu-tools-for-stm32.11.3.rel1.win32_1.1.100.202309141235/tools/bin/../lib/gcc/arm-none-eabi/11.3.1/thumb/v7e-m+fp/hard/crti.o
 .ARM.attributes
                0x000000000000001e       0x34 C:/ST/STM32CubeIDE_1.13.2/STM32CubeIDE/plugins/com.st.stm32cube.ide.mcu.externaltools.gnu-tools-for-stm32.11.3.rel1.win32_1.1.100.202309141235/tools/bin/../lib/gcc/arm-none-eabi/11.3.1/thumb/v7e-m+fp/hard/crtbegin.o
 .ARM.attributes
                0x0000000000000052       0x34 ./Core/Src/button.o
 .ARM.attributes
                0x0000000000000086       0x34 ./Core/Src/fsmc.o
 .ARM.attributes
                0x00000000000000ba       0x34 ./Core/Src/lcd.o
 .ARM.attributes
                0x00000000000000ee       0x34 ./Core/Src/led_7seg.o
 .ARM.attributes
                0x0000000000000122       0x34 ./Core/Src/main.o
 .ARM.attributes
                0x0000000000000156       0x34 ./Core/Src/software_timer.o
 .ARM.attributes
                0x000000000000018a       0x34 ./Core/Src/spi.o
 .ARM.attributes
                0x00000000000001be       0x34 ./Core/Src/stm32f4xx_hal_msp.o
 .ARM.attributes
                0x00000000000001f2       0x34 ./Core/Src/stm32f4xx_it.o
 .ARM.attributes
                0x0000000000000226       0x34 ./Core/Src/system_stm32f4xx.o
 .ARM.attributes
                0x000000000000025a       0x34 ./Core/Src/tim.o
 .ARM.attributes
                0x000000000000028e       0x34 ./Core/Src/traffic.o
 .ARM.attributes
                0x00000000000002c2       0x21 ./Core/Startup/startup_stm32f407zgtx.o
 .ARM.attributes
                0x00000000000002e3       0x34 ./Drivers/STM32F4xx_HAL_Driver/Src/stm32f4xx_hal.o
 .ARM.attributes
                0x0000000000000317       0x34 ./Drivers/STM32F4xx_HAL_Driver/Src/stm32f4xx_hal_cortex.o
 .ARM.attributes
                0x000000000000034b       0x34 ./Drivers/STM32F4xx_HAL_Driver/Src/stm32f4xx_hal_gpio.o
 .ARM.attributes
                0x000000000000037f       0x34 ./Drivers/STM32F4xx_HAL_Driver/Src/stm32f4xx_hal_rcc.o
 .ARM.attributes
                0x00000000000003b3       0x34 ./Drivers/STM32F4xx_HAL_Driver/Src/stm32f4xx_hal_spi.o
 .ARM.attributes
                0x00000000000003e7       0x34 ./Drivers/STM32F4xx_HAL_Driver/Src/stm32f4xx_hal_sram.o
 .ARM.attributes
                0x000000000000041b       0x34 ./Drivers/STM32F4xx_HAL_Driver/Src/stm32f4xx_hal_tim.o
 .ARM.attributes
                0x000000000000044f       0x34 ./Drivers/STM32F4xx_HAL_Driver/Src/stm32f4xx_hal_tim_ex.o
 .ARM.attributes
                0x0000000000000483       0x34 ./Drivers/STM32F4xx_HAL_Driver/Src/stm32f4xx_ll_fsmc.o
 .ARM.attributes
                0x00000000000004b7       0x34 C:/ST/STM32CubeIDE_1.13.2/STM32CubeIDE/plugins/com.st.stm32cube.ide.mcu.externaltools.gnu-tools-for-stm32.11.3.rel1.win32_1.1.100.202309141235/tools/bin/../lib/gcc/arm-none-eabi/11.3.1/../../../../arm-none-eabi/lib/thumb/v7e-m+fp/hard\libc_nano.a(libc_a-memset.o)
 .ARM.attributes
                0x00000000000004eb       0x34 C:/ST/STM32CubeIDE_1.13.2/STM32CubeIDE/plugins/com.st.stm32cube.ide.mcu.externaltools.gnu-tools-for-stm32.11.3.rel1.win32_1.1.100.202309141235/tools/bin/../lib/gcc/arm-none-eabi/11.3.1/../../../../arm-none-eabi/lib/thumb/v7e-m+fp/hard\libc_nano.a(libc_a-init.o)
 .ARM.attributes
                0x000000000000051f       0x1e C:/ST/STM32CubeIDE_1.13.2/STM32CubeIDE/plugins/com.st.stm32cube.ide.mcu.externaltools.gnu-tools-for-stm32.11.3.rel1.win32_1.1.100.202309141235/tools/bin/../lib/gcc/arm-none-eabi/11.3.1/thumb/v7e-m+fp/hard\libgcc.a(_aeabi_uldivmod.o)
 .ARM.attributes
                0x000000000000053d       0x34 C:/ST/STM32CubeIDE_1.13.2/STM32CubeIDE/plugins/com.st.stm32cube.ide.mcu.externaltools.gnu-tools-for-stm32.11.3.rel1.win32_1.1.100.202309141235/tools/bin/../lib/gcc/arm-none-eabi/11.3.1/thumb/v7e-m+fp/hard\libgcc.a(_udivmoddi4.o)
 .ARM.attributes
                0x0000000000000571       0x1e C:/ST/STM32CubeIDE_1.13.2/STM32CubeIDE/plugins/com.st.stm32cube.ide.mcu.externaltools.gnu-tools-for-stm32.11.3.rel1.win32_1.1.100.202309141235/tools/bin/../lib/gcc/arm-none-eabi/11.3.1/thumb/v7e-m+fp/hard\libgcc.a(_dvmd_tls.o)
 .ARM.attributes
                0x000000000000058f       0x1e C:/ST/STM32CubeIDE_1.13.2/STM32CubeIDE/plugins/com.st.stm32cube.ide.mcu.externaltools.gnu-tools-for-stm32.11.3.rel1.win32_1.1.100.202309141235/tools/bin/../lib/gcc/arm-none-eabi/11.3.1/thumb/v7e-m+fp/hard/crtn.o
OUTPUT(arm.elf elf32-littlearm)
LOAD linker stubs
LOAD C:/ST/STM32CubeIDE_1.13.2/STM32CubeIDE/plugins/com.st.stm32cube.ide.mcu.externaltools.gnu-tools-for-stm32.11.3.rel1.win32_1.1.100.202309141235/tools/bin/../lib/gcc/arm-none-eabi/11.3.1/../../../../arm-none-eabi/lib/thumb/v7e-m+fp/hard\libc.a
LOAD C:/ST/STM32CubeIDE_1.13.2/STM32CubeIDE/plugins/com.st.stm32cube.ide.mcu.externaltools.gnu-tools-for-stm32.11.3.rel1.win32_1.1.100.202309141235/tools/bin/../lib/gcc/arm-none-eabi/11.3.1/../../../../arm-none-eabi/lib/thumb/v7e-m+fp/hard\libm.a
LOAD C:/ST/STM32CubeIDE_1.13.2/STM32CubeIDE/plugins/com.st.stm32cube.ide.mcu.externaltools.gnu-tools-for-stm32.11.3.rel1.win32_1.1.100.202309141235/tools/bin/../lib/gcc/arm-none-eabi/11.3.1/thumb/v7e-m+fp/hard\libgcc.a

.comment        0x0000000000000000       0x43
 .comment       0x0000000000000000       0x43 C:/ST/STM32CubeIDE_1.13.2/STM32CubeIDE/plugins/com.st.stm32cube.ide.mcu.externaltools.gnu-tools-for-stm32.11.3.rel1.win32_1.1.100.202309141235/tools/bin/../lib/gcc/arm-none-eabi/11.3.1/thumb/v7e-m+fp/hard/crtbegin.o
                                         0x44 (size before relaxing)
 .comment       0x0000000000000043       0x44 ./Core/Src/button.o
 .comment       0x0000000000000043       0x44 ./Core/Src/fsmc.o
 .comment       0x0000000000000043       0x44 ./Core/Src/lcd.o
 .comment       0x0000000000000043       0x44 ./Core/Src/led_7seg.o
 .comment       0x0000000000000043       0x44 ./Core/Src/main.o
 .comment       0x0000000000000043       0x44 ./Core/Src/software_timer.o
 .comment       0x0000000000000043       0x44 ./Core/Src/spi.o
 .comment       0x0000000000000043       0x44 ./Core/Src/stm32f4xx_hal_msp.o
 .comment       0x0000000000000043       0x44 ./Core/Src/stm32f4xx_it.o
 .comment       0x0000000000000043       0x44 ./Core/Src/system_stm32f4xx.o
 .comment       0x0000000000000043       0x44 ./Core/Src/tim.o
 .comment       0x0000000000000043       0x44 ./Core/Src/traffic.o
 .comment       0x0000000000000043       0x44 ./Drivers/STM32F4xx_HAL_Driver/Src/stm32f4xx_hal.o
 .comment       0x0000000000000043       0x44 ./Drivers/STM32F4xx_HAL_Driver/Src/stm32f4xx_hal_cortex.o
 .comment       0x0000000000000043       0x44 ./Drivers/STM32F4xx_HAL_Driver/Src/stm32f4xx_hal_gpio.o
 .comment       0x0000000000000043       0x44 ./Drivers/STM32F4xx_HAL_Driver/Src/stm32f4xx_hal_rcc.o
 .comment       0x0000000000000043       0x44 ./Drivers/STM32F4xx_HAL_Driver/Src/stm32f4xx_hal_spi.o
 .comment       0x0000000000000043       0x44 ./Drivers/STM32F4xx_HAL_Driver/Src/stm32f4xx_hal_sram.o
 .comment       0x0000000000000043       0x44 ./Drivers/STM32F4xx_HAL_Driver/Src/stm32f4xx_hal_tim.o
 .comment       0x0000000000000043       0x44 ./Drivers/STM32F4xx_HAL_Driver/Src/stm32f4xx_hal_tim_ex.o
 .comment       0x0000000000000043       0x44 ./Drivers/STM32F4xx_HAL_Driver/Src/stm32f4xx_ll_fsmc.o

.debug_frame    0x0000000000000000       0xac
 .debug_frame   0x0000000000000000       0x20 C:/ST/STM32CubeIDE_1.13.2/STM32CubeIDE/plugins/com.st.stm32cube.ide.mcu.externaltools.gnu-tools-for-stm32.11.3.rel1.win32_1.1.100.202309141235/tools/bin/../lib/gcc/arm-none-eabi/11.3.1/../../../../arm-none-eabi/lib/thumb/v7e-m+fp/hard\libc_nano.a(libc_a-memset.o)
 .debug_frame   0x0000000000000020       0x2c C:/ST/STM32CubeIDE_1.13.2/STM32CubeIDE/plugins/com.st.stm32cube.ide.mcu.externaltools.gnu-tools-for-stm32.11.3.rel1.win32_1.1.100.202309141235/tools/bin/../lib/gcc/arm-none-eabi/11.3.1/../../../../arm-none-eabi/lib/thumb/v7e-m+fp/hard\libc_nano.a(libc_a-init.o)
 .debug_frame   0x000000000000004c       0x2c C:/ST/STM32CubeIDE_1.13.2/STM32CubeIDE/plugins/com.st.stm32cube.ide.mcu.externaltools.gnu-tools-for-stm32.11.3.rel1.win32_1.1.100.202309141235/tools/bin/../lib/gcc/arm-none-eabi/11.3.1/thumb/v7e-m+fp/hard\libgcc.a(_aeabi_uldivmod.o)
 .debug_frame   0x0000000000000078       0x34 C:/ST/STM32CubeIDE_1.13.2/STM32CubeIDE/plugins/com.st.stm32cube.ide.mcu.externaltools.gnu-tools-for-stm32.11.3.rel1.win32_1.1.100.202309141235/tools/bin/../lib/gcc/arm-none-eabi/11.3.1/thumb/v7e-m+fp/hard\libgcc.a(_udivmoddi4.o)
